******************************************************************************
                  TI ARM Linker PC v5.2.5                      
******************************************************************************
>> Linked Mon Dec 19 13:56:47 2016

OUTPUT FILE NAME:   <SimpleBLEPeripheral1.out>
ENTRY POINT SYMBOL: "ResetISR"  address: 00005961


MEMORY CONFIGURATION

         name            origin    length      used     unused   attr    fill
----------------------  --------  ---------  --------  --------  ----  --------
  FLASH                 00000000   0000dfff  000086b6  00005949  R  X
  FLASH_LAST_PAGE       0001f000   00001000  00000058  00000fa8  R  X
  SRAM                  20000000   000043eb  00003093  00001358  RW X


SEGMENT ALLOCATION MAP

run origin  load origin   length   init length attrs members
----------  ----------- ---------- ----------- ----- -------
00000000    00000000    000086c0   000086c0    r-x
  00000000    00000000    0000003c   0000003c    r-- .resetVecs
  0000003c    0000003c    000000c4   000000c4    r-x .text.1
  00000100    00000100    0000003c   0000003c    r-- .const:ti_sysbios_knl_Task_Object__PARAMS__C
  0000013c    0000013c    00000034   00000034    r-- .const:ti_sysbios_knl_Mailbox_Object__PARAMS__C
  00000170    00000170    00000030   00000030    r-- .const:ti_sysbios_family_arm_m3_Hwi_Object__PARAMS__C
  000001a0    000001a0    0000002c   0000002c    r-- .const:ti_sysbios_hal_Hwi_Object__PARAMS__C
  000001cc    000001cc    00000028   00000028    r-- .const:ti_sysbios_heaps_HeapMem_Module__FXNS__C
  000001f4    000001f4    00000028   00000028    r-- .const:ti_sysbios_knl_Swi_Object__PARAMS__C
  0000021c    0000021c    00000024   00000024    r-- .const:ti_sysbios_gates_GateHwi_Module__FXNS__C
  00000240    00000240    00000024   00000024    r-- .const:ti_sysbios_gates_GateMutex_Module__FXNS__C
  00000264    00000264    00000024   00000024    r-- .const:ti_sysbios_heaps_HeapMem_Object__PARAMS__C
  00000288    00000288    00000024   00000024    r-- .const:ti_sysbios_knl_Clock_Object__PARAMS__C
  000002ac    000002ac    00000024   00000024    r-- .const:ti_sysbios_knl_Semaphore_Object__PARAMS__C
  000002d0    000002d0    00000020   00000020    r-- .const:ti_sysbios_family_arm_m3_Hwi_Object__DESC__C
  000002f0    000002f0    00000020   00000020    r-- .const:ti_sysbios_gates_GateHwi_Object__DESC__C
  00000310    00000310    00000020   00000020    r-- .const:ti_sysbios_gates_GateMutex_Object__DESC__C
  00000330    00000330    00000020   00000020    r-- .const:ti_sysbios_hal_Hwi_Object__DESC__C
  00000350    00000350    00000020   00000020    r-- .const:ti_sysbios_heaps_HeapMem_Object__DESC__C
  00000370    00000370    00000020   00000020    r-- .const:ti_sysbios_knl_Clock_Object__DESC__C
  00000390    00000390    00000020   00000020    r-- .const:ti_sysbios_knl_Mailbox_Object__DESC__C
  000003b0    000003b0    00000020   00000020    r-- .const:ti_sysbios_knl_Queue_Object__DESC__C
  000003d0    000003d0    00000020   00000020    r-- .const:ti_sysbios_knl_Semaphore_Object__DESC__C
  000003f0    000003f0    00000020   00000020    r-- .const:ti_sysbios_knl_Swi_Object__DESC__C
  00000410    00000410    00000020   00000020    r-- .const:ti_sysbios_knl_Task_Object__DESC__C
  00000430    00000430    00000018   00000018    r-- .const:ti_sysbios_gates_GateHwi_Object__PARAMS__C
  00000448    00000448    00000018   00000018    r-- .const:ti_sysbios_gates_GateMutex_Object__PARAMS__C
  00000460    00000460    00000018   00000018    r-- .const:ti_sysbios_knl_Queue_Object__PARAMS__C
  00000478    00000478    00000008   00000008    r-- .const:ti_sysbios_knl_Idle_funcList__C
  00000480    00000480    00000004   00000004    r-x .text.2
  00000484    00000484    00000004   00000004    r-- .const:ti_sysbios_family_arm_cc26xx_Timer_startupNeeded__C
  00000488    00000488    00000004   00000004    r-- .const:ti_sysbios_family_arm_m3_Hwi_E_alreadyDefined__C
  0000048c    0000048c    00000004   00000004    r-- .const:ti_sysbios_family_arm_m3_Hwi_E_hwiLimitExceeded__C
  00000490    00000490    00000004   00000004    r-- .const:ti_sysbios_family_arm_m3_Hwi_NUM_INTERRUPTS__C
  00000494    00000494    00000004   00000004    r-- .const:ti_sysbios_family_arm_m3_Hwi_Object__count__C
  00000498    00000498    00000004   00000004    r-- .const:ti_sysbios_family_arm_m3_Hwi_Object__table__C
  0000049c    0000049c    00000004   00000004    r-- .const:ti_sysbios_family_arm_m3_Hwi_ccr__C
  000004a0    000004a0    00000004   00000004    r-- .const:ti_sysbios_family_arm_m3_Hwi_excHandlerFunc__C
  000004a4    000004a4    00000004   00000004    r-- .const:ti_sysbios_family_arm_m3_Hwi_nullIsrFunc__C
  000004a8    000004a8    00000004   00000004    r-- .const:ti_sysbios_family_arm_m3_Hwi_numSparseInterrupts__C
  000004ac    000004ac    00000004   00000004    r-- .const:ti_sysbios_family_arm_m3_Hwi_priGroup__C
  000004b0    000004b0    00000004   00000004    r-- .const:ti_sysbios_family_arm_m3_TaskSupport_stackAlignment__C
  000004b4    000004b4    00000004   00000004    r-- .const:ti_sysbios_heaps_HeapMem_E_memory__C
  000004b8    000004b8    00000004   00000004    r-- .const:ti_sysbios_heaps_HeapMem_Module__gateObj__C
  000004bc    000004bc    00000004   00000004    r-- .const:ti_sysbios_heaps_HeapMem_Object__count__C
  000004c0    000004c0    00000004   00000004    r-- .const:ti_sysbios_heaps_HeapMem_Object__table__C
  000004c4    000004c4    00000004   00000004    r-- .const:ti_sysbios_heaps_HeapMem_reqAlign__C
  000004c8    000004c8    00000004   00000004    r-- .const:ti_sysbios_knl_Clock_serviceMargin__C
  000004cc    000004cc    00000004   00000004    r-- .const:ti_sysbios_knl_Mailbox_Object__count__C
  000004d0    000004d0    00000004   00000004    r-- .const:ti_sysbios_knl_Mailbox_Object__table__C
  000004d4    000004d4    00000004   00000004    r-- .const:ti_sysbios_knl_Queue_Object__count__C
  000004d8    000004d8    00000004   00000004    r-- .const:ti_sysbios_knl_Queue_Object__table__C
  000004dc    000004dc    00000004   00000004    r-- .const:ti_sysbios_knl_Swi_Object__count__C
  000004e0    000004e0    00000004   00000004    r-- .const:ti_sysbios_knl_Swi_Object__table__C
  000004e4    000004e4    00000004   00000004    r-- .const:ti_sysbios_knl_Swi_numPriorities__C
  000004e8    000004e8    00000004   00000004    r-- .const:ti_sysbios_knl_Task_Object__count__C
  000004ec    000004ec    00000004   00000004    r-- .const:ti_sysbios_knl_Task_Object__table__C
  000004f0    000004f0    00000004   00000004    r-- .const:ti_sysbios_knl_Task_allBlockedFunc__C
  000004f4    000004f4    00000004   00000004    r-- .const:ti_sysbios_knl_Task_defaultStackHeap__C
  000004f8    000004f8    00000004   00000004    r-- .const:ti_sysbios_knl_Task_defaultStackSize__C
  000004fc    000004fc    00000004   00000004    r-- .const:ti_sysbios_knl_Task_numConstructedTasks__C
  00000500    00000500    00000002   00000002    r-x .text.3
  00000502    00000502    00000002   00000002    r-- .const:ti_sysbios_family_arm_cc26xx_Timer_Module__id__C
  00000504    00000504    00000002   00000002    r-- .const:ti_sysbios_family_arm_cc26xx_TimestampProvider_useClockTimer__C
  00000506    00000506    00000002   00000002    r-- .const:ti_sysbios_family_arm_m3_Hwi_Module__id__C
  00000508    00000508    00000002   00000002    r-- .const:ti_sysbios_gates_GateHwi_Module__id__C
  0000050a    0000050a    00000002   00000002    r-- .const:ti_sysbios_gates_GateMutex_Module__id__C
  0000050c    0000050c    00000002   00000002    r-- .const:ti_sysbios_heaps_HeapMem_Module__id__C
  0000050e    0000050e    00000002   00000002    r-- .const:ti_sysbios_knl_Task_initStackFlag__C
  00000510    00000510    00000001   00000001    r-- .const:ti_sysbios_knl_Clock_tickMode__C
  00000514    00000514    00000008   00000008    r-- .const:xdc_runtime_Startup_firstFxns__C
  0000051c    0000051c    00000008   00000008    r-- .const:xdc_runtime_Startup_lastFxns__C
  00000524    00000524    00000004   00000004    r-- .const:xdc_runtime_Assert_E_assertFailed__C
  00000528    00000528    00000004   00000004    r-- .const:xdc_runtime_Error_E_memory__C
  0000052c    0000052c    00000004   00000004    r-- .const:xdc_runtime_Error_policyFxn__C
  00000530    00000530    00000004   00000004    r-- .const:xdc_runtime_IGateProvider_Interface__BASE__C
  00000534    00000534    00000004   00000004    r-- .const:xdc_runtime_IHeap_Interface__BASE__C
  00000538    00000538    00000004   00000004    r-- .const:xdc_runtime_IModule_Interface__BASE__C
  0000053c    0000053c    00000004   00000004    r-- .const:xdc_runtime_Main_Module__diagsEnabled__C
  00000540    00000540    00000004   00000004    r-- .const:xdc_runtime_Main_Module__diagsIncluded__C
  00000544    00000544    00000004   00000004    r-- .const:xdc_runtime_Main_Module__diagsMask__C
  00000548    00000548    00000004   00000004    r-- .const:xdc_runtime_Memory_defaultHeapInstance__C
  0000054c    0000054c    00000004   00000004    r-- .const:xdc_runtime_Startup_execImpl__C
  00000550    00000550    00000004   00000004    r-- .const:xdc_runtime_Startup_maxPasses__C
  00000554    00000554    00000004   00000004    r-- .const:xdc_runtime_Startup_sfxnRts__C
  00000558    00000558    00000004   00000004    r-- .const:xdc_runtime_Startup_sfxnTab__C
  0000055c    0000055c    00000004   00000004    r-- .const:xdc_runtime_Startup_startModsFxn__C
  00000560    00000560    00000004   00000004    r-- .const:xdc_runtime_SysCallback_abortFxn__C
  00000564    00000564    00000004   00000004    r-- .const:xdc_runtime_SysCallback_exitFxn__C
  00000568    00000568    00000004   00000004    r-- .const:xdc_runtime_System_abortFxn__C
  0000056c    0000056c    00000004   00000004    r-- .const:xdc_runtime_System_exitFxn__C
  00000570    00000570    00000004   00000004    r-- .const:xdc_runtime_System_maxAtexitHandlers__C
  00000574    00000574    00000004   00000004    r-- .const:xdc_runtime_Text_charTab__C
  00000578    00000578    00000004   00000004    r-- .const:xdc_runtime_Text_nameEmpty__C
  0000057c    0000057c    00000004   00000004    r-- .const:xdc_runtime_Text_nameStatic__C
  00000580    00000580    00000004   00000004    r-- .const:xdc_runtime_Text_nameUnknown__C
  00000584    00000584    00000002   00000002    r-- .const:xdc_runtime_Main_Module__id__C
  00000586    00000586    00000002   00000002    r-- .const:xdc_runtime_Memory_Module__id__C
  00000588    00000588    00000002   00000002    r-- .const:xdc_runtime_Text_charCnt__C
  0000058a    0000058a    00000002   00000002    r-- .const:xdc_runtime_Text_isLoaded__C
  0000058c    0000058c    00000001   00000001    r-- .const:xdc_runtime_Error_policy__C
  00000590    00000590    00000004   00000004    r-- .const:ti_sysbios_rom_ROM_AONRTCChannelEnable
  00000594    00000594    00000004   00000004    r-- .const:ti_sysbios_rom_ROM_AONRTCCompareValueSet
  00000598    00000598    00000004   00000004    r-- .const:ti_sysbios_rom_ROM_AONRTCCurrentCompareValueGet
  0000059c    0000059c    00000004   00000004    r-- .const:ti_sysbios_rom_ROM_AONRTCEventClear
  000005a0    000005a0    00000004   00000004    r-- .const:ti_sysbios_rom_ROM_ti_sysbios_family_arm_cc26xx_Timer_getCount64__E
  000005a4    000005a4    00000004   00000004    r-- .const:ti_sysbios_rom_ROM_ti_sysbios_family_arm_cc26xx_Timer_getCurrentTick__E
  000005a8    000005a8    00000004   00000004    r-- .const:ti_sysbios_rom_ROM_ti_sysbios_family_arm_cc26xx_Timer_getMaxTicks__E
  000005ac    000005ac    00000004   00000004    r-- .const:ti_sysbios_rom_ROM_ti_sysbios_family_arm_cc26xx_Timer_initDevice__I
  000005b0    000005b0    00000004   00000004    r-- .const:ti_sysbios_rom_ROM_ti_sysbios_family_arm_cc26xx_Timer_setNextTick__E
  000005b4    000005b4    00000004   00000004    r-- .const:ti_sysbios_rom_ROM_ti_sysbios_family_arm_cc26xx_Timer_setThreshold__I
  000005b8    000005b8    00000004   00000004    r-- .const:ti_sysbios_rom_ROM_ti_sysbios_family_arm_cc26xx_Timer_start__E
  000005bc    000005bc    00000004   00000004    r-- .const:ti_sysbios_rom_ROM_ti_sysbios_family_arm_cc26xx_TimestampProvider_get32__E
  000005c0    000005c0    00000004   00000004    r-- .const:ti_sysbios_rom_ROM_xdc_runtime_Startup_getState__I
  000005c4    000005c4    00000004   00000004    r-- .const:ti_sysbios_rom_ROM_xdc_runtime_System_SupportProxy_abort__E
  000005c8    000005c8    00000004   00000004    r-- .const:ti_sysbios_rom_ROM_xdc_runtime_System_SupportProxy_exit__E
  000005cc    000005cc    00000004   00000004    r-- .const:ti_sysbios_gates_GateMutex_Instance_State_sem__O
  000005d0    000005d0    00000004   00000004    r-- .const:ti_sysbios_knl_Clock_Module_State_clockQ__O
  000005d4    000005d4    00000004   00000004    r-- .const:ti_sysbios_knl_Mailbox_Instance_State_dataQue__O
  000005d8    000005d8    00000004   00000004    r-- .const:ti_sysbios_knl_Mailbox_Instance_State_dataSem__O
  000005dc    000005dc    00000004   00000004    r-- .const:ti_sysbios_knl_Mailbox_Instance_State_freeQue__O
  000005e0    000005e0    00000004   00000004    r-- .const:ti_sysbios_knl_Mailbox_Instance_State_freeSem__O
  000005e4    000005e4    00000004   00000004    r-- .const:ti_sysbios_knl_Semaphore_Instance_State_pendQ__O
  000005e8    000005e8    00000004   00000004    r-- .const:ti_sysbios_knl_Task_Module_State_inactiveQ__O
  000005ec    000005ec    000074c8   000074c8    r-x .text.4
  00007ab4    00007ab4    00000380   00000380    r-- .const
  00007e38    00007e38    00000888   00000888    r-- .cinit
0001ffa8    0001ffa8    00000058   00000058    r--
  0001ffa8    0001ffa8    00000058   00000058    r-- .ccfg
20000000    20000000    000000c8   00000000    rw-
  20000000    20000000    000000c8   00000000    rw- .vecs
20000100    20000100    00000104   00000000    rw-
  20000100    20000100    00000044   00000000    rw- .data:ti_sysbios_knl_Task_Module__state__V
  20000144    20000144    00000034   00000000    rw- .data:ti_sysbios_family_arm_m3_Hwi_Module__state__V
  20000178    20000178    0000002c   00000000    rw- .data:ti_sysbios_knl_Clock_Module__state__V
  200001a4    200001a4    00000024   00000000    rw- .data:ti_sysbios_BIOS_Module__state__V
  200001c8    200001c8    0000001c   00000000    rw- .data:ti_sysbios_knl_Swi_Module__state__V
  200001e4    200001e4    00000008   00000000    rw- .data:ti_sysbios_family_arm_cc26xx_Timer_Module__state__V
  200001ec    200001ec    00000004   00000000    rw- .data:ti_sysbios_family_arm_cc26xx_TimestampProvider_Module__state__V
  200001f0    200001f0    00000008   00000000    rw- .data:xdc_runtime_Startup_Module__state__V
  200001f8    200001f8    00000008   00000000    rw- .data:xdc_runtime_System_Module__state__V
  20000200    20000200    00000004   00000000    rw- .data:xdc_runtime_Memory_Module__state__V
20000430    20000430    00000010   00000000    rw-
  20000430    20000430    00000010   00000000    rw- .TI.bound:dmaRxControlTableEntry0
20000440    20000440    00000010   00000000    rw-
  20000440    20000440    00000010   00000000    rw- .TI.bound:dmaTxControlTableEntry0
20000500    20000500    00000010   00000000    rw-
  20000500    20000500    00000010   00000000    rw- .TI.bound:dmaRxControlTableEntry1
20000510    20000510    00002a9c   00000000    rw-
  20000510    20000510    00000010   00000000    rw- .TI.bound:dmaTxControlTableEntry1
  20000520    20000520    00001e2b   00000000    rw- .bss
  20002350    20002350    00000c5c   00000000    rw- .data
20003fe8    20003fe8    00000400   00000000    rw-
  20003fe8    20003fe8    00000400   00000000    rw- .stack


SECTION ALLOCATION MAP

 output                                  attributes/
section   page    origin      length       input sections
--------  ----  ----------  ----------   ----------------
.resetVecs 
*          0    00000000    0000003c     
                  00000000    0000003c     appBLE_pem3.oem3 (.resetVecs)

.text.1    0    0000003c    000000c4     
                  0000003c    000000b4     simpleGATTprofile.obj (.text:SimpleProfile_SetParameter)
                  000000f0    00000010     ICallBleAPI.obj (.text:GAP_EndDiscoverable)

.const:ti_sysbios_knl_Task_Object__PARAMS__C 
*          0    00000100    0000003c     
                  00000100    0000003c     appBLE_pem3.oem3 (.const:ti_sysbios_knl_Task_Object__PARAMS__C)

.const:ti_sysbios_knl_Mailbox_Object__PARAMS__C 
*          0    0000013c    00000034     
                  0000013c    00000034     appBLE_pem3.oem3 (.const:ti_sysbios_knl_Mailbox_Object__PARAMS__C)

.const:ti_sysbios_family_arm_m3_Hwi_Object__PARAMS__C 
*          0    00000170    00000030     
                  00000170    00000030     appBLE_pem3.oem3 (.const:ti_sysbios_family_arm_m3_Hwi_Object__PARAMS__C)

.const:ti_sysbios_hal_Hwi_Object__PARAMS__C 
*          0    000001a0    0000002c     
                  000001a0    0000002c     appBLE_pem3.oem3 (.const:ti_sysbios_hal_Hwi_Object__PARAMS__C)

.const:ti_sysbios_heaps_HeapMem_Module__FXNS__C 
*          0    000001cc    00000028     
                  000001cc    00000028     appBLE_pem3.oem3 (.const:ti_sysbios_heaps_HeapMem_Module__FXNS__C)

.const:ti_sysbios_knl_Swi_Object__PARAMS__C 
*          0    000001f4    00000028     
                  000001f4    00000028     appBLE_pem3.oem3 (.const:ti_sysbios_knl_Swi_Object__PARAMS__C)

.const:ti_sysbios_gates_GateHwi_Module__FXNS__C 
*          0    0000021c    00000024     
                  0000021c    00000024     appBLE_pem3.oem3 (.const:ti_sysbios_gates_GateHwi_Module__FXNS__C)

.const:ti_sysbios_gates_GateMutex_Module__FXNS__C 
*          0    00000240    00000024     
                  00000240    00000024     appBLE_pem3.oem3 (.const:ti_sysbios_gates_GateMutex_Module__FXNS__C)

.const:ti_sysbios_heaps_HeapMem_Object__PARAMS__C 
*          0    00000264    00000024     
                  00000264    00000024     appBLE_pem3.oem3 (.const:ti_sysbios_heaps_HeapMem_Object__PARAMS__C)

.const:ti_sysbios_knl_Clock_Object__PARAMS__C 
*          0    00000288    00000024     
                  00000288    00000024     appBLE_pem3.oem3 (.const:ti_sysbios_knl_Clock_Object__PARAMS__C)

.const:ti_sysbios_knl_Semaphore_Object__PARAMS__C 
*          0    000002ac    00000024     
                  000002ac    00000024     appBLE_pem3.oem3 (.const:ti_sysbios_knl_Semaphore_Object__PARAMS__C)

.const:ti_sysbios_family_arm_m3_Hwi_Object__DESC__C 
*          0    000002d0    00000020     
                  000002d0    00000020     appBLE_pem3.oem3 (.const:ti_sysbios_family_arm_m3_Hwi_Object__DESC__C)

.const:ti_sysbios_gates_GateHwi_Object__DESC__C 
*          0    000002f0    00000020     
                  000002f0    00000020     appBLE_pem3.oem3 (.const:ti_sysbios_gates_GateHwi_Object__DESC__C)

.const:ti_sysbios_gates_GateMutex_Object__DESC__C 
*          0    00000310    00000020     
                  00000310    00000020     appBLE_pem3.oem3 (.const:ti_sysbios_gates_GateMutex_Object__DESC__C)

.const:ti_sysbios_hal_Hwi_Object__DESC__C 
*          0    00000330    00000020     
                  00000330    00000020     appBLE_pem3.oem3 (.const:ti_sysbios_hal_Hwi_Object__DESC__C)

.const:ti_sysbios_heaps_HeapMem_Object__DESC__C 
*          0    00000350    00000020     
                  00000350    00000020     appBLE_pem3.oem3 (.const:ti_sysbios_heaps_HeapMem_Object__DESC__C)

.const:ti_sysbios_knl_Clock_Object__DESC__C 
*          0    00000370    00000020     
                  00000370    00000020     appBLE_pem3.oem3 (.const:ti_sysbios_knl_Clock_Object__DESC__C)

.const:ti_sysbios_knl_Mailbox_Object__DESC__C 
*          0    00000390    00000020     
                  00000390    00000020     appBLE_pem3.oem3 (.const:ti_sysbios_knl_Mailbox_Object__DESC__C)

.const:ti_sysbios_knl_Queue_Object__DESC__C 
*          0    000003b0    00000020     
                  000003b0    00000020     appBLE_pem3.oem3 (.const:ti_sysbios_knl_Queue_Object__DESC__C)

.const:ti_sysbios_knl_Semaphore_Object__DESC__C 
*          0    000003d0    00000020     
                  000003d0    00000020     appBLE_pem3.oem3 (.const:ti_sysbios_knl_Semaphore_Object__DESC__C)

.const:ti_sysbios_knl_Swi_Object__DESC__C 
*          0    000003f0    00000020     
                  000003f0    00000020     appBLE_pem3.oem3 (.const:ti_sysbios_knl_Swi_Object__DESC__C)

.const:ti_sysbios_knl_Task_Object__DESC__C 
*          0    00000410    00000020     
                  00000410    00000020     appBLE_pem3.oem3 (.const:ti_sysbios_knl_Task_Object__DESC__C)

.const:ti_sysbios_gates_GateHwi_Object__PARAMS__C 
*          0    00000430    00000018     
                  00000430    00000018     appBLE_pem3.oem3 (.const:ti_sysbios_gates_GateHwi_Object__PARAMS__C)

.const:ti_sysbios_gates_GateMutex_Object__PARAMS__C 
*          0    00000448    00000018     
                  00000448    00000018     appBLE_pem3.oem3 (.const:ti_sysbios_gates_GateMutex_Object__PARAMS__C)

.const:ti_sysbios_knl_Queue_Object__PARAMS__C 
*          0    00000460    00000018     
                  00000460    00000018     appBLE_pem3.oem3 (.const:ti_sysbios_knl_Queue_Object__PARAMS__C)

.const:ti_sysbios_knl_Idle_funcList__C 
*          0    00000478    00000008     
                  00000478    00000008     appBLE_pem3.oem3 (.const:ti_sysbios_knl_Idle_funcList__C)

.text.2    0    00000480    00000004     
                  00000480    00000004     simpleBLEPeripheral.obj (.text:pinInterruptHandler)

.const:ti_sysbios_family_arm_cc26xx_Timer_startupNeeded__C 
*          0    00000484    00000004     
                  00000484    00000004     appBLE_pem3.oem3 (.const:ti_sysbios_family_arm_cc26xx_Timer_startupNeeded__C)

.const:ti_sysbios_family_arm_m3_Hwi_E_alreadyDefined__C 
*          0    00000488    00000004     
                  00000488    00000004     appBLE_pem3.oem3 (.const:ti_sysbios_family_arm_m3_Hwi_E_alreadyDefined__C)

.const:ti_sysbios_family_arm_m3_Hwi_E_hwiLimitExceeded__C 
*          0    0000048c    00000004     
                  0000048c    00000004     appBLE_pem3.oem3 (.const:ti_sysbios_family_arm_m3_Hwi_E_hwiLimitExceeded__C)

.const:ti_sysbios_family_arm_m3_Hwi_NUM_INTERRUPTS__C 
*          0    00000490    00000004     
                  00000490    00000004     appBLE_pem3.oem3 (.const:ti_sysbios_family_arm_m3_Hwi_NUM_INTERRUPTS__C)

.const:ti_sysbios_family_arm_m3_Hwi_Object__count__C 
*          0    00000494    00000004     
                  00000494    00000004     appBLE_pem3.oem3 (.const:ti_sysbios_family_arm_m3_Hwi_Object__count__C)

.const:ti_sysbios_family_arm_m3_Hwi_Object__table__C 
*          0    00000498    00000004     
                  00000498    00000004     appBLE_pem3.oem3 (.const:ti_sysbios_family_arm_m3_Hwi_Object__table__C)

.const:ti_sysbios_family_arm_m3_Hwi_ccr__C 
*          0    0000049c    00000004     
                  0000049c    00000004     appBLE_pem3.oem3 (.const:ti_sysbios_family_arm_m3_Hwi_ccr__C)

.const:ti_sysbios_family_arm_m3_Hwi_excHandlerFunc__C 
*          0    000004a0    00000004     
                  000004a0    00000004     appBLE_pem3.oem3 (.const:ti_sysbios_family_arm_m3_Hwi_excHandlerFunc__C)

.const:ti_sysbios_family_arm_m3_Hwi_nullIsrFunc__C 
*          0    000004a4    00000004     
                  000004a4    00000004     appBLE_pem3.oem3 (.const:ti_sysbios_family_arm_m3_Hwi_nullIsrFunc__C)

.const:ti_sysbios_family_arm_m3_Hwi_numSparseInterrupts__C 
*          0    000004a8    00000004     
                  000004a8    00000004     appBLE_pem3.oem3 (.const:ti_sysbios_family_arm_m3_Hwi_numSparseInterrupts__C)

.const:ti_sysbios_family_arm_m3_Hwi_priGroup__C 
*          0    000004ac    00000004     
                  000004ac    00000004     appBLE_pem3.oem3 (.const:ti_sysbios_family_arm_m3_Hwi_priGroup__C)

.const:ti_sysbios_family_arm_m3_TaskSupport_stackAlignment__C 
*          0    000004b0    00000004     
                  000004b0    00000004     appBLE_pem3.oem3 (.const:ti_sysbios_family_arm_m3_TaskSupport_stackAlignment__C)

.const:ti_sysbios_heaps_HeapMem_E_memory__C 
*          0    000004b4    00000004     
                  000004b4    00000004     appBLE_pem3.oem3 (.const:ti_sysbios_heaps_HeapMem_E_memory__C)

.const:ti_sysbios_heaps_HeapMem_Module__gateObj__C 
*          0    000004b8    00000004     
                  000004b8    00000004     appBLE_pem3.oem3 (.const:ti_sysbios_heaps_HeapMem_Module__gateObj__C)

.const:ti_sysbios_heaps_HeapMem_Object__count__C 
*          0    000004bc    00000004     
                  000004bc    00000004     appBLE_pem3.oem3 (.const:ti_sysbios_heaps_HeapMem_Object__count__C)

.const:ti_sysbios_heaps_HeapMem_Object__table__C 
*          0    000004c0    00000004     
                  000004c0    00000004     appBLE_pem3.oem3 (.const:ti_sysbios_heaps_HeapMem_Object__table__C)

.const:ti_sysbios_heaps_HeapMem_reqAlign__C 
*          0    000004c4    00000004     
                  000004c4    00000004     appBLE_pem3.oem3 (.const:ti_sysbios_heaps_HeapMem_reqAlign__C)

.const:ti_sysbios_knl_Clock_serviceMargin__C 
*          0    000004c8    00000004     
                  000004c8    00000004     appBLE_pem3.oem3 (.const:ti_sysbios_knl_Clock_serviceMargin__C)

.const:ti_sysbios_knl_Mailbox_Object__count__C 
*          0    000004cc    00000004     
                  000004cc    00000004     appBLE_pem3.oem3 (.const:ti_sysbios_knl_Mailbox_Object__count__C)

.const:ti_sysbios_knl_Mailbox_Object__table__C 
*          0    000004d0    00000004     
                  000004d0    00000004     appBLE_pem3.oem3 (.const:ti_sysbios_knl_Mailbox_Object__table__C)

.const:ti_sysbios_knl_Queue_Object__count__C 
*          0    000004d4    00000004     
                  000004d4    00000004     appBLE_pem3.oem3 (.const:ti_sysbios_knl_Queue_Object__count__C)

.const:ti_sysbios_knl_Queue_Object__table__C 
*          0    000004d8    00000004     
                  000004d8    00000004     appBLE_pem3.oem3 (.const:ti_sysbios_knl_Queue_Object__table__C)

.const:ti_sysbios_knl_Swi_Object__count__C 
*          0    000004dc    00000004     
                  000004dc    00000004     appBLE_pem3.oem3 (.const:ti_sysbios_knl_Swi_Object__count__C)

.const:ti_sysbios_knl_Swi_Object__table__C 
*          0    000004e0    00000004     
                  000004e0    00000004     appBLE_pem3.oem3 (.const:ti_sysbios_knl_Swi_Object__table__C)

.const:ti_sysbios_knl_Swi_numPriorities__C 
*          0    000004e4    00000004     
                  000004e4    00000004     appBLE_pem3.oem3 (.const:ti_sysbios_knl_Swi_numPriorities__C)

.const:ti_sysbios_knl_Task_Object__count__C 
*          0    000004e8    00000004     
                  000004e8    00000004     appBLE_pem3.oem3 (.const:ti_sysbios_knl_Task_Object__count__C)

.const:ti_sysbios_knl_Task_Object__table__C 
*          0    000004ec    00000004     
                  000004ec    00000004     appBLE_pem3.oem3 (.const:ti_sysbios_knl_Task_Object__table__C)

.const:ti_sysbios_knl_Task_allBlockedFunc__C 
*          0    000004f0    00000004     
                  000004f0    00000004     appBLE_pem3.oem3 (.const:ti_sysbios_knl_Task_allBlockedFunc__C)

.const:ti_sysbios_knl_Task_defaultStackHeap__C 
*          0    000004f4    00000004     
                  000004f4    00000004     appBLE_pem3.oem3 (.const:ti_sysbios_knl_Task_defaultStackHeap__C)

.const:ti_sysbios_knl_Task_defaultStackSize__C 
*          0    000004f8    00000004     
                  000004f8    00000004     appBLE_pem3.oem3 (.const:ti_sysbios_knl_Task_defaultStackSize__C)

.const:ti_sysbios_knl_Task_numConstructedTasks__C 
*          0    000004fc    00000004     
                  000004fc    00000004     appBLE_pem3.oem3 (.const:ti_sysbios_knl_Task_numConstructedTasks__C)

.text.3    0    00000500    00000002     
                  00000500    00000002     SPICC26XXDMA.obj (.text:SPICC26XXDMA_serviceISR)

.const:ti_sysbios_family_arm_cc26xx_Timer_Module__id__C 
*          0    00000502    00000002     
                  00000502    00000002     appBLE_pem3.oem3 (.const:ti_sysbios_family_arm_cc26xx_Timer_Module__id__C)

.const:ti_sysbios_family_arm_cc26xx_TimestampProvider_useClockTimer__C 
*          0    00000504    00000002     
                  00000504    00000002     appBLE_pem3.oem3 (.const:ti_sysbios_family_arm_cc26xx_TimestampProvider_useClockTimer__C)

.const:ti_sysbios_family_arm_m3_Hwi_Module__id__C 
*          0    00000506    00000002     
                  00000506    00000002     appBLE_pem3.oem3 (.const:ti_sysbios_family_arm_m3_Hwi_Module__id__C)

.const:ti_sysbios_gates_GateHwi_Module__id__C 
*          0    00000508    00000002     
                  00000508    00000002     appBLE_pem3.oem3 (.const:ti_sysbios_gates_GateHwi_Module__id__C)

.const:ti_sysbios_gates_GateMutex_Module__id__C 
*          0    0000050a    00000002     
                  0000050a    00000002     appBLE_pem3.oem3 (.const:ti_sysbios_gates_GateMutex_Module__id__C)

.const:ti_sysbios_heaps_HeapMem_Module__id__C 
*          0    0000050c    00000002     
                  0000050c    00000002     appBLE_pem3.oem3 (.const:ti_sysbios_heaps_HeapMem_Module__id__C)

.const:ti_sysbios_knl_Task_initStackFlag__C 
*          0    0000050e    00000002     
                  0000050e    00000002     appBLE_pem3.oem3 (.const:ti_sysbios_knl_Task_initStackFlag__C)

.const:ti_sysbios_knl_Clock_tickMode__C 
*          0    00000510    00000001     
                  00000510    00000001     appBLE_pem3.oem3 (.const:ti_sysbios_knl_Clock_tickMode__C)

.const:xdc_runtime_Startup_firstFxns__C 
*          0    00000514    00000008     
                  00000514    00000008     appBLE_pem3.oem3 (.const:xdc_runtime_Startup_firstFxns__C)

.const:xdc_runtime_Startup_lastFxns__C 
*          0    0000051c    00000008     
                  0000051c    00000008     appBLE_pem3.oem3 (.const:xdc_runtime_Startup_lastFxns__C)

.const:xdc_runtime_Assert_E_assertFailed__C 
*          0    00000524    00000004     
                  00000524    00000004     appBLE_pem3.oem3 (.const:xdc_runtime_Assert_E_assertFailed__C)

.const:xdc_runtime_Error_E_memory__C 
*          0    00000528    00000004     
                  00000528    00000004     appBLE_pem3.oem3 (.const:xdc_runtime_Error_E_memory__C)

.const:xdc_runtime_Error_policyFxn__C 
*          0    0000052c    00000004     
                  0000052c    00000004     appBLE_pem3.oem3 (.const:xdc_runtime_Error_policyFxn__C)

.const:xdc_runtime_IGateProvider_Interface__BASE__C 
*          0    00000530    00000004     
                  00000530    00000004     appBLE_pem3.oem3 (.const:xdc_runtime_IGateProvider_Interface__BASE__C)

.const:xdc_runtime_IHeap_Interface__BASE__C 
*          0    00000534    00000004     
                  00000534    00000004     appBLE_pem3.oem3 (.const:xdc_runtime_IHeap_Interface__BASE__C)

.const:xdc_runtime_IModule_Interface__BASE__C 
*          0    00000538    00000004     
                  00000538    00000004     appBLE_pem3.oem3 (.const:xdc_runtime_IModule_Interface__BASE__C)

.const:xdc_runtime_Main_Module__diagsEnabled__C 
*          0    0000053c    00000004     
                  0000053c    00000004     appBLE_pem3.oem3 (.const:xdc_runtime_Main_Module__diagsEnabled__C)

.const:xdc_runtime_Main_Module__diagsIncluded__C 
*          0    00000540    00000004     
                  00000540    00000004     appBLE_pem3.oem3 (.const:xdc_runtime_Main_Module__diagsIncluded__C)

.const:xdc_runtime_Main_Module__diagsMask__C 
*          0    00000544    00000004     
                  00000544    00000004     appBLE_pem3.oem3 (.const:xdc_runtime_Main_Module__diagsMask__C)

.const:xdc_runtime_Memory_defaultHeapInstance__C 
*          0    00000548    00000004     
                  00000548    00000004     appBLE_pem3.oem3 (.const:xdc_runtime_Memory_defaultHeapInstance__C)

.const:xdc_runtime_Startup_execImpl__C 
*          0    0000054c    00000004     
                  0000054c    00000004     appBLE_pem3.oem3 (.const:xdc_runtime_Startup_execImpl__C)

.const:xdc_runtime_Startup_maxPasses__C 
*          0    00000550    00000004     
                  00000550    00000004     appBLE_pem3.oem3 (.const:xdc_runtime_Startup_maxPasses__C)

.const:xdc_runtime_Startup_sfxnRts__C 
*          0    00000554    00000004     
                  00000554    00000004     appBLE_pem3.oem3 (.const:xdc_runtime_Startup_sfxnRts__C)

.const:xdc_runtime_Startup_sfxnTab__C 
*          0    00000558    00000004     
                  00000558    00000004     appBLE_pem3.oem3 (.const:xdc_runtime_Startup_sfxnTab__C)

.const:xdc_runtime_Startup_startModsFxn__C 
*          0    0000055c    00000004     
                  0000055c    00000004     appBLE_pem3.oem3 (.const:xdc_runtime_Startup_startModsFxn__C)

.const:xdc_runtime_SysCallback_abortFxn__C 
*          0    00000560    00000004     
                  00000560    00000004     appBLE_pem3.oem3 (.const:xdc_runtime_SysCallback_abortFxn__C)

.const:xdc_runtime_SysCallback_exitFxn__C 
*          0    00000564    00000004     
                  00000564    00000004     appBLE_pem3.oem3 (.const:xdc_runtime_SysCallback_exitFxn__C)

.const:xdc_runtime_System_abortFxn__C 
*          0    00000568    00000004     
                  00000568    00000004     appBLE_pem3.oem3 (.const:xdc_runtime_System_abortFxn__C)

.const:xdc_runtime_System_exitFxn__C 
*          0    0000056c    00000004     
                  0000056c    00000004     appBLE_pem3.oem3 (.const:xdc_runtime_System_exitFxn__C)

.const:xdc_runtime_System_maxAtexitHandlers__C 
*          0    00000570    00000004     
                  00000570    00000004     appBLE_pem3.oem3 (.const:xdc_runtime_System_maxAtexitHandlers__C)

.const:xdc_runtime_Text_charTab__C 
*          0    00000574    00000004     
                  00000574    00000004     appBLE_pem3.oem3 (.const:xdc_runtime_Text_charTab__C)

.const:xdc_runtime_Text_nameEmpty__C 
*          0    00000578    00000004     
                  00000578    00000004     appBLE_pem3.oem3 (.const:xdc_runtime_Text_nameEmpty__C)

.const:xdc_runtime_Text_nameStatic__C 
*          0    0000057c    00000004     
                  0000057c    00000004     appBLE_pem3.oem3 (.const:xdc_runtime_Text_nameStatic__C)

.const:xdc_runtime_Text_nameUnknown__C 
*          0    00000580    00000004     
                  00000580    00000004     appBLE_pem3.oem3 (.const:xdc_runtime_Text_nameUnknown__C)

.const:xdc_runtime_Main_Module__id__C 
*          0    00000584    00000002     
                  00000584    00000002     appBLE_pem3.oem3 (.const:xdc_runtime_Main_Module__id__C)

.const:xdc_runtime_Memory_Module__id__C 
*          0    00000586    00000002     
                  00000586    00000002     appBLE_pem3.oem3 (.const:xdc_runtime_Memory_Module__id__C)

.const:xdc_runtime_Text_charCnt__C 
*          0    00000588    00000002     
                  00000588    00000002     appBLE_pem3.oem3 (.const:xdc_runtime_Text_charCnt__C)

.const:xdc_runtime_Text_isLoaded__C 
*          0    0000058a    00000002     
                  0000058a    00000002     appBLE_pem3.oem3 (.const:xdc_runtime_Text_isLoaded__C)

.const:xdc_runtime_Error_policy__C 
*          0    0000058c    00000001     
                  0000058c    00000001     appBLE_pem3.oem3 (.const:xdc_runtime_Error_policy__C)

.const:ti_sysbios_rom_ROM_AONRTCChannelEnable 
*          0    00000590    00000004     
                  00000590    00000004     appBLE_pem3.oem3 (.const:ti_sysbios_rom_ROM_AONRTCChannelEnable)

.const:ti_sysbios_rom_ROM_AONRTCCompareValueSet 
*          0    00000594    00000004     
                  00000594    00000004     appBLE_pem3.oem3 (.const:ti_sysbios_rom_ROM_AONRTCCompareValueSet)

.const:ti_sysbios_rom_ROM_AONRTCCurrentCompareValueGet 
*          0    00000598    00000004     
                  00000598    00000004     appBLE_pem3.oem3 (.const:ti_sysbios_rom_ROM_AONRTCCurrentCompareValueGet)

.const:ti_sysbios_rom_ROM_AONRTCEventClear 
*          0    0000059c    00000004     
                  0000059c    00000004     appBLE_pem3.oem3 (.const:ti_sysbios_rom_ROM_AONRTCEventClear)

.const:ti_sysbios_rom_ROM_ti_sysbios_family_arm_cc26xx_Timer_getCount64__E 
*          0    000005a0    00000004     
                  000005a0    00000004     appBLE_pem3.oem3 (.const:ti_sysbios_rom_ROM_ti_sysbios_family_arm_cc26xx_Timer_getCount64__E)

.const:ti_sysbios_rom_ROM_ti_sysbios_family_arm_cc26xx_Timer_getCurrentTick__E 
*          0    000005a4    00000004     
                  000005a4    00000004     appBLE_pem3.oem3 (.const:ti_sysbios_rom_ROM_ti_sysbios_family_arm_cc26xx_Timer_getCurrentTick__E)

.const:ti_sysbios_rom_ROM_ti_sysbios_family_arm_cc26xx_Timer_getMaxTicks__E 
*          0    000005a8    00000004     
                  000005a8    00000004     appBLE_pem3.oem3 (.const:ti_sysbios_rom_ROM_ti_sysbios_family_arm_cc26xx_Timer_getMaxTicks__E)

.const:ti_sysbios_rom_ROM_ti_sysbios_family_arm_cc26xx_Timer_initDevice__I 
*          0    000005ac    00000004     
                  000005ac    00000004     appBLE_pem3.oem3 (.const:ti_sysbios_rom_ROM_ti_sysbios_family_arm_cc26xx_Timer_initDevice__I)

.const:ti_sysbios_rom_ROM_ti_sysbios_family_arm_cc26xx_Timer_setNextTick__E 
*          0    000005b0    00000004     
                  000005b0    00000004     appBLE_pem3.oem3 (.const:ti_sysbios_rom_ROM_ti_sysbios_family_arm_cc26xx_Timer_setNextTick__E)

.const:ti_sysbios_rom_ROM_ti_sysbios_family_arm_cc26xx_Timer_setThreshold__I 
*          0    000005b4    00000004     
                  000005b4    00000004     appBLE_pem3.oem3 (.const:ti_sysbios_rom_ROM_ti_sysbios_family_arm_cc26xx_Timer_setThreshold__I)

.const:ti_sysbios_rom_ROM_ti_sysbios_family_arm_cc26xx_Timer_start__E 
*          0    000005b8    00000004     
                  000005b8    00000004     appBLE_pem3.oem3 (.const:ti_sysbios_rom_ROM_ti_sysbios_family_arm_cc26xx_Timer_start__E)

.const:ti_sysbios_rom_ROM_ti_sysbios_family_arm_cc26xx_TimestampProvider_get32__E 
*          0    000005bc    00000004     
                  000005bc    00000004     appBLE_pem3.oem3 (.const:ti_sysbios_rom_ROM_ti_sysbios_family_arm_cc26xx_TimestampProvider_get32__E)

.const:ti_sysbios_rom_ROM_xdc_runtime_Startup_getState__I 
*          0    000005c0    00000004     
                  000005c0    00000004     appBLE_pem3.oem3 (.const:ti_sysbios_rom_ROM_xdc_runtime_Startup_getState__I)

.const:ti_sysbios_rom_ROM_xdc_runtime_System_SupportProxy_abort__E 
*          0    000005c4    00000004     
                  000005c4    00000004     appBLE_pem3.oem3 (.const:ti_sysbios_rom_ROM_xdc_runtime_System_SupportProxy_abort__E)

.const:ti_sysbios_rom_ROM_xdc_runtime_System_SupportProxy_exit__E 
*          0    000005c8    00000004     
                  000005c8    00000004     appBLE_pem3.oem3 (.const:ti_sysbios_rom_ROM_xdc_runtime_System_SupportProxy_exit__E)

.const:ti_sysbios_gates_GateMutex_Instance_State_sem__O 
*          0    000005cc    00000004     
                  000005cc    00000004     appBLE_pem3.oem3 (.const:ti_sysbios_gates_GateMutex_Instance_State_sem__O)

.const:ti_sysbios_knl_Clock_Module_State_clockQ__O 
*          0    000005d0    00000004     
                  000005d0    00000004     appBLE_pem3.oem3 (.const:ti_sysbios_knl_Clock_Module_State_clockQ__O)

.const:ti_sysbios_knl_Mailbox_Instance_State_dataQue__O 
*          0    000005d4    00000004     
                  000005d4    00000004     appBLE_pem3.oem3 (.const:ti_sysbios_knl_Mailbox_Instance_State_dataQue__O)

.const:ti_sysbios_knl_Mailbox_Instance_State_dataSem__O 
*          0    000005d8    00000004     
                  000005d8    00000004     appBLE_pem3.oem3 (.const:ti_sysbios_knl_Mailbox_Instance_State_dataSem__O)

.const:ti_sysbios_knl_Mailbox_Instance_State_freeQue__O 
*          0    000005dc    00000004     
                  000005dc    00000004     appBLE_pem3.oem3 (.const:ti_sysbios_knl_Mailbox_Instance_State_freeQue__O)

.const:ti_sysbios_knl_Mailbox_Instance_State_freeSem__O 
*          0    000005e0    00000004     
                  000005e0    00000004     appBLE_pem3.oem3 (.const:ti_sysbios_knl_Mailbox_Instance_State_freeSem__O)

.const:ti_sysbios_knl_Semaphore_Instance_State_pendQ__O 
*          0    000005e4    00000004     
                  000005e4    00000004     appBLE_pem3.oem3 (.const:ti_sysbios_knl_Semaphore_Instance_State_pendQ__O)

.const:ti_sysbios_knl_Task_Module_State_inactiveQ__O 
*          0    000005e8    00000004     
                  000005e8    00000004     appBLE_pem3.oem3 (.const:ti_sysbios_knl_Task_Module_State_inactiveQ__O)

.text.4    0    000005ec    000074c8     
                  000005ec    000005ce     driverlib.lib : setup.obj (.text:HapiTrimDeviceShutDown)
                  00000bba    00000002     appBLE_pem3.oem3 (.text:ti_sysbios_BIOS_nullFunc__I)
                  00000bbc    0000036c     peripheral.obj (.text:GAPRole_SetParameter)
                  00000f28    0000034c     sysbios.aem3 : mangled__BIOS_lib.obj (.text:ti_sysbios_family_arm_cc26xx_Power_auxISR__E)
                  00001274    000002f4     peripheral.obj (.text:gapRole_processGAPMsg)
                  00001568    000002f4     sysbios.aem3 : mangled__BIOS_lib.obj (.text:ti_sysbios_family_arm_cc26xx_Power_sleep__E)
                  0000185c    0000024c     simpleBLEPeripheral.obj (.text:SimpleBLEPeripheral_taskFxn)
                  00001aa8    00000234     simpleBLEPeripheral.obj (.text:SimpleBLEPeripheral_init)
                  00001cdc    000001f4     rtsv7M3_T_le_eabi.lib : ull_div_t2.obj (.text)
                  00001ed0    000001c0     peripheral.obj (.text:GAPRole_GetParameter)
                  00002090    000001c0     PINCC26XX.obj (.text:PIN_init)
                  00002250    000001aa     driverlib.lib : sys_ctrl.obj (.text:SysCtrlSetRechargeBeforePowerDown)
                  000023fa    00000002     sysbios.aem3 : mangled__BIOS_lib.obj (.text:ti_sysbios_family_arm_cc26xx_Power_defaultClockFunc__E)
                  000023fc    0000019c     SPICC26XXDMA.obj (.text:SPICC26XXDMA_initIO)
                  00002598    0000016c     devinfoservice.obj (.text:DevInfo_SetParameter)
                  00002704    00000158     peripheral.obj (.text:gapRole_taskFxn)
                  0000285c    00000128     SPICC26XXDMA.obj (.text:SPICC26XXDMA_open)
                  00002984    00000108     SPICC26XXDMA.obj (.text:SPICC26XXDMA_hwiFxn)
                  00002a8c    00000104     SPICC26XXDMA.obj (.text:SPICC26XXDMA_transferCancel)
                  00002b90    00000104     sysbios.aem3 : mangled__BIOS_lib.obj (.text:calibrateRcoscHf1$28)
                  00002c94    00000104     devinfoservice.obj (.text:devInfo_ReadAttrCB)
                  00002d98    000000fc     peripheral.obj (.text:gapRole_init)
                  00002e94    000000f8     sysbios.aem3 : mangled__BIOS_lib.obj (.text:ti_sysbios_family_arm_cc26xx_Power_startFirstMeasurement__E)
                  00002f8c    000000f4     ICall.obj (.text:ICall_primWaitMatch)
                  00003080    000000f0     simpleBLEPeripheral.obj (.text:ADXL_read)
                  00003170    000000f0     sysbios.aem3 : mangled__BIOS_lib.obj (.text:ti_sysbios_family_arm_cc26xx_Power_standbyPolicy__E)
                  00003260    000000e4     SPICC26XXDMA.obj (.text:SPICC26XXDMA_configDMA)
                  00003344    000000e0     simpleBLEPeripheral.obj (.text:readAllGyro2)
                  00003424    000000dc     simpleBLEPeripheral.obj (.text:readAllGyro3)
                  00003500    000000d8     sysbios.aem3 : mangled__BIOS_lib.obj (.text:ti_sysbios_family_arm_cc26xx_Power_setDependency__E)
                  000035d8    000000d4     LCDDogm1286.obj (.text:LCD_open)
                  000036ac    000000d4     simpleBLEPeripheral.obj (.text:readAllGyro)
                  00003780    000000d0     sysbios.aem3 : mangled__BIOS_lib.obj (.text:ti_sysbios_family_arm_cc26xx_Power_releaseDependency__E)
                  00003850    000000c4     SPICC26XXDMA.obj (.text:SPICC26XXDMA_transfer)
                  00003914    000000b4     driverlib.lib : setup.obj (.text:trimDevice)
                  000039c8    000000b0     sysbios.aem3 : mangled__BIOS_lib.obj (.text:ti_sysbios_knl_Clock_workFuncDynamic__E)
                  00003a78    000000ac     gattservapp_util.obj (.text:GATTServApp_ProcessCharCfg)
                  00003b24    000000ac     PINCC26XX.obj (.text:PINCC26XX_setIoCfg)
                  00003bd0    000000ac     peripheral.obj (.text:gapRole_startConnUpdate)
                  00003c7c    000000a4     sysbios.aem3 : mangled__BIOS_lib.obj (.text:ti_sysbios_family_arm_cc26xx_Power_initiateCalibration__E)
                  00003d20    000000a0     auto_init.aem3 : auto_init.oem3 (.text)
                  00003dc0    0000009c     ICall.obj (.text:ICall_heapMalloc)
                  00003e5c    0000009c     ICall.obj (.text:ICall_primSetTimer)
                  00003ef8    0000009c     rtsv7M3_T_le_eabi.lib : memcpy_t2.obj (.text)
                  00003f94    0000009c     simpleGATTprofile.obj (.text:simpleProfile_WriteAttrCB)
                  00004030    00000098     simpleBLEPeripheral.obj (.text:SimpleBLEPeripheral_processStateChangeEvt)
                  000040c8    00000094     driverlib.lib : osc.obj (.text:OSCHF_GetStartupTime)
                  0000415c    00000090     ICall.obj (.text:ICall_createRemoteTasks)
                  000041ec    00000090     ICall.obj (.text:ICall_primEnroll)
                  0000427c    00000090     PINCC26XX.obj (.text:PIN_open)
                  0000430c    0000008e     LCDDogm1286.obj (.text:LCD_doUpdate)
                  0000439a    00000002     sysbios.aem3 : mangled__BIOS_lib.obj (.text:ti_sysbios_family_arm_cc26xx_Power_defaultNotifyTrapFunc__E)
                  0000439c    0000008c                  : mangled__BIOS_lib.obj (.text:ti_sysbios_family_arm_cc26xx_Power_LF_clockFunc__E)
                  00004428    0000008c                  : mangled__BIOS_lib.obj (.text:ti_sysbios_family_arm_cc26xx_Power_Module_startup__E)
                  000044b4    00000088     ICall.obj (.text:ICall_primRegisterApp)
                  0000453c    00000088     sysbios.aem3 : mangled__BIOS_lib.obj (.text:ti_sysbios_family_arm_cc26xx_Timer_start__E)
                  000045c4    00000080     ICall.obj (.text:ICall_newTask)
                  00004644    0000007e     gattservapp_util.obj (.text:gattServApp_SendNotiInd)
                  000046c2    0000007c     driverlib.lib : chipinfo.obj (.text:ChipInfo_GetHwRevision)
                  0000473e    00000002     appBLE_pem3.oem3 (.text:ti_sysbios_rom_cortexm_cc26xx_CC26xx_badRomRevision__E)
                  00004740    0000007c     ICall.obj (.text:ICall_primThreadServes)
                  000047bc    0000007a     rtsv7M3_T_le_eabi.lib : memset_t2.obj (.text)
                  00004836    00000002     sysbios.aem3 : mangled__BIOS_lib.obj (.text:xdc_runtime_SysCallback_defaultAbort)
                  00004838    00000078     simpleBLEPeripheral.obj (.text:ADXL_SPI_init)
                  000048b0    00000078     ICallCC2650.obj (.text:ICallPlatform_pwrUpdActivityCounter)
                  00004928    00000078     LCDDogm1286.obj (.text:LCD_initHw)
                  000049a0    00000078     SPICC26XXDMA.obj (.text:SPICC26XXDMA_control)
                  00004a18    00000070     peripheral.obj (.text:GAPRole_SendUpdateParam)
                  00004a88    00000070     ICall.obj (.text:ICall_primSend)
                  00004af8    0000006e     driverlib.lib : osc.obj (.text:OSCHF_AttemptToSwitchToXosc)
                  00004b66    0000006a     rtsv7M3_T_le_eabi.lib : copy_decompress_rle.obj (.text)
                  00004bd0    00000068     ICallCC2650.obj (.text:ICallPlatform_pwrRegisterNotify)
                  00004c38    00000068     PINCC26XX.obj (.text:PIN_remove)
                  00004ca0    00000066     driverlib.lib : sys_ctrl.obj (.text:SysCtrl_DCDC_VoltageConditionalControl)
                  00004d06    00000002     sysbios.aem3 : mangled__BIOS_lib.obj (.text:xdc_runtime_SysCallback_defaultExit)
                  00004d08    00000064     ICall.obj (.text:ICall_primGetEntityId)
                  00004d6c    00000064     PINCC26XX.obj (.text:PIN_add)
                  00004dd0    00000064     simpleGATTprofile.obj (.text:simpleProfile_ReadAttrCB)
                  00004e34    00000062     driverlib.lib : sys_ctrl.obj (.text:SysCtrlAdjustRechargeAfterPowerDown)
                  00004e96    00000002     --HOLE-- [fill = 0]
                  00004e98    00000060     simpleGATTprofile.obj (.text:SimpleProfile_GetParameter)
                  00004ef8    00000060     appBLE_pem3.oem3 (.text:ti_sysbios_family_arm_cc26xx_Power_XOSC_HF_clockFunc__E)
                  00004f58    00000060     sysbios.aem3 : mangled__BIOS_lib.obj (.text:ti_sysbios_family_arm_cc26xx_Timer_setNextTick__E)
                  00004fb8    0000005c     ICall.obj (.text:ICall_primWait)
                  00005014    0000005c     SPICC26XXDMA.obj (.text:SPICC26XXDMA_initHw)
                  00005070    0000005c     appBLE_pem3.oem3 (.text:xdc_runtime_Startup_getState__I)
                  000050cc    00000058     driverlib.lib : osc.obj (.text:OSCHF_SwitchToRcOscTurnOffXosc)
                  00005124    00000058     UDMACC26XX.obj (.text:UDMACC26XX_open)
                  0000517c    00000058     util.obj (.text:Util_constructClock)
                  000051d4    00000058     sysbios.aem3 : mangled__BIOS_lib.obj (.text:ti_sysbios_family_arm_cc26xx_Power_notify__I)
                  0000522c    00000056     driverlib.lib : ddi.obj (.text:NOROM_DDI16BitfieldWrite)
                  00005282    00000054     gattservapp_util.obj (.text:GATTServApp_ProcessCCCWriteReq)
                  000052d6    00000052     driverlib.lib : osc.obj (.text:NOROM_OSCClockSourceSet)
                  00005328    00000050     ICallBleAPI.obj (.text:GAP_DeviceInit)
                  00005378    00000050     ICall.obj (.text:ICall_init)
                  000053c8    00000050     ICall.obj (.text:ICall_searchTask)
                  00005418    00000050     LCDDogm1286.obj (.text:LCD_bufferClear)
                  00005468    00000050     LCDDogm1286.obj (.text:LCD_sendCommand)
                  000054b8    00000050     LCDDogm1286.obj (.text:LCD_sendData)
                  00005508    00000050     simpleBLEPeripheral.obj (.text:SimpleBLEPeripheral_sendAttRsp)
                  00005558    00000050     peripheral.obj (.text:gapRole_processStackMsg)
                  000055a8    0000004e     SPICC26XXDMA.obj (.text:SPICC26XXDMA_close)
                  000055f6    00000002     --HOLE-- [fill = 0]
                  000055f8    0000004c     board_lcd.obj (.text:Board_openLCD)
                  00005644    0000004c     PINCC26XX.obj (.text:PIN_Isr)
                  00005690    0000004c     ICallBleAPI.obj (.text:gattIndNoti)
                  000056dc    0000004c     rtsv7M3_T_le_eabi.lib : cpy_tbl.obj (.text)
                  00005728    0000004a     ICall.obj (.text:ICall_primCreateSemaphore)
                  00005772    0000004a     ICall.obj (.text:ICall_primCreateTask)
                  000057bc    00000048     ICallBleAPI.obj (.text:GAP_UpdateAdvertisingData)
                  00005804    00000048     ICall.obj (.text:ICall_searchServiceEntity)
                  0000584c    00000048     simpleGATTprofile.obj (.text:SimpleProfile_AddService)
                  00005894    00000044     ICallCC2650.obj (.text:ICallPlatform_pwrConfigACAction)
                  000058d8    00000044     PINCC26XX.obj (.text:PINCC26XX_getConfig)
                  0000591c    00000044     simpleBLEPeripheral.obj (.text:SPI_write)
                  00005960    00000044     boot.aem3 : boot.oem3 (.text)
                  000059a4    00000044     peripheral.obj (.text:gapRole_HandleParamUpdateNoSuccess)
                  000059e8    00000044     rtsv7M3_T_le_eabi.lib : exit.obj (.text)
                  00005a2c    00000044     sysbios.aem3 : mangled__BIOS_lib.obj (.text:ti_sysbios_family_arm_cc26xx_Timer_initDevice__I)
                  00005a70    00000042     driverlib.lib : ddi.obj (.text:NOROM_DDI16BitfieldRead)
                  00005ab2    00000042     ICallBleAPI.obj (.text:sendWaitMatchValueCS)
                  00005af4    00000040     ICallBleAPI.obj (.text:GAPBondMgr_LinkEst)
                  00005b34    00000040     ICallBleAPI.obj (.text:GAP_TerminateLinkReq)
                  00005b74    00000040     ICallBleAPI.obj (.text:GATTServApp_RegisterService)
                  00005bb4    00000040     ICallBleAPI.obj (.text:ICall_waitMatch)
                  00005bf4    00000040     simpleBLEPeripheral.obj (.text:WriteBosch)
                  00005c34    00000040     ICallBleAPI.obj (.text:sendWaitMatchCS)
                  00005c74    00000040     appBLE_pem3.oem3 (.text:ti_sysbios_family_arm_cc26xx_Power_XOSC_HF)
                  00005cb4    00000040     sysbios.aem3 : mangled__BIOS_lib.obj (.text:ti_sysbios_family_arm_cc26xx_Power_isStableXOSC_HF__E)
                  00005cf4    00000040                  : mangled__BIOS_lib.obj (.text:ti_sysbios_family_arm_cc26xx_Timer_getCurrentTick__E)
                  00005d34    0000003e     driverlib.lib : osc.obj (.text:NOROM_OSCInterfaceEnable)
                  00005d72    0000003e     ICallBleAPI.obj (.text:gapSendParamAndPtrCmd)
                  00005db0    0000003c     peripheral.obj (.text:GAPRole_createTask)
                  00005dec    0000003c     ICallBleAPI.obj (.text:GAP_GetParamValue)
                  00005e28    0000003c     gattservapp_util.obj (.text:GATTServApp_InitCharCfg)
                  00005e64    0000003c     ICall.obj (.text:ICall_heapInit)
                  00005ea0    0000003c     ICall.obj (.text:ICall_primEntityId2ServiceId)
                  00005edc    0000003c     LCDDogm1286.obj (.text:LCD_gotoXY)
                  00005f18    0000003c     simpleBLEPeripheral.obj (.text:SimpleBLEPeripheral_createTask)
                  00005f54    0000003c     simpleBLEPeripheral.obj (.text:SimpleBLEPeripheral_processGATTMsg)
                  00005f90    0000003c     ICallBleAPI.obj (.text:hciSendParamsCmd)
                  00005fcc    0000003c     ICallBleAPI.obj (.text:profileSetParameter)
                  00006008    0000003c     sysbios.aem3 : mangled__BIOS_lib.obj (.text:ti_sysbios_family_arm_cc26xx_Power_releaseConstraint__E)
                  00006044    0000003a     ICall.obj (.text:ICall_primWaitSemaphore)
                  0000607e    00000002     --HOLE-- [fill = 0]
                  00006080    00000038     ICallBleAPI.obj (.text:GAPBondMgr_SetParameter)
                  000060b8    00000038     ICallBleAPI.obj (.text:GATT_SendRsp)
                  000060f0    00000038     ICall.obj (.text:ICall_primGetMaxMSecs)
                  00006128    00000038     driverlib.lib : osc.obj (.text:OSCHF_TurnOnXosc)
                  00006160    00000038     PINCC26XX.obj (.text:PIN_setInterrupt)
                  00006198    00000038     PINCC26XX.obj (.text:PIN_setOutputValue)
                  000061d0    00000038     SPICC26XXDMA.obj (.text:SPICC26XXDMA_csnCallback)
                  00006208    00000038     simpleBLEPeripheral.obj (.text:SimpleBLEPeripheral_processCharValueChangeEvt)
                  00006240    00000038     ICallBleAPI.obj (.text:linkDB_NumConns)
                  00006278    00000038     ICallBleAPI.obj (.text:osal_snv_read)
                  000062b0    00000038     ICallBleAPI.obj (.text:osal_snv_write)
                  000062e8    00000038     sysbios.aem3 : mangled__BIOS_lib.obj (.text:ti_sysbios_family_arm_cc26xx_Power_setConstraint__E)
                  00006320    00000038                  : mangled__BIOS_lib.obj (.text:ti_sysbios_family_arm_cc26xx_Timer_setThreshold__I)
                  00006358    00000036     ICall.obj (.text:ICall_primRegisterISR)
                  0000638e    00000036     ICall.obj (.text:ICall_primRegisterISR_Ext)
                  000063c4    00000036     ICallBleAPI.obj (.text:gapSendParamsCmd)
                  000063fa    00000036     ICallBleAPI.obj (.text:gapSendPtrParamsCmd)
                  00006430    00000036     ICallBleAPI.obj (.text:matchGapSetGetParamCS)
                  00006466    00000036     ICallBleAPI.obj (.text:matchGattCmdStatus)
                  0000649c    00000036     ICallBleAPI.obj (.text:matchUtilNvCS)
                  000064d2    00000034     driverlib.lib : chipinfo.obj (.text:ChipInfo_GetChipFamily)
                  00006506    00000002     --HOLE-- [fill = 0]
                  00006508    00000034     ICallBleAPI.obj (.text:GAP_SetParamValue)
                  0000653c    00000034     ICallCC2650.obj (.text:ICallPlatform_pwrDispenseImpl)
                  00006570    00000034     ICallCC2650.obj (.text:ICallPlatform_pwrRequireImpl)
                  000065a4    00000034     peripheral.obj (.text:ICall_fetchServiceMsg)
                  000065d8    00000034     simpleBLEPeripheral.obj (.text:ICall_fetchServiceMsg)
                  0000660c    00000034     ICall.obj (.text:ICall_primFetchMsg)
                  00006640    00000034     PINCC26XX.obj (.text:PIN_setConfig)
                  00006674    00000034     util.obj (.text:Util_restartClock)
                  000066a8    00000034     ICallBleAPI.obj (.text:profileAddService)
                  000066dc    00000034     ICallBleAPI.obj (.text:registerTask)
                  00006710    00000032     ICallCC2650.obj (.text:ICallPlatform_pwrNotify)
                  00006742    00000032     ICall.obj (.text:ICall_msgEnqueue)
                  00006774    00000032     ICallBleAPI.obj (.text:matchProfileAddServiceCS)
                  000067a6    00000002     --HOLE-- [fill = 0]
                  000067a8    00000030     ICall.obj (.text:ICall_heapFree)
                  000067d8    00000030     ICall.obj (.text:ICall_msecs2Ticks)
                  00006808    00000030     simpleBLEPeripheral.obj (.text:SimpleBLEPeripheral_freeAttRsp)
                  00006838    00000030     util.obj (.text:Util_enqueueMsg)
                  00006868    00000030     peripheral.obj (.text:gapRole_SetupGAP)
                  00006898    00000030     appBLE_pem3.oem3 (.text:ti_sysbios_BIOS_atExitFunc__I)
                  000068c8    00000030     sysbios.aem3 : mangled__BIOS_lib.obj (.text:ti_sysbios_family_arm_cc26xx_Power_registerNotify__E)
                  000068f8    00000030                  : mangled__BIOS_lib.obj (.text:ti_sysbios_family_arm_cc26xx_Power_switchXOSC_HF__E)
                  00006928    0000002c     driverlib.lib : aon_batmon.obj (.text:AONBatMonTemperatureGetDegC)
                  00006954    0000002c     peripheral.obj (.text:GAPRole_TerminateConnection)
                  00006980    0000002c     ICall.obj (.text:ICall_primFetchServiceMsg)
                  000069ac    0000002c     peripheral.obj (.text:ICall_registerApp)
                  000069d8    0000002c     simpleBLEPeripheral.obj (.text:ICall_registerApp)
                  00006a04    0000002c     ICallBleAPI.obj (.text:ICall_sendServiceMsg)
                  00006a30    0000002c     PINCC26XX.obj (.text:PINCC26XX_setMux)
                  00006a5c    0000002c     simpleBLEPeripheral.obj (.text:SimpleBLEPeripheral_enqueueMsg)
                  00006a88    0000002a     ICall.obj (.text:ICall_msgDequeue)
                  00006ab2    0000002a     ICall.obj (.text:ICall_msgPrepend)
                  00006adc    0000002a     ICall.obj (.text:ICall_primAllocMsg)
                  00006b06    0000002a     UDMACC26XX.obj (.text:UDMACC26XX_close)
                  00006b30    00000028     ICallBleAPI.obj (.text:GAPBondMgr_LinkTerm)
                  00006b58    00000028     ICallBleAPI.obj (.text:GAPBondMgr_Register)
                  00006b80    00000028     ICallBleAPI.obj (.text:ICall_allocMsg)
                  00006ba8    00000028     ICallBleAPI.obj (.text:ICall_getEntityId)
                  00006bd0    00000028     ICallBleAPI.obj (.text:ICall_getLocalMsgEntityId)
                  00006bf8    00000028     devinfoservice.obj (.text:ICall_malloc)
                  00006c20    00000028     simpleBLEPeripheral.obj (.text:ICall_malloc)
                  00006c48    00000028     simpleGATTprofile.obj (.text:ICall_malloc)
                  00006c70    00000028     util.obj (.text:ICall_malloc)
                  00006c98    00000028     ICallBleAPI.obj (.text:ICall_threadServes)
                  00006cc0    00000028     driverlib.lib : aon_rtc.obj (.text:NOROM_AONRTCCurrentCompareValueGet)
                  00006ce8    00000028     gattservapp_util.obj (.text:gattServApp_FindCharCfgItem)
                  00006d10    00000028     ICallBleAPI.obj (.text:matchProfileCS)
                  00006d38    00000028     appBLE_pem3.oem3 (.text:ti_sysbios_family_arm_cc26xx_Power_isDependencyActive)
                  00006d60    00000028     sysbios.aem3 : mangled__BIOS_lib.obj (.text:ti_sysbios_family_arm_cc26xx_Timer_getMaxTicks__E)
                  00006d88    00000026     gattservapp_util.obj (.text:GATTServApp_WriteCharCfg)
                  00006dae    00000026     ICall.obj (.text:ICall_dispatch)
                  00006dd4    00000026     LCDDogm1286.obj (.text:LCD_sendArray)
                  00006dfa    00000026     driverlib.lib : osc.obj (.text:NOROM_OSCClockSourceGet)
                  00006e20    00000026     ICallBleAPI.obj (.text:waitMatchCS)
                  00006e46    00000002     --HOLE-- [fill = 0]
                  00006e48    00000024     peripheral.obj (.text:GAPRole_StartDevice)
                  00006e6c    00000024     ICallBleAPI.obj (.text:GATT_bm_alloc)
                  00006e90    00000024     ICallBleAPI.obj (.text:HCI_EXT_ConnEventNoticeCmd)
                  00006eb4    00000024     main.obj (.text:main)
                  00006ed8    00000024     appBLE_pem3.oem3 (.text:ti_sysbios_BIOS_registerRTSLock__I)
                  00006efc    00000024     appBLE_pem3.oem3 (.text:ti_sysbios_BIOS_removeRTSLock__I)
                  00006f20    00000024     appBLE_pem3.oem3 (.text:ti_sysbios_BIOS_startFunc__I)
                  00006f44    00000024     sysbios.aem3 : mangled__BIOS_lib.obj (.text:ti_sysbios_family_arm_cc26xx_Timer_dynamicStub__E)
                  00006f68    00000022     gattservapp_util.obj (.text:GATTServApp_FindAttr)
                  00006f8a    00000002     --HOLE-- [fill = 0]
                  00006f8c    00000020     devinfoservice.obj (.text:ICall_free)
                  00006fac    00000020     simpleBLEPeripheral.obj (.text:ICall_free)
                  00006fcc    00000020     util.obj (.text:ICall_free)
                  00006fec    00000020     ICall.obj (.text:ICall_freeMsg)
                  0000700c    00000020     ICallBleAPI.obj (.text:ICall_freeMsg)
                  0000702c    00000020     peripheral.obj (.text:ICall_freeMsg)
                  0000704c    00000020     simpleBLEPeripheral.obj (.text:ICall_freeMsg)
                  0000706c    00000020     ICall.obj (.text:ICall_primService)
                  0000708c    00000020     ICall.obj (.text:ICall_searchService)
                  000070ac    00000020     peripheral.obj (.text:ICall_wait)
                  000070cc    00000020     simpleBLEPeripheral.obj (.text:ICall_wait)
                  000070ec    00000020     PINCC26XX.obj (.text:PIN_close)
                  0000710c    00000020     simpleBLEPeripheral.obj (.text:doUrgentWork)
                  0000712c    00000020     appBLE_pem3.oem3 (.text:ti_sysbios_BIOS_rtsLock__I)
                  0000714c    00000020     sysbios.aem3 : mangled__BIOS_lib.obj (.text:ti_sysbios_family_arm_cc26xx_TimestampProvider_get32__E)
                  0000716c    0000001e     ICallBleAPI.obj (.text:GATT_Notification)
                  0000718a    0000001e     ICall.obj (.text:ICall_primSendServiceMsg)
                  000071a8    0000001e     util.obj (.text:Util_dequeueMsg)
                  000071c6    0000001e     ICallBleAPI.obj (.text:getStatusValueFromErrNo)
                  000071e4    0000001e     ICallBleAPI.obj (.text:matchHciCS)
                  00007202    00000002     --HOLE-- [fill = 0]
                  00007204    0000001c     ICallBleAPI.obj (.text:GATT_bm_free)
                  00007220    0000001c     ICall.obj (.text:ICall_abort)
                  0000723c    0000001c     PINCC26XX.obj (.text:PINCC26XX_setIoCfgMux)
                  00007258    0000001c     UDMACC26XX.obj (.text:UDMACC26XX_initHw)
                  00007274    0000001c     sysbios.aem3 : mangled__BIOS_lib.obj (.text:ti_sysbios_family_arm_cc26xx_Power_unregisterNotify__E)
                  00007290    0000001a     ICallCC2650.obj (.text:ICallPlatform_pwrDispense)
                  000072aa    0000001a     ICallCC2650.obj (.text:ICallPlatform_pwrRequire)
                  000072c4    0000001a     ICall.obj (.text:ICall_enterCSImpl)
                  000072de    0000001a     ICall.obj (.text:ICall_primMalloc)
                  000072f8    0000001a     ICall.obj (.text:ICall_primSetTimerMSecs)
                  00007312    0000001a     simpleBLEPeripheral.obj (.text:SimpleBLEPeripheral_processAppMsg)
                  0000732c    0000001a     ICallBleAPI.obj (.text:matchGattIndNotiCS)
                  00007346    00000018     driverlib.lib : chipinfo.obj (.text:ChipInfo_GetPackageType)
                  0000735e    00000002     --HOLE-- [fill = 0]
                  00007360    00000018     ICallBleAPI.obj (.text:GGS_SetParameter)
                  00007378    00000018     ICall.obj (.text:ICall_initPrim)
                  00007390    00000018     ICall.obj (.text:ICall_primStopTimer)
                  000073a8    00000018     PINCC26XX.obj (.text:PIN_getConfig)
                  000073c0    00000018     SPI.obj (.text:SPI_open)
                  000073d8    00000018     simpleBLEPeripheral.obj (.text:SimpleBLEPeripheral_clockHandler)
                  000073f0    00000018     peripheral.obj (.text:gapRole_setEvent)
                  00007408    00000018     rtsv7M3_T_le_eabi.lib : args_main.obj (.text)
                  00007420    00000018                           : ll_mul_t2.obj (.text)
                  00007438    00000018     appBLE_pem3.oem3 (.text:ti_sysbios_BIOS_rtsUnlock__I)
                  00007450    00000018     appBLE_pem3.oem3 (.text:ti_sysbios_family_arm_cc26xx_Power_RFCORECLKS)
                  00007468    00000018     sysbios.aem3 : mangled__BIOS_lib.obj (.text:ti_sysbios_family_arm_cc26xx_Timer_getCount64__E)
                  00007480    00000018     appBLE_pem3.oem3 (.text:ti_sysbios_rom_cortexm_cc26xx_CC26xx_checkRevision__E)
                  00007498    00000016     appBLE_pem3.oem3 (.text:ti_sysbios_BIOS_exitFunc__I)
                  000074ae    00000002     --HOLE-- [fill = 0]
                  000074b0    00000014     devinfoservice.obj (.text:DevInfo_AddService)
                  000074c4    00000014     ICallCC2650.obj (.text:ICallPlatform_pwrIsStableXOSCHF)
                  000074d8    00000014     ICall.obj (.text:ICall_leaveCSImpl)
                  000074ec    00000014     LCDDogm1286.obj (.text:LCD_Params_init)
                  00007500    00000014     PINCC26XX.obj (.text:PINCC26XX_getOutputValue)
                  00007514    00000014     SPICC26XXDMA.obj (.text:SPICC26XXDMA_init)
                  00007528    00000014     SPI.obj (.text:SPI_Params_init)
                  0000753c    00000014     simpleBLEPeripheral.obj (.text:SimpleBLEPeripheral_processStackMsg)
                  00007550    00000014     simpleGATTprofile.obj (.text:SimpleProfile_RegisterAppCBs)
                  00007564    00000014     driverlib.lib : chipinfo.obj (.text:ThisCodeIsBuiltForCC26xxHwRev22AndLater_HaltIfViolated)
                  00007578    00000014     rtsv7M3_T_le_eabi.lib : _lock.obj (.text)
                  0000758c    00000014                           : strlen.obj (.text)
                  000075a0    00000014     ICallBleAPI.obj (.text:setICallCmdEvtHdr)
                  000075b4    00000014     appBLE_pem3.oem3 (.text:ti_sysbios_knl_Clock_doTick__I)
                  000075c8    00000012     LCDDogm1286.obj (.text:LCD_update)
                  000075da    00000012     appBLE_pem3.oem3 (.text:xdc_runtime_Startup_exec__I)
                  000075ec    00000010     ICallBleAPI.obj (.text:GAP_UpdateLinkParamReq)
                  000075fc    00000010     gattservapp_util.obj (.text:GATTServApp_ReadCharCfg)
                  0000760c    00000010     ICallCC2650.obj (.text:ICallPlatform_pwrGetXOSCStartupTime)
                  0000761c    00000010     ICall.obj (.text:ICall_primGetTickPeriod)
                  0000762c    00000010     ICall.obj (.text:ICall_taskEntry)
                  0000763c    00000010     util.obj (.text:Util_isActive)
                  0000764c    0000000e     ICallCC2650.obj (.text:ICallPlatform_pwrGetTransitionState)
                  0000765a    0000000e     ICall.obj (.text:ICall_primDisableMInt)
                  00007668    0000000e     ICall.obj (.text:ICall_primEnableMInt)
                  00007676    0000000e     ICall.obj (.text:ICall_primFreeMsg)
                  00007684    0000000e     ICall.obj (.text:ICall_primGetTicks)
                  00007692    0000000e     driverlib.lib : vims.obj (.text:NOROM_VIMSModeGet)
                  000076a0    0000000e     util.obj (.text:Util_constructQueue)
                  000076ae    0000000e     rtsv7M3_T_le_eabi.lib : copy_decompress_none.obj (.text:decompress:none)
                  000076bc    0000000e     ICallBleAPI.obj (.text:matchGSARegisterServiceCS)
                  000076ca    0000000e     ICallBleAPI.obj (.text:matchGapLinkEstCS)
                  000076d8    0000000e     ICallBleAPI.obj (.text:matchGattSendRspCS)
                  000076e6    0000000e     ICallBleAPI.obj (.text:matchLinkDBNumConnsCS)
                  000076f4    0000000e     ICallBleAPI.obj (.text:setDispatchCmdEvtHdr)
                  00007702    00000002     --HOLE-- [fill = 0]
                  00007704    0000000c     ICallBleAPI.obj (.text:GAP_MakeDiscoverable)
                  00007710    0000000c     ICallBleAPI.obj (.text:GAP_TerminateAuth)
                  0000771c    0000000c     ICallBleAPI.obj (.text:GATT_Indication)
                  00007728    0000000c     ICall.obj (.text:ICall_clockFunc)
                  00007734    0000000c     ICall.obj (.text:ICall_primDisableInt)
                  00007740    0000000c     ICall.obj (.text:ICall_primEnableInt)
                  0000774c    0000000c     ICall.obj (.text:ICall_primFree)
                  00007758    0000000c     ICall.obj (.text:ICall_primSignal)
                  00007764    0000000c     driverlib.lib : cpu.obj (.text:NOROM_CPUcpsid)
                  00007770    0000000c                   : cpu.obj (.text:NOROM_CPUcpsie)
                  0000777c    0000000c     PINCC26XX.obj (.text:PIN_registerIntCb)
                  00007788    0000000c     rtsv7M3_T_le_eabi.lib : copy_zero_init.obj (.text:decompress:ZI)
                  00007794    0000000c     ICallBleAPI.obj (.text:matchProfileSetParamCS)
                  000077a0    0000000c     SPICC26XXDMA.obj (.text:spiPostNotify)
                  000077ac    0000000c     sysbios.aem3 : mangled__BIOS_lib.obj (.text:ti_sysbios_BIOS_getThreadType__E)
                  000077b8    0000000c                  : mangled__BIOS_lib.obj (.text:ti_sysbios_family_arm_cc26xx_Power_getConstraintInfo__E)
                  000077c4    0000000c                  : mangled__BIOS_lib.obj (.text:ti_sysbios_family_arm_cc26xx_Power_getDependencyCount__E)
                  000077d0    0000000c                  : mangled__BIOS_lib.obj (.text:ti_sysbios_family_arm_cc26xx_Power_getTransitionState__E)
                  000077dc    0000000c                  : mangled__BIOS_lib.obj (.text:ti_sysbios_hal_Hwi_Params__init__S)
                  000077e8    0000000c     appBLE_pem3.oem3 (.text:xdc_runtime_Startup_reset__I)
                  000077f4    0000000a     ICallCC2650.obj (.text:ICallPlatform_pwrSwitchXOSCHF)
                  000077fe    0000000a     ICall.obj (.text:ICall_primAbort)
                  00007808    0000000a     ICall.obj (.text:ICall_primE2S)
                  00007812    0000000a     SPI.obj (.text:SPI_transfer)
                  0000781c    0000000a     UDMACC26XX.obj (.text:UDMACC26XX_hwiIntFxn)
                  00007826    00000008     ICallBleAPI.obj (.text:GAP_RegisterForMsgs)
                  0000782e    00000008     ICallBleAPI.obj (.text:GATT_RegisterForMsgs)
                  00007836    00000008     ICallBleAPI.obj (.text:GGS_AddService)
                  0000783e    00000008     SPICC26XXDMA.obj (.text:SPICC26XXDMA_transferCallback)
                  00007846    00000008     simpleBLEPeripheral.obj (.text:SimpleBLEPeripheral_charValueChangeCB)
                  0000784e    00000008     simpleBLEPeripheral.obj (.text:SimpleBLEPeripheral_stateChangeCB)
                  00007856    00000008     ICallBleAPI.obj (.text:gattAddService)
                  0000785e    00000008     ICallBleAPI.obj (.text:matchHciExtConnEventNoticeCS)
                  00007866    00000006     ICallBleAPI.obj (.text:GATTServApp_AddService)
                  0000786c    00000006     ICall.obj (.text:ICall_mallocImpl)
                  00007872    00000006     driverlib.lib : cpu.obj (.text:NOROM_CPUdelay)
                  00007878    00000006     sysbios.aem3 : mangled__BIOS_lib.obj (.text:__xdc__init)
                  0000787e    00000006     rtsv7M3_T_le_eabi.lib : copy_decompress_rle.obj (.text:decompress:rle24)
                  00007884    00000006     ICallBleAPI.obj (.text:matchBondMgrSetParamCS)
                  0000788a    00000006     ICallBleAPI.obj (.text:matchGGSSetParamCS)
                  00007890    00000006     ICallBleAPI.obj (.text:matchGapDeviceInitCS)
                  00007896    00000006     ICallBleAPI.obj (.text:matchGapEndDiscoverableCS)
                  0000789c    00000006     ICallBleAPI.obj (.text:matchGapGetParamCS)
                  000078a2    00000006     ICallBleAPI.obj (.text:matchGapMakeDiscoverableCS)
                  000078a8    00000006     ICallBleAPI.obj (.text:matchGapSetParamCS)
                  000078ae    00000006     ICallBleAPI.obj (.text:matchGapTerminateAuthCS)
                  000078b4    00000006     ICallBleAPI.obj (.text:matchGapTerminateLinkReqCS)
                  000078ba    00000006     ICallBleAPI.obj (.text:matchGapUpdateAdvDataCS)
                  000078c0    00000006     ICallBleAPI.obj (.text:matchGapUpdateLinkParamReqCS)
                  000078c6    00000006     ICallBleAPI.obj (.text:matchUtilNvReadCS)
                  000078cc    00000006     ICallBleAPI.obj (.text:matchUtilNvWriteCS)
                  000078d2    00000004     util.obj (.text:Util_startClock)
                  000078d6    00000004     util.obj (.text:Util_stopClock)
                  000078da    00000004     appBLE_pem3.oem3 (.text:ti_sysbios_family_arm_cc26xx_Power_NOP)
                  000078de    00000004     sysbios.aem3 : mangled__BIOS_lib.obj (.text:ti_sysbios_knl_Clock_isActive__E)
                  000078e2    00000002     --HOLE-- [fill = 0]
                  000078e4    00000008     (.tramp.xdc_runtime_Core_assignParams__I.1)
                  000078ec    00000008     (.tramp.ti_sysbios_hal_Hwi_enableInterrupt__E.1)
                  000078f4    00000008     (.tramp.ti_sysbios_hal_Hwi_disableInterrupt__E.1)
                  000078fc    00000008     (.tramp.ti_sysbios_knl_Queue_construct.1)
                  00007904    00000008     (.tramp.ti_sysbios_knl_Task_enable__E.1)
                  0000790c    00000008     (.tramp.ti_sysbios_family_arm_m3_Hwi_enableFxn__E.1)
                  00007914    00000008     (.tramp.xdc_runtime_Startup_startMods__I.1)
                  0000791c    00000008     (.tramp.ti_sysbios_knl_Swi_post__E.1)
                  00007924    00000008     (.tramp.ti_sysbios_knl_Clock_logTick__E.1)
                  0000792c    00000008     (.tramp.ti_sysbios_BIOS_RtsGateProxy_leave__E.1)
                  00007934    00000008     (.tramp.ti_sysbios_knl_Queue_remove__E.1)
                  0000793c    00000008     (.tramp.ti_sysbios_knl_Queue_dequeue__E.1)
                  00007944    00000008     (.tramp.ti_sysbios_BIOS_RtsGateProxy_enter__E.1)
                  0000794c    00000008     (.tramp.ti_sysbios_knl_Task_startup__E.1)
                  00007954    00000008     (.tramp.ti_sysbios_knl_Swi_startup__E.1)
                  0000795c    00000008     (.tramp.ti_sysbios_hal_Hwi_startup__E.1)
                  00007964    00000008     (.tramp.ti_sysbios_family_arm_cc26xx_Timer_startup__E.1)
                  0000796c    00000008     (.tramp.xdc_runtime_System_atexit__E.1)
                  00007974    00000008     (.tramp.ti_sysbios_BIOS_start__E.1)
                  0000797c    00000008     (.tramp.ti_sysbios_knl_Queue_put__E.1)
                  00007984    00000008     (.tramp.ti_sysbios_BIOS_setThreadType__E.1)
                  0000798c    00000008     (.tramp.ti_sysbios_knl_Queue_enqueue__E.1)
                  00007994    00000008     (.tramp.ti_sysbios_hal_Hwi_create.1)
                  0000799c    00000008     (.tramp.ti_sysbios_knl_Task_construct.1)
                  000079a4    00000008     (.tramp.xdc_runtime_System_exit__E.1)
                  000079ac    00000008     (.tramp.ti_sysbios_knl_Semaphore_destruct.1)
                  000079b4    00000008     (.tramp.ti_sysbios_family_arm_m3_Hwi_destruct.1)
                  000079bc    00000008     (.tramp.ti_sysbios_knl_Clock_construct.1)
                  000079c4    00000008     (.tramp.ti_sysbios_BIOS_getCpuFreq__E.1)
                  000079cc    00000008     (.tramp.ti_sysbios_knl_Task_sleep__E.1)
                  000079d4    00000008     (.tramp.ti_sysbios_knl_Semaphore_create.1)
                  000079dc    00000008     (.tramp.ti_sysbios_knl_Task_create.1)
                  000079e4    00000008     (.tramp.ti_sysbios_knl_Task_Params__init__S.1)
                  000079ec    00000008     (.tramp.ti_sysbios_knl_Clock_create.1)
                  000079f4    00000008     (.tramp.ti_sysbios_knl_Clock_Params__init__S.1)
                  000079fc    00000008     (.tramp.ti_sysbios_knl_Clock_scheduleNextTick__E.1)
                  00007a04    00000008     (.tramp.ti_sysbios_knl_Clock_walkQueueDynamic__E.1)
                  00007a0c    00000008     (.tramp.ti_sysbios_knl_Clock_stop__E.1)
                  00007a14    00000008     (.tramp.ti_sysbios_knl_Clock_start__E.1)
                  00007a1c    00000008     (.tramp.ti_sysbios_knl_Clock_setTimeout__E.1)
                  00007a24    00000008     (.tramp.ti_sysbios_knl_Clock_TimerProxy_getCurrentTick__E.1)
                  00007a2c    00000008     (.tramp.ti_sysbios_knl_Semaphore_post__E.1)
                  00007a34    00000008     (.tramp.ti_sysbios_knl_Semaphore_pend__E.1)
                  00007a3c    00000008     (.tramp.ti_sysbios_knl_Clock_getTicks__E.1)
                  00007a44    00000008     (.tramp.ti_sysbios_knl_Task_self__E.1)
                  00007a4c    00000008     (.tramp.ti_sysbios_family_arm_m3_Hwi_restoreFxn__E.1)
                  00007a54    00000008     (.tramp.ti_sysbios_family_arm_m3_Hwi_disableFxn__E.1)
                  00007a5c    00000008     (.tramp.ti_sysbios_family_arm_m3_Hwi_construct.1)
                  00007a64    00000008     (.tramp.ti_sysbios_family_arm_m3_Hwi_Params__init__S.1)
                  00007a6c    00000008     (.tramp.ti_sysbios_knl_Semaphore_construct.1)
                  00007a74    00000008     (.tramp.ti_sysbios_knl_Semaphore_Params__init__S.1)
[...]
1001c26d  ti_sysbios_gates_GateMutex_delete                                         
1001c271  ti_sysbios_gates_GateMutex_destruct                                       
1001c275  ti_sysbios_BIOS_RtsGateProxy_query__E                                     
1001c275  ti_sysbios_gates_GateMutex_query__E                                       
1001c275  ti_sysbios_heaps_HeapMem_Module_GateProxy_query__E                        
1001c279  ti_sysbios_hal_Hwi_HwiProxy_Module__startupDone__S                        
1001c27d  ti_sysbios_hal_Hwi_HwiProxy_delete                                        
1001c281  ti_sysbios_hal_Hwi_HwiProxy_disableInterrupt__E                           
1001c281  ti_sysbios_hal_Hwi_disableInterrupt__E                                    
1001c285  ti_sysbios_hal_Hwi_HwiProxy_enableInterrupt__E                            
1001c285  ti_sysbios_hal_Hwi_enableInterrupt__E                                     
1001c289  ti_sysbios_hal_Hwi_HwiProxy_getStackInfo__E                               
1001c289  ti_sysbios_hal_Hwi_getStackInfo__E                                        
1001c28d  ti_sysbios_hal_Hwi_HwiProxy_startup__E                                    
1001c28d  ti_sysbios_hal_Hwi_startup__E                                             
1001c291  ti_sysbios_hal_Hwi_HwiProxy_switchFromBootStack__E                        
1001c295  ti_sysbios_hal_Hwi_delete                                                 
1001c299  ti_sysbios_hal_Hwi_switchFromBootStack__E                                 
1001c29d  ti_sysbios_heaps_HeapMem_Module_GateProxy_enter__E                        
1001c2a1  ti_sysbios_heaps_HeapMem_Module_GateProxy_leave__E                        
1001c2a5  ti_sysbios_heaps_HeapMem_isBlocking__E                                    
1001c2a9  ti_sysbios_knl_Clock_TimerProxy_Module__startupDone__S                    
1001c2ad  ti_sysbios_knl_Clock_TimerProxy_getExpiredTicks__E                        
1001c2b1  ti_sysbios_knl_Clock_TimerProxy_getPeriod__E                              
1001c2b5  ti_sysbios_knl_Clock_delete                                               
1001c2b9  ti_sysbios_knl_Clock_destruct                                             
1001c2bd  ti_sysbios_knl_Clock_removeI__E                                           
1001c2c1  ti_sysbios_knl_Clock_setTimeout__E                                        
1001c2c5  ti_sysbios_knl_Mailbox_delete                                             
1001c2c9  ti_sysbios_knl_Mailbox_destruct                                           
1001c2cd  ti_sysbios_knl_Queue_delete                                               
1001c2d1  ti_sysbios_knl_Queue_destruct                                             
1001c2d5  ti_sysbios_knl_Queue_head__E                                              
1001c2d9  ti_sysbios_knl_Queue_next__E                                              
1001c2dd  ti_sysbios_knl_Semaphore_delete                                           
1001c2e1  ti_sysbios_knl_Semaphore_destruct                                         
1001c2e5  ti_sysbios_knl_Swi_delete                                                 
1001c2e9  ti_sysbios_knl_Swi_destruct                                               
1001c2ed  ti_sysbios_knl_Swi_postInit__I                                            
1001c2f1  ti_sysbios_knl_Task_SupportProxy_Module__startupDone__S                   
1001c2f5  ti_sysbios_knl_Task_SupportProxy_getStackAlignment__E                     
1001c2f9  ti_sysbios_knl_Task_SupportProxy_start__E                                 
1001c2fd  ti_sysbios_knl_Task_SupportProxy_swap__E                                  
1001c301  ti_sysbios_knl_Task_delete                                                
1001c305  ti_sysbios_knl_Task_destruct                                              
1001c309  ti_sysbios_knl_Task_startup__E                                            
1001c30d  xdc_runtime_Startup_startMods__I                                          
1001c405  xdc_runtime_Core_createObject__I                                          
1001c487  xdc_runtime_Error_policySpin__E                                           
1001c489  xdc_runtime_Memory_alloc__E                                               
1001c4f9  xdc_runtime_Core_deleteObject__I                                          
1001c559  xdc_runtime_Startup_exec__E                                               
1001c5a9  xdc_runtime_Assert_raise__I                                               
1001c5f1  xdc_runtime_Core_assignParams__I                                          
1001c639  xdc_runtime_Core_constructObject__I                                       
1001c681  xdc_runtime_System_atexit__E                                              
1001c6b9  xdc_runtime_System_processAtExit__E                                       
1001c6ed  xdc_runtime_Core_assignLabel__I                                           
1001c71d  xdc_runtime_Text_cordText__E                                              
1001c749  xdc_runtime_System_abort__E                                               
1001c769  xdc_runtime_Error_raiseX__E                                               
1001c785  xdc_runtime_Memory_valloc__E                                              
1001c7a1  xdc_runtime_Core_destructObject__I                                        
1001c7b9  xdc_runtime_Error_check__E                                                
1001c7d1  xdc_runtime_System_exit__E                                                
1001c7e9  xdc_runtime_Text_ropeText__E                                              
1001c801  xdc_runtime_Memory_free__E                                                
1001c811  xdc_runtime_SysCallback_abort__E                                          
1001c821  xdc_runtime_SysCallback_exit__E                                           
1001c831  xdc_runtime_Timestamp_SupportProxy_get32__E                               
1001c831  xdc_runtime_Timestamp_get32__E                                            
1001c841  xdc_runtime_Error_init__E                                                 
1001c84d  xdc_runtime_Memory_calloc__E                                              
1001c859  xdc_runtime_Memory_getMaxDefaultTypeAlign__E                              
1001c879  xdc_runtime_Gate_leaveSystem__E                                           
1001c87f  xdc_runtime_System_Module_startup__E                                      
1001c885  xdc_runtime_Gate_enterSystem__E                                           
1001c889  xdc_runtime_Memory_HeapProxy_alloc__E                                     
1001c88d  xdc_runtime_Memory_HeapProxy_free__E                                      
1001c891  xdc_runtime_System_Module_GateProxy_enter__E                              
1001c895  xdc_runtime_System_Module_GateProxy_leave__E                              
1001c899  xdc_runtime_System_abortSpin__E                                           
1001c89b  xdc_runtime_System_exitSpin__E                                            
1001c89d  ti_sysbios_family_arm_m3_Hwi_dispatch__I                                  
1001c96d  ti_sysbios_family_arm_m3_TaskSupport_buildTaskStack                       
1001c9b9  ti_sysbios_family_arm_m3_Hwi_initStacks__E                                
1001ca01  ti_sysbios_family_arm_m3_Hwi_excHandlerAsm__I                             
1001ca21  ti_sysbios_family_xxx_Hwi_switchAndRunFunc                                
1001ca3f  ti_sysbios_family_arm_m3_Hwi_pendSV__I                                    
1001ca57  ti_sysbios_family_arm_m3_Hwi_return                                       
1001ca59  ti_sysbios_family_arm_m3_TaskSupport_glue                                 
1001ca69  ti_sysbios_family_arm_m3_TaskSupport_swap__E                              
1001ca71  ti_sysbios_knl_Task_swapReturn                                            
1001ca9b  ti_sysbios_rom_cortexm_cc26xx_CC26xx_getRevision__E                       
20000000  ti_sysbios_family_arm_m3_Hwi_ramVectors                                   
20000100  ti_sysbios_knl_Task_Module__state__V                                      
20000144  ti_sysbios_family_arm_m3_Hwi_Module__state__V                             
20000178  ti_sysbios_knl_Clock_Module__state__V                                     
200001a4  ti_sysbios_BIOS_Module__state__V                                          
200001c8  ti_sysbios_knl_Swi_Module__state__V                                       
200001e4  ti_sysbios_family_arm_cc26xx_Timer_Module__state__V                       
200001ec  ti_sysbios_family_arm_cc26xx_TimestampProvider_Module__state__V           
200001f0  xdc_runtime_Startup_Module__state__V                                      
200001f8  xdc_runtime_System_Module__state__V                                       
20000200  xdc_runtime_Memory_Module__state__V                                       
20000f90  ti_sysbios_heaps_HeapMem_Instance_State_0_buf__A                          
20001610  sbpTaskStack                                                              
200018cc  gapRoleTaskStack                                                          
20001ad8  ti_sysbios_knl_Task_Instance_State_0_stack__A                             
20001cd8  spiCC26XXDMAObjects                                                       
20001e28  ADXLbuffer                                                                
20001efc  ti_sysbios_family_arm_m3_Hwi_dispatchTable                                
20001fc4  PIN_HandleTable                                                           
20002040  gapRoleTask                                                               
20002090  sbpTask                                                                   
20002128  lcdObject                                                                 
2000222c  UdmaObjects                                                               
20002284  charValue2                                                                
200022cc  LCDPinState                                                               
2000230c  PIN_NumPins                                                               
20002318  hLCDPins                                                                  
20002342  driverlib_release_0_43243                                                 
20002349  linkDBNumConns                                                            
20002350  lcdBuffer0                                                                
20002990  ti_sysbios_family_arm_cc26xx_Power_refCount                               
200029a3  ti_sysbios_family_arm_cc26xx_Power_constraintCounts                       
200029a8  ti_sysbios_family_arm_cc26xx_Power_resourceHandlers                       
200029b4  ti_sysbios_family_arm_cc26xx_Timer_Module__root__V                        
200029bc  ti_sysbios_family_arm_m3_Hwi_Module__root__V                              
200029c4  ti_sysbios_family_arm_m3_Hwi_Module_State_0_excActive__A                  
200029c8  ti_sysbios_family_arm_m3_Hwi_Module_State_0_excContext__A                 
200029cc  ti_sysbios_family_arm_m3_Hwi_Module_State_0_excStack__A                   
200029d0  ti_sysbios_gates_GateHwi_Module__root__V                                  
200029d8  ti_sysbios_gates_GateHwi_Object__table__V                                 
200029dc  ti_sysbios_gates_GateMutex_Module__root__V                                
200029e4  ti_sysbios_hal_Hwi_Module__root__V                                        
200029ec  ti_sysbios_heaps_HeapMem_Module__root__V                                  
200029f4  ti_sysbios_heaps_HeapMem_Object__table__V                                 
20002a0c  ti_sysbios_knl_Clock_Module__root__V                                      
20002a14  ti_sysbios_knl_Event_Module__root__V                                      
20002a1c  ti_sysbios_knl_Mailbox_Module__root__V                                    
20002a24  ti_sysbios_knl_Queue_Module__root__V                                      
20002a2c  ti_sysbios_knl_Semaphore_Module__root__V                                  
20002a34  ti_sysbios_knl_Semaphore_Object__table__V                                 
20002a48  ti_sysbios_knl_Swi_Module__root__V                                        
20002a50  ti_sysbios_knl_Task_Module__root__V                                       
20002a58  ti_sysbios_knl_Task_Module_State_0_idleTask__A                            
20002a5c  __xdc__init__addr                                                         
20002bd1  count                                                                     
20002bd2  counter                                                                   
20002bd4  firstFlag                                                                 
20002bd8  pinTable                                                                  
20002be8  FRAMregisterRead                                                          
20002bea  FRAMregisterAcc                                                           
20002bec  FRAMregisterGyro                                                          
20002bee  registerCount                                                             
20002bf0  FRAMfull                                                                  
20002bf4  connectedFlag                                                             
20002bf8  boschCount                                                                
20002c7c  ti_sysbios_family_arm_cc26xx_Power_Module__state__V                       
20002cec  rfRegTbl                                                                  
20002d40  TSK_idle                                                                  
20002d40  ti_sysbios_knl_Task_Object__table__V                                      
20002d8c  main_func_sp                                                              
20002d90  ti_sysbios_family_arm_cc26xx_Timer_Object__table__V                       
20002dd8  BoardGpioInitTable                                                        
20002e14  ti_sysbios_gates_GateMutex_Object__table__V                               
20002e4c  ti_sysbios_family_arm_m3_Hwi_Object__table__V                             
20002e7c  ti_sysbios_knl_Swi_Module_State_0_readyQ__A                               
20002eac  ti_sysbios_knl_Swi_Object__table__V                                       
20002edc  ti_sysbios_knl_Task_Module_State_0_readyQ__A                              
20002f0c  lcdBuffers                                                                
20002f30  user0Cfg                                                                  
20002f6c  ICall_enterCriticalSection                                                
20002f70  ICall_leaveCriticalSection                                                
20002f78  ICall_dispatcher                                                          
20002f7c  lastAppOpcodeSent                                                         
20002f80  pfnBMAlloc                                                                
20002f84  pfnBMFree                                                                 
20002f8c  LCDPinTable                                                               
20002f9c  _lock                                                                     
20002fa0  _unlock                                                                   
20002fa4  __TI_cleanup_ptr                                                          
20002fa8  __TI_dtors_ptr                                                            
20003fe8  __stack                                                                   
200043e8  __STACK_END                                                               
200043e8  __STACK_TOP                                                               
e000e000  ti_sysbios_family_arm_m3_Hwi_nvic                                         
ffffffff  __binit__                                                                 
ffffffff  __c_args__                                                                
ffffffff  binit                                                                     
UNDEFED   SHT$$INIT_ARRAY$$Base                                                     
UNDEFED   SHT$$INIT_ARRAY$$Limit                                                    
UNDEFED   ti_sysbios_BIOS_RtsGateProxy_Handle__label__S__mangled__                  
UNDEFED   ti_sysbios_BIOS_RtsGateProxy_Object__delete__S__mangled__                 
UNDEFED   ti_sysbios_BIOS_RtsGateProxy_Params__init__S__mangled__                   
UNDEFED   ti_sysbios_BIOS_RtsGateProxy_query__E__mangled__                          
UNDEFED   ti_sysbios_hal_Hwi_HwiProxy_Module__startupDone__S__mangled__             
UNDEFED   ti_sysbios_hal_Hwi_HwiProxy_Object__delete__S__mangled__                  
UNDEFED   ti_sysbios_hal_Hwi_HwiProxy_Params__init__S__mangled__                    
UNDEFED   ti_sysbios_hal_Hwi_HwiProxy_disableInterrupt__E__mangled__                
UNDEFED   ti_sysbios_hal_Hwi_HwiProxy_enableInterrupt__E__mangled__                 
UNDEFED   ti_sysbios_hal_Hwi_HwiProxy_getStackInfo__E__mangled__                    
UNDEFED   ti_sysbios_hal_Hwi_HwiProxy_startup__E__mangled__                         
UNDEFED   ti_sysbios_hal_Hwi_HwiProxy_switchFromBootStack__E__mangled__             
UNDEFED   ti_sysbios_hal_Hwi_disableInterrupt__E__mangled__                         
UNDEFED   ti_sysbios_hal_Hwi_enableInterrupt__E__mangled__                          
UNDEFED   ti_sysbios_hal_Hwi_getStackInfo__E__mangled__                             
UNDEFED   ti_sysbios_hal_Hwi_startup__E__mangled__                                  
UNDEFED   ti_sysbios_hal_Hwi_switchFromBootStack__E__mangled__                      
UNDEFED   ti_sysbios_heaps_HeapMem_Module_GateProxy_Handle__label__S__mangled__     
UNDEFED   ti_sysbios_heaps_HeapMem_Module_GateProxy_Object__delete__S__mangled__    
UNDEFED   ti_sysbios_heaps_HeapMem_Module_GateProxy_Params__init__S__mangled__      
UNDEFED   ti_sysbios_heaps_HeapMem_Module_GateProxy_query__E__mangled__             
UNDEFED   ti_sysbios_knl_Clock_TimerProxy_Module__startupDone__S__mangled__         
UNDEFED   ti_sysbios_knl_Clock_TimerProxy_startup__E__mangled__                     
UNDEFED   ti_sysbios_knl_Task_SupportProxy_Module__startupDone__S__mangled__        
UNDEFED   ti_sysbios_knl_Task_SupportProxy_getStackAlignment__E__mangled__          
UNDEFED   ti_sysbios_knl_Task_SupportProxy_start__E__mangled__                      
UNDEFED   ti_sysbios_knl_Task_SupportProxy_swap__E__mangled__                       
UNDEFED   xdc_runtime_Main_Module_GateProxy_Handle__label__S                        
UNDEFED   xdc_runtime_Main_Module_GateProxy_Object__delete__S                       
UNDEFED   xdc_runtime_Main_Module_GateProxy_query__E                                
UNDEFED   xdc_runtime_Memory_HeapProxy_Handle__label__S__mangled__                  
UNDEFED   xdc_runtime_Memory_HeapProxy_Object__delete__S__mangled__                 
UNDEFED   xdc_runtime_System_Module_GateProxy_Handle__label__S__mangled__           
UNDEFED   xdc_runtime_System_Module_GateProxy_Object__delete__S__mangled__          
UNDEFED   xdc_runtime_System_Module_GateProxy_query__E__mangled__                   
UNDEFED   xdc_runtime_System_SupportProxy_abort__E                                  
UNDEFED   xdc_runtime_System_SupportProxy_exit__E                                   
UNDEFED   xdc_runtime_Timestamp_SupportProxy_get64__E__mangled__                    
UNDEFED   xdc_runtime_Timestamp_SupportProxy_getFreq__E__mangled__                  
UNDEFED   xdc_runtime_Timestamp_get32__E__mangled__                                 
UNDEFED   xdc_runtime_Timestamp_get64__E__mangled__                                 
UNDEFED   xdc_runtime_Timestamp_getFreq__E__mangled__                               

[864 symbols]
