******************************************************************************
                  TI ARM Linker PC v5.2.5                      
******************************************************************************
>> Linked Fri Nov 18 11:28:35 2016

OUTPUT FILE NAME:   <SimpleBLEPeripheral.out>
ENTRY POINT SYMBOL: "ResetISR"  address: 00006011


MEMORY CONFIGURATION

         name            origin    length      used     unused   attr    fill
----------------------  --------  ---------  --------  --------  ----  --------
  FLASH                 00000000   0000dfff  00008e16  000051e9  R  X
  FLASH_LAST_PAGE       0001f000   00001000  00000058  00000fa8  R  X
  SRAM                  20000000   000043eb  0000311b  000012d0  RW X


SEGMENT ALLOCATION MAP

run origin  load origin   length   init length attrs members
----------  ----------- ---------- ----------- ----- -------
00000000    00000000    00008e20   00008e20    r-x
  00000000    00000000    0000003c   0000003c    r-- .resetVecs
  0000003c    0000003c    000000c4   000000c4    r-x .text.1
  00000100    00000100    0000003c   0000003c    r-- .const:ti_sysbios_knl_Task_Object__PARAMS__C
  0000013c    0000013c    00000034   00000034    r-- .const:ti_sysbios_knl_Mailbox_Object__PARAMS__C
  00000170    00000170    00000030   00000030    r-- .const:ti_sysbios_family_arm_m3_Hwi_Object__PARAMS__C
  000001a0    000001a0    0000002c   0000002c    r-- .const:ti_sysbios_hal_Hwi_Object__PARAMS__C
  000001cc    000001cc    00000028   00000028    r-- .const:ti_sysbios_heaps_HeapMem_Module__FXNS__C
  000001f4    000001f4    00000028   00000028    r-- .const:ti_sysbios_knl_Swi_Object__PARAMS__C
  0000021c    0000021c    00000024   00000024    r-- .const:ti_sysbios_gates_GateHwi_Module__FXNS__C
  00000240    00000240    00000024   00000024    r-- .const:ti_sysbios_gates_GateMutex_Module__FXNS__C
  00000264    00000264    00000024   00000024    r-- .const:ti_sysbios_heaps_HeapMem_Object__PARAMS__C
  00000288    00000288    00000024   00000024    r-- .const:ti_sysbios_knl_Clock_Object__PARAMS__C
  000002ac    000002ac    00000024   00000024    r-- .const:ti_sysbios_knl_Semaphore_Object__PARAMS__C
  000002d0    000002d0    00000020   00000020    r-- .const:ti_sysbios_family_arm_m3_Hwi_Object__DESC__C
  000002f0    000002f0    00000020   00000020    r-- .const:ti_sysbios_gates_GateHwi_Object__DESC__C
  00000310    00000310    00000020   00000020    r-- .const:ti_sysbios_gates_GateMutex_Object__DESC__C
  00000330    00000330    00000020   00000020    r-- .const:ti_sysbios_hal_Hwi_Object__DESC__C
  00000350    00000350    00000020   00000020    r-- .const:ti_sysbios_heaps_HeapMem_Object__DESC__C
  00000370    00000370    00000020   00000020    r-- .const:ti_sysbios_knl_Clock_Object__DESC__C
  00000390    00000390    00000020   00000020    r-- .const:ti_sysbios_knl_Mailbox_Object__DESC__C
  000003b0    000003b0    00000020   00000020    r-- .const:ti_sysbios_knl_Queue_Object__DESC__C
  000003d0    000003d0    00000020   00000020    r-- .const:ti_sysbios_knl_Semaphore_Object__DESC__C
  000003f0    000003f0    00000020   00000020    r-- .const:ti_sysbios_knl_Swi_Object__DESC__C
  00000410    00000410    00000020   00000020    r-- .const:ti_sysbios_knl_Task_Object__DESC__C
  00000430    00000430    00000018   00000018    r-- .const:ti_sysbios_gates_GateHwi_Object__PARAMS__C
  00000448    00000448    00000018   00000018    r-- .const:ti_sysbios_gates_GateMutex_Object__PARAMS__C
  00000460    00000460    00000018   00000018    r-- .const:ti_sysbios_knl_Queue_Object__PARAMS__C
  00000478    00000478    00000008   00000008    r-- .const:ti_sysbios_knl_Idle_funcList__C
  00000480    00000480    00000004   00000004    r-x .text.2
  00000484    00000484    00000004   00000004    r-- .const:ti_sysbios_family_arm_cc26xx_Timer_startupNeeded__C
  00000488    00000488    00000004   00000004    r-- .const:ti_sysbios_family_arm_m3_Hwi_E_alreadyDefined__C
  0000048c    0000048c    00000004   00000004    r-- .const:ti_sysbios_family_arm_m3_Hwi_E_hwiLimitExceeded__C
  00000490    00000490    00000004   00000004    r-- .const:ti_sysbios_family_arm_m3_Hwi_NUM_INTERRUPTS__C
  00000494    00000494    00000004   00000004    r-- .const:ti_sysbios_family_arm_m3_Hwi_Object__count__C
  00000498    00000498    00000004   00000004    r-- .const:ti_sysbios_family_arm_m3_Hwi_Object__table__C
  0000049c    0000049c    00000004   00000004    r-- .const:ti_sysbios_family_arm_m3_Hwi_ccr__C
  000004a0    000004a0    00000004   00000004    r-- .const:ti_sysbios_family_arm_m3_Hwi_excHandlerFunc__C
  000004a4    000004a4    00000004   00000004    r-- .const:ti_sysbios_family_arm_m3_Hwi_nullIsrFunc__C
  000004a8    000004a8    00000004   00000004    r-- .const:ti_sysbios_family_arm_m3_Hwi_numSparseInterrupts__C
  000004ac    000004ac    00000004   00000004    r-- .const:ti_sysbios_family_arm_m3_Hwi_priGroup__C
  000004b0    000004b0    00000004   00000004    r-- .const:ti_sysbios_family_arm_m3_TaskSupport_stackAlignment__C
  000004b4    000004b4    00000004   00000004    r-- .const:ti_sysbios_heaps_HeapMem_E_memory__C
  000004b8    000004b8    00000004   00000004    r-- .const:ti_sysbios_heaps_HeapMem_Module__gateObj__C
  000004bc    000004bc    00000004   00000004    r-- .const:ti_sysbios_heaps_HeapMem_Object__count__C
  000004c0    000004c0    00000004   00000004    r-- .const:ti_sysbios_heaps_HeapMem_Object__table__C
  000004c4    000004c4    00000004   00000004    r-- .const:ti_sysbios_heaps_HeapMem_reqAlign__C
  000004c8    000004c8    00000004   00000004    r-- .const:ti_sysbios_knl_Clock_serviceMargin__C
  000004cc    000004cc    00000004   00000004    r-- .const:ti_sysbios_knl_Mailbox_Object__count__C
  000004d0    000004d0    00000004   00000004    r-- .const:ti_sysbios_knl_Mailbox_Object__table__C
  000004d4    000004d4    00000004   00000004    r-- .const:ti_sysbios_knl_Queue_Object__count__C
  000004d8    000004d8    00000004   00000004    r-- .const:ti_sysbios_knl_Queue_Object__table__C
  000004dc    000004dc    00000004   00000004    r-- .const:ti_sysbios_knl_Swi_Object__count__C
  000004e0    000004e0    00000004   00000004    r-- .const:ti_sysbios_knl_Swi_Object__table__C
  000004e4    000004e4    00000004   00000004    r-- .const:ti_sysbios_knl_Swi_numPriorities__C
  000004e8    000004e8    00000004   00000004    r-- .const:ti_sysbios_knl_Task_Object__count__C
  000004ec    000004ec    00000004   00000004    r-- .const:ti_sysbios_knl_Task_Object__table__C
  000004f0    000004f0    00000004   00000004    r-- .const:ti_sysbios_knl_Task_allBlockedFunc__C
  000004f4    000004f4    00000004   00000004    r-- .const:ti_sysbios_knl_Task_defaultStackHeap__C
  000004f8    000004f8    00000004   00000004    r-- .const:ti_sysbios_knl_Task_defaultStackSize__C
  000004fc    000004fc    00000004   00000004    r-- .const:ti_sysbios_knl_Task_numConstructedTasks__C
  00000500    00000500    00000002   00000002    r-x .text.3
  00000502    00000502    00000002   00000002    r-- .const:ti_sysbios_family_arm_cc26xx_Timer_Module__id__C
  00000504    00000504    00000002   00000002    r-- .const:ti_sysbios_family_arm_cc26xx_TimestampProvider_useClockTimer__C
  00000506    00000506    00000002   00000002    r-- .const:ti_sysbios_family_arm_m3_Hwi_Module__id__C
  00000508    00000508    00000002   00000002    r-- .const:ti_sysbios_gates_GateHwi_Module__id__C
  0000050a    0000050a    00000002   00000002    r-- .const:ti_sysbios_gates_GateMutex_Module__id__C
  0000050c    0000050c    00000002   00000002    r-- .const:ti_sysbios_heaps_HeapMem_Module__id__C
  0000050e    0000050e    00000002   00000002    r-- .const:ti_sysbios_knl_Task_initStackFlag__C
  00000510    00000510    00000001   00000001    r-- .const:ti_sysbios_knl_Clock_tickMode__C
  00000514    00000514    00000008   00000008    r-- .const:xdc_runtime_Startup_firstFxns__C
  0000051c    0000051c    00000008   00000008    r-- .const:xdc_runtime_Startup_lastFxns__C
  00000524    00000524    00000004   00000004    r-- .const:xdc_runtime_Assert_E_assertFailed__C
  00000528    00000528    00000004   00000004    r-- .const:xdc_runtime_Error_E_memory__C
  0000052c    0000052c    00000004   00000004    r-- .const:xdc_runtime_Error_policyFxn__C
  00000530    00000530    00000004   00000004    r-- .const:xdc_runtime_IGateProvider_Interface__BASE__C
  00000534    00000534    00000004   00000004    r-- .const:xdc_runtime_IHeap_Interface__BASE__C
  00000538    00000538    00000004   00000004    r-- .const:xdc_runtime_IModule_Interface__BASE__C
  0000053c    0000053c    00000004   00000004    r-- .const:xdc_runtime_Main_Module__diagsEnabled__C
  00000540    00000540    00000004   00000004    r-- .const:xdc_runtime_Main_Module__diagsIncluded__C
  00000544    00000544    00000004   00000004    r-- .const:xdc_runtime_Main_Module__diagsMask__C
  00000548    00000548    00000004   00000004    r-- .const:xdc_runtime_Memory_defaultHeapInstance__C
  0000054c    0000054c    00000004   00000004    r-- .const:xdc_runtime_Startup_execImpl__C
  00000550    00000550    00000004   00000004    r-- .const:xdc_runtime_Startup_maxPasses__C
  00000554    00000554    00000004   00000004    r-- .const:xdc_runtime_Startup_sfxnRts__C
  00000558    00000558    00000004   00000004    r-- .const:xdc_runtime_Startup_sfxnTab__C
  0000055c    0000055c    00000004   00000004    r-- .const:xdc_runtime_Startup_startModsFxn__C
  00000560    00000560    00000004   00000004    r-- .const:xdc_runtime_SysCallback_abortFxn__C
  00000564    00000564    00000004   00000004    r-- .const:xdc_runtime_SysCallback_exitFxn__C
  00000568    00000568    00000004   00000004    r-- .const:xdc_runtime_System_abortFxn__C
  0000056c    0000056c    00000004   00000004    r-- .const:xdc_runtime_System_exitFxn__C
  00000570    00000570    00000004   00000004    r-- .const:xdc_runtime_System_maxAtexitHandlers__C
  00000574    00000574    00000004   00000004    r-- .const:xdc_runtime_Text_charTab__C
  00000578    00000578    00000004   00000004    r-- .const:xdc_runtime_Text_nameEmpty__C
  0000057c    0000057c    00000004   00000004    r-- .const:xdc_runtime_Text_nameStatic__C
  00000580    00000580    00000004   00000004    r-- .const:xdc_runtime_Text_nameUnknown__C
  00000584    00000584    00000002   00000002    r-- .const:xdc_runtime_Main_Module__id__C
  00000586    00000586    00000002   00000002    r-- .const:xdc_runtime_Memory_Module__id__C
  00000588    00000588    00000002   00000002    r-- .const:xdc_runtime_Text_charCnt__C
  0000058a    0000058a    00000002   00000002    r-- .const:xdc_runtime_Text_isLoaded__C
  0000058c    0000058c    00000001   00000001    r-- .const:xdc_runtime_Error_policy__C
  00000590    00000590    00000004   00000004    r-- .const:ti_sysbios_rom_ROM_AONRTCChannelEnable
  00000594    00000594    00000004   00000004    r-- .const:ti_sysbios_rom_ROM_AONRTCCompareValueSet
  00000598    00000598    00000004   00000004    r-- .const:ti_sysbios_rom_ROM_AONRTCCurrentCompareValueGet
  0000059c    0000059c    00000004   00000004    r-- .const:ti_sysbios_rom_ROM_AONRTCEventClear
  000005a0    000005a0    00000004   00000004    r-- .const:ti_sysbios_rom_ROM_ti_sysbios_family_arm_cc26xx_Timer_getCount64__E
  000005a4    000005a4    00000004   00000004    r-- .const:ti_sysbios_rom_ROM_ti_sysbios_family_arm_cc26xx_Timer_getCurrentTick__E
  000005a8    000005a8    00000004   00000004    r-- .const:ti_sysbios_rom_ROM_ti_sysbios_family_arm_cc26xx_Timer_getMaxTicks__E
  000005ac    000005ac    00000004   00000004    r-- .const:ti_sysbios_rom_ROM_ti_sysbios_family_arm_cc26xx_Timer_initDevice__I
  000005b0    000005b0    00000004   00000004    r-- .const:ti_sysbios_rom_ROM_ti_sysbios_family_arm_cc26xx_Timer_setNextTick__E
  000005b4    000005b4    00000004   00000004    r-- .const:ti_sysbios_rom_ROM_ti_sysbios_family_arm_cc26xx_Timer_setThreshold__I
  000005b8    000005b8    00000004   00000004    r-- .const:ti_sysbios_rom_ROM_ti_sysbios_family_arm_cc26xx_Timer_start__E
  000005bc    000005bc    00000004   00000004    r-- .const:ti_sysbios_rom_ROM_ti_sysbios_family_arm_cc26xx_TimestampProvider_get32__E
  000005c0    000005c0    00000004   00000004    r-- .const:ti_sysbios_rom_ROM_xdc_runtime_Startup_getState__I
  000005c4    000005c4    00000004   00000004    r-- .const:ti_sysbios_rom_ROM_xdc_runtime_System_SupportProxy_abort__E
  000005c8    000005c8    00000004   00000004    r-- .const:ti_sysbios_rom_ROM_xdc_runtime_System_SupportProxy_exit__E
  000005cc    000005cc    00000004   00000004    r-- .const:ti_sysbios_gates_GateMutex_Instance_State_sem__O
  000005d0    000005d0    00000004   00000004    r-- .const:ti_sysbios_knl_Clock_Module_State_clockQ__O
  000005d4    000005d4    00000004   00000004    r-- .const:ti_sysbios_knl_Mailbox_Instance_State_dataQue__O
  000005d8    000005d8    00000004   00000004    r-- .const:ti_sysbios_knl_Mailbox_Instance_State_dataSem__O
  000005dc    000005dc    00000004   00000004    r-- .const:ti_sysbios_knl_Mailbox_Instance_State_freeQue__O
  000005e0    000005e0    00000004   00000004    r-- .const:ti_sysbios_knl_Mailbox_Instance_State_freeSem__O
  000005e4    000005e4    00000004   00000004    r-- .const:ti_sysbios_knl_Semaphore_Instance_State_pendQ__O
  000005e8    000005e8    00000004   00000004    r-- .const:ti_sysbios_knl_Task_Module_State_inactiveQ__O
  000005ec    000005ec    00007c38   00007c38    r-x .text.4
  00008224    00008224    00000380   00000380    r-- .const
  000085a8    000085a8    00000878   00000878    r-- .cinit
0001ffa8    0001ffa8    00000058   00000058    r--
  0001ffa8    0001ffa8    00000058   00000058    r-- .ccfg
20000000    20000000    000000c8   00000000    rw-
  20000000    20000000    000000c8   00000000    rw- .vecs
20000100    20000100    00000104   00000000    rw-
  20000100    20000100    00000044   00000000    rw- .data:ti_sysbios_knl_Task_Module__state__V
  20000144    20000144    00000034   00000000    rw- .data:ti_sysbios_family_arm_m3_Hwi_Module__state__V
  20000178    20000178    0000002c   00000000    rw- .data:ti_sysbios_knl_Clock_Module__state__V
  200001a4    200001a4    00000024   00000000    rw- .data:ti_sysbios_BIOS_Module__state__V
  200001c8    200001c8    0000001c   00000000    rw- .data:ti_sysbios_knl_Swi_Module__state__V
  200001e4    200001e4    00000008   00000000    rw- .data:ti_sysbios_family_arm_cc26xx_Timer_Module__state__V
  200001ec    200001ec    00000004   00000000    rw- .data:ti_sysbios_family_arm_cc26xx_TimestampProvider_Module__state__V
  200001f0    200001f0    00000008   00000000    rw- .data:xdc_runtime_Startup_Module__state__V
  200001f8    200001f8    00000008   00000000    rw- .data:xdc_runtime_System_Module__state__V
  20000200    20000200    00000004   00000000    rw- .data:xdc_runtime_Memory_Module__state__V
20000430    20000430    00000010   00000000    rw-
  20000430    20000430    00000010   00000000    rw- .TI.bound:dmaRxControlTableEntry0
20000440    20000440    00000010   00000000    rw-
  20000440    20000440    00000010   00000000    rw- .TI.bound:dmaTxControlTableEntry0
20000500    20000500    00000010   00000000    rw-
  20000500    20000500    00000010   00000000    rw- .TI.bound:dmaRxControlTableEntry1
20000510    20000510    00002b24   00000000    rw-
  20000510    20000510    00000010   00000000    rw- .TI.bound:dmaTxControlTableEntry1
  20000520    20000520    00001ec3   00000000    rw- .bss
  200023e8    200023e8    00000c4c   00000000    rw- .data
20003fe8    20003fe8    00000400   00000000    rw-
  20003fe8    20003fe8    00000400   00000000    rw- .stack


SECTION ALLOCATION MAP

 output                                  attributes/
section   page    origin      length       input sections
--------  ----  ----------  ----------   ----------------
.resetVecs 
*          0    00000000    0000003c     
                  00000000    0000003c     appBLE_pem3.oem3 (.resetVecs)

.text.1    0    0000003c    000000c4     
                  0000003c    000000bc     ICall.obj (.text:ICall_heapMalloc)
                  000000f8    00000008     ICallBleAPI.obj (.text:GAP_RegisterForMsgs)

.const:ti_sysbios_knl_Task_Object__PARAMS__C 
*          0    00000100    0000003c     
                  00000100    0000003c     appBLE_pem3.oem3 (.const:ti_sysbios_knl_Task_Object__PARAMS__C)

.const:ti_sysbios_knl_Mailbox_Object__PARAMS__C 
*          0    0000013c    00000034     
                  0000013c    00000034     appBLE_pem3.oem3 (.const:ti_sysbios_knl_Mailbox_Object__PARAMS__C)

.const:ti_sysbios_family_arm_m3_Hwi_Object__PARAMS__C 
*          0    00000170    00000030     
                  00000170    00000030     appBLE_pem3.oem3 (.const:ti_sysbios_family_arm_m3_Hwi_Object__PARAMS__C)

.const:ti_sysbios_hal_Hwi_Object__PARAMS__C 
*          0    000001a0    0000002c     
                  000001a0    0000002c     appBLE_pem3.oem3 (.const:ti_sysbios_hal_Hwi_Object__PARAMS__C)

.const:ti_sysbios_heaps_HeapMem_Module__FXNS__C 
*          0    000001cc    00000028     
                  000001cc    00000028     appBLE_pem3.oem3 (.const:ti_sysbios_heaps_HeapMem_Module__FXNS__C)

.const:ti_sysbios_knl_Swi_Object__PARAMS__C 
*          0    000001f4    00000028     
                  000001f4    00000028     appBLE_pem3.oem3 (.const:ti_sysbios_knl_Swi_Object__PARAMS__C)

.const:ti_sysbios_gates_GateHwi_Module__FXNS__C 
*          0    0000021c    00000024     
                  0000021c    00000024     appBLE_pem3.oem3 (.const:ti_sysbios_gates_GateHwi_Module__FXNS__C)

.const:ti_sysbios_gates_GateMutex_Module__FXNS__C 
*          0    00000240    00000024     
                  00000240    00000024     appBLE_pem3.oem3 (.const:ti_sysbios_gates_GateMutex_Module__FXNS__C)

.const:ti_sysbios_heaps_HeapMem_Object__PARAMS__C 
*          0    00000264    00000024     
                  00000264    00000024     appBLE_pem3.oem3 (.const:ti_sysbios_heaps_HeapMem_Object__PARAMS__C)

.const:ti_sysbios_knl_Clock_Object__PARAMS__C 
*          0    00000288    00000024     
                  00000288    00000024     appBLE_pem3.oem3 (.const:ti_sysbios_knl_Clock_Object__PARAMS__C)

.const:ti_sysbios_knl_Semaphore_Object__PARAMS__C 
*          0    000002ac    00000024     
                  000002ac    00000024     appBLE_pem3.oem3 (.const:ti_sysbios_knl_Semaphore_Object__PARAMS__C)

.const:ti_sysbios_family_arm_m3_Hwi_Object__DESC__C 
*          0    000002d0    00000020     
                  000002d0    00000020     appBLE_pem3.oem3 (.const:ti_sysbios_family_arm_m3_Hwi_Object__DESC__C)

.const:ti_sysbios_gates_GateHwi_Object__DESC__C 
*          0    000002f0    00000020     
                  000002f0    00000020     appBLE_pem3.oem3 (.const:ti_sysbios_gates_GateHwi_Object__DESC__C)

.const:ti_sysbios_gates_GateMutex_Object__DESC__C 
*          0    00000310    00000020     
                  00000310    00000020     appBLE_pem3.oem3 (.const:ti_sysbios_gates_GateMutex_Object__DESC__C)

.const:ti_sysbios_hal_Hwi_Object__DESC__C 
*          0    00000330    00000020     
                  00000330    00000020     appBLE_pem3.oem3 (.const:ti_sysbios_hal_Hwi_Object__DESC__C)

.const:ti_sysbios_heaps_HeapMem_Object__DESC__C 
*          0    00000350    00000020     
                  00000350    00000020     appBLE_pem3.oem3 (.const:ti_sysbios_heaps_HeapMem_Object__DESC__C)

.const:ti_sysbios_knl_Clock_Object__DESC__C 
*          0    00000370    00000020     
                  00000370    00000020     appBLE_pem3.oem3 (.const:ti_sysbios_knl_Clock_Object__DESC__C)

.const:ti_sysbios_knl_Mailbox_Object__DESC__C 
*          0    00000390    00000020     
                  00000390    00000020     appBLE_pem3.oem3 (.const:ti_sysbios_knl_Mailbox_Object__DESC__C)

.const:ti_sysbios_knl_Queue_Object__DESC__C 
*          0    000003b0    00000020     
                  000003b0    00000020     appBLE_pem3.oem3 (.const:ti_sysbios_knl_Queue_Object__DESC__C)

.const:ti_sysbios_knl_Semaphore_Object__DESC__C 
*          0    000003d0    00000020     
                  000003d0    00000020     appBLE_pem3.oem3 (.const:ti_sysbios_knl_Semaphore_Object__DESC__C)

.const:ti_sysbios_knl_Swi_Object__DESC__C 
*          0    000003f0    00000020     
                  000003f0    00000020     appBLE_pem3.oem3 (.const:ti_sysbios_knl_Swi_Object__DESC__C)

.const:ti_sysbios_knl_Task_Object__DESC__C 
*          0    00000410    00000020     
                  00000410    00000020     appBLE_pem3.oem3 (.const:ti_sysbios_knl_Task_Object__DESC__C)

.const:ti_sysbios_gates_GateHwi_Object__PARAMS__C 
*          0    00000430    00000018     
                  00000430    00000018     appBLE_pem3.oem3 (.const:ti_sysbios_gates_GateHwi_Object__PARAMS__C)

.const:ti_sysbios_gates_GateMutex_Object__PARAMS__C 
*          0    00000448    00000018     
                  00000448    00000018     appBLE_pem3.oem3 (.const:ti_sysbios_gates_GateMutex_Object__PARAMS__C)

.const:ti_sysbios_knl_Queue_Object__PARAMS__C 
*          0    00000460    00000018     
                  00000460    00000018     appBLE_pem3.oem3 (.const:ti_sysbios_knl_Queue_Object__PARAMS__C)

.const:ti_sysbios_knl_Idle_funcList__C 
*          0    00000478    00000008     
                  00000478    00000008     appBLE_pem3.oem3 (.const:ti_sysbios_knl_Idle_funcList__C)

.text.2    0    00000480    00000004     
                  00000480    00000004     simpleBLEPeripheral.obj (.text:pinInterruptHandler)

.const:ti_sysbios_family_arm_cc26xx_Timer_startupNeeded__C 
*          0    00000484    00000004     
                  00000484    00000004     appBLE_pem3.oem3 (.const:ti_sysbios_family_arm_cc26xx_Timer_startupNeeded__C)

.const:ti_sysbios_family_arm_m3_Hwi_E_alreadyDefined__C 
*          0    00000488    00000004     
                  00000488    00000004     appBLE_pem3.oem3 (.const:ti_sysbios_family_arm_m3_Hwi_E_alreadyDefined__C)

.const:ti_sysbios_family_arm_m3_Hwi_E_hwiLimitExceeded__C 
*          0    0000048c    00000004     
                  0000048c    00000004     appBLE_pem3.oem3 (.const:ti_sysbios_family_arm_m3_Hwi_E_hwiLimitExceeded__C)

.const:ti_sysbios_family_arm_m3_Hwi_NUM_INTERRUPTS__C 
*          0    00000490    00000004     
                  00000490    00000004     appBLE_pem3.oem3 (.const:ti_sysbios_family_arm_m3_Hwi_NUM_INTERRUPTS__C)

.const:ti_sysbios_family_arm_m3_Hwi_Object__count__C 
*          0    00000494    00000004     
                  00000494    00000004     appBLE_pem3.oem3 (.const:ti_sysbios_family_arm_m3_Hwi_Object__count__C)

.const:ti_sysbios_family_arm_m3_Hwi_Object__table__C 
*          0    00000498    00000004     
                  00000498    00000004     appBLE_pem3.oem3 (.const:ti_sysbios_family_arm_m3_Hwi_Object__table__C)

.const:ti_sysbios_family_arm_m3_Hwi_ccr__C 
*          0    0000049c    00000004     
                  0000049c    00000004     appBLE_pem3.oem3 (.const:ti_sysbios_family_arm_m3_Hwi_ccr__C)

.const:ti_sysbios_family_arm_m3_Hwi_excHandlerFunc__C 
*          0    000004a0    00000004     
                  000004a0    00000004     appBLE_pem3.oem3 (.const:ti_sysbios_family_arm_m3_Hwi_excHandlerFunc__C)

.const:ti_sysbios_family_arm_m3_Hwi_nullIsrFunc__C 
*          0    000004a4    00000004     
                  000004a4    00000004     appBLE_pem3.oem3 (.const:ti_sysbios_family_arm_m3_Hwi_nullIsrFunc__C)

.const:ti_sysbios_family_arm_m3_Hwi_numSparseInterrupts__C 
*          0    000004a8    00000004     
                  000004a8    00000004     appBLE_pem3.oem3 (.const:ti_sysbios_family_arm_m3_Hwi_numSparseInterrupts__C)

.const:ti_sysbios_family_arm_m3_Hwi_priGroup__C 
*          0    000004ac    00000004     
                  000004ac    00000004     appBLE_pem3.oem3 (.const:ti_sysbios_family_arm_m3_Hwi_priGroup__C)

.const:ti_sysbios_family_arm_m3_TaskSupport_stackAlignment__C 
*          0    000004b0    00000004     
                  000004b0    00000004     appBLE_pem3.oem3 (.const:ti_sysbios_family_arm_m3_TaskSupport_stackAlignment__C)

.const:ti_sysbios_heaps_HeapMem_E_memory__C 
*          0    000004b4    00000004     
                  000004b4    00000004     appBLE_pem3.oem3 (.const:ti_sysbios_heaps_HeapMem_E_memory__C)

.const:ti_sysbios_heaps_HeapMem_Module__gateObj__C 
*          0    000004b8    00000004     
                  000004b8    00000004     appBLE_pem3.oem3 (.const:ti_sysbios_heaps_HeapMem_Module__gateObj__C)

.const:ti_sysbios_heaps_HeapMem_Object__count__C 
*          0    000004bc    00000004     
                  000004bc    00000004     appBLE_pem3.oem3 (.const:ti_sysbios_heaps_HeapMem_Object__count__C)

.const:ti_sysbios_heaps_HeapMem_Object__table__C 
*          0    000004c0    00000004     
                  000004c0    00000004     appBLE_pem3.oem3 (.const:ti_sysbios_heaps_HeapMem_Object__table__C)

.const:ti_sysbios_heaps_HeapMem_reqAlign__C 
*          0    000004c4    00000004     
                  000004c4    00000004     appBLE_pem3.oem3 (.const:ti_sysbios_heaps_HeapMem_reqAlign__C)

.const:ti_sysbios_knl_Clock_serviceMargin__C 
*          0    000004c8    00000004     
                  000004c8    00000004     appBLE_pem3.oem3 (.const:ti_sysbios_knl_Clock_serviceMargin__C)

.const:ti_sysbios_knl_Mailbox_Object__count__C 
*          0    000004cc    00000004     
                  000004cc    00000004     appBLE_pem3.oem3 (.const:ti_sysbios_knl_Mailbox_Object__count__C)

.const:ti_sysbios_knl_Mailbox_Object__table__C 
*          0    000004d0    00000004     
                  000004d0    00000004     appBLE_pem3.oem3 (.const:ti_sysbios_knl_Mailbox_Object__table__C)

.const:ti_sysbios_knl_Queue_Object__count__C 
*          0    000004d4    00000004     
                  000004d4    00000004     appBLE_pem3.oem3 (.const:ti_sysbios_knl_Queue_Object__count__C)

.const:ti_sysbios_knl_Queue_Object__table__C 
*          0    000004d8    00000004     
                  000004d8    00000004     appBLE_pem3.oem3 (.const:ti_sysbios_knl_Queue_Object__table__C)

.const:ti_sysbios_knl_Swi_Object__count__C 
*          0    000004dc    00000004     
                  000004dc    00000004     appBLE_pem3.oem3 (.const:ti_sysbios_knl_Swi_Object__count__C)

.const:ti_sysbios_knl_Swi_Object__table__C 
*          0    000004e0    00000004     
                  000004e0    00000004     appBLE_pem3.oem3 (.const:ti_sysbios_knl_Swi_Object__table__C)

.const:ti_sysbios_knl_Swi_numPriorities__C 
*          0    000004e4    00000004     
                  000004e4    00000004     appBLE_pem3.oem3 (.const:ti_sysbios_knl_Swi_numPriorities__C)

.const:ti_sysbios_knl_Task_Object__count__C 
*          0    000004e8    00000004     
                  000004e8    00000004     appBLE_pem3.oem3 (.const:ti_sysbios_knl_Task_Object__count__C)

.const:ti_sysbios_knl_Task_Object__table__C 
*          0    000004ec    00000004     
                  000004ec    00000004     appBLE_pem3.oem3 (.const:ti_sysbios_knl_Task_Object__table__C)

.const:ti_sysbios_knl_Task_allBlockedFunc__C 
*          0    000004f0    00000004     
                  000004f0    00000004     appBLE_pem3.oem3 (.const:ti_sysbios_knl_Task_allBlockedFunc__C)

.const:ti_sysbios_knl_Task_defaultStackHeap__C 
*          0    000004f4    00000004     
                  000004f4    00000004     appBLE_pem3.oem3 (.const:ti_sysbios_knl_Task_defaultStackHeap__C)

.const:ti_sysbios_knl_Task_defaultStackSize__C 
*          0    000004f8    00000004     
                  000004f8    00000004     appBLE_pem3.oem3 (.const:ti_sysbios_knl_Task_defaultStackSize__C)

.const:ti_sysbios_knl_Task_numConstructedTasks__C 
*          0    000004fc    00000004     
                  000004fc    00000004     appBLE_pem3.oem3 (.const:ti_sysbios_knl_Task_numConstructedTasks__C)

.text.3    0    00000500    00000002     
                  00000500    00000002     SPICC26XXDMA.obj (.text:SPICC26XXDMA_serviceISR)

.const:ti_sysbios_family_arm_cc26xx_Timer_Module__id__C 
*          0    00000502    00000002     
                  00000502    00000002     appBLE_pem3.oem3 (.const:ti_sysbios_family_arm_cc26xx_Timer_Module__id__C)

.const:ti_sysbios_family_arm_cc26xx_TimestampProvider_useClockTimer__C 
*          0    00000504    00000002     
                  00000504    00000002     appBLE_pem3.oem3 (.const:ti_sysbios_family_arm_cc26xx_TimestampProvider_useClockTimer__C)

.const:ti_sysbios_family_arm_m3_Hwi_Module__id__C 
*          0    00000506    00000002     
                  00000506    00000002     appBLE_pem3.oem3 (.const:ti_sysbios_family_arm_m3_Hwi_Module__id__C)

.const:ti_sysbios_gates_GateHwi_Module__id__C 
*          0    00000508    00000002     
                  00000508    00000002     appBLE_pem3.oem3 (.const:ti_sysbios_gates_GateHwi_Module__id__C)

.const:ti_sysbios_gates_GateMutex_Module__id__C 
*          0    0000050a    00000002     
                  0000050a    00000002     appBLE_pem3.oem3 (.const:ti_sysbios_gates_GateMutex_Module__id__C)

.const:ti_sysbios_heaps_HeapMem_Module__id__C 
*          0    0000050c    00000002     
                  0000050c    00000002     appBLE_pem3.oem3 (.const:ti_sysbios_heaps_HeapMem_Module__id__C)

.const:ti_sysbios_knl_Task_initStackFlag__C 
*          0    0000050e    00000002     
                  0000050e    00000002     appBLE_pem3.oem3 (.const:ti_sysbios_knl_Task_initStackFlag__C)

.const:ti_sysbios_knl_Clock_tickMode__C 
*          0    00000510    00000001     
                  00000510    00000001     appBLE_pem3.oem3 (.const:ti_sysbios_knl_Clock_tickMode__C)

.const:xdc_runtime_Startup_firstFxns__C 
*          0    00000514    00000008     
                  00000514    00000008     appBLE_pem3.oem3 (.const:xdc_runtime_Startup_firstFxns__C)

.const:xdc_runtime_Startup_lastFxns__C 
*          0    0000051c    00000008     
                  0000051c    00000008     appBLE_pem3.oem3 (.const:xdc_runtime_Startup_lastFxns__C)

.const:xdc_runtime_Assert_E_assertFailed__C 
*          0    00000524    00000004     
                  00000524    00000004     appBLE_pem3.oem3 (.const:xdc_runtime_Assert_E_assertFailed__C)

.const:xdc_runtime_Error_E_memory__C 
*          0    00000528    00000004     
                  00000528    00000004     appBLE_pem3.oem3 (.const:xdc_runtime_Error_E_memory__C)

.const:xdc_runtime_Error_policyFxn__C 
*          0    0000052c    00000004     
                  0000052c    00000004     appBLE_pem3.oem3 (.const:xdc_runtime_Error_policyFxn__C)

.const:xdc_runtime_IGateProvider_Interface__BASE__C 
*          0    00000530    00000004     
                  00000530    00000004     appBLE_pem3.oem3 (.const:xdc_runtime_IGateProvider_Interface__BASE__C)

.const:xdc_runtime_IHeap_Interface__BASE__C 
*          0    00000534    00000004     
                  00000534    00000004     appBLE_pem3.oem3 (.const:xdc_runtime_IHeap_Interface__BASE__C)

.const:xdc_runtime_IModule_Interface__BASE__C 
*          0    00000538    00000004     
                  00000538    00000004     appBLE_pem3.oem3 (.const:xdc_runtime_IModule_Interface__BASE__C)

.const:xdc_runtime_Main_Module__diagsEnabled__C 
*          0    0000053c    00000004     
                  0000053c    00000004     appBLE_pem3.oem3 (.const:xdc_runtime_Main_Module__diagsEnabled__C)

.const:xdc_runtime_Main_Module__diagsIncluded__C 
*          0    00000540    00000004     
                  00000540    00000004     appBLE_pem3.oem3 (.const:xdc_runtime_Main_Module__diagsIncluded__C)

.const:xdc_runtime_Main_Module__diagsMask__C 
*          0    00000544    00000004     
                  00000544    00000004     appBLE_pem3.oem3 (.const:xdc_runtime_Main_Module__diagsMask__C)

.const:xdc_runtime_Memory_defaultHeapInstance__C 
*          0    00000548    00000004     
                  00000548    00000004     appBLE_pem3.oem3 (.const:xdc_runtime_Memory_defaultHeapInstance__C)

.const:xdc_runtime_Startup_execImpl__C 
*          0    0000054c    00000004     
                  0000054c    00000004     appBLE_pem3.oem3 (.const:xdc_runtime_Startup_execImpl__C)

.const:xdc_runtime_Startup_maxPasses__C 
*          0    00000550    00000004     
                  00000550    00000004     appBLE_pem3.oem3 (.const:xdc_runtime_Startup_maxPasses__C)

.const:xdc_runtime_Startup_sfxnRts__C 
*          0    00000554    00000004     
                  00000554    00000004     appBLE_pem3.oem3 (.const:xdc_runtime_Startup_sfxnRts__C)

.const:xdc_runtime_Startup_sfxnTab__C 
*          0    00000558    00000004     
                  00000558    00000004     appBLE_pem3.oem3 (.const:xdc_runtime_Startup_sfxnTab__C)

.const:xdc_runtime_Startup_startModsFxn__C 
*          0    0000055c    00000004     
                  0000055c    00000004     appBLE_pem3.oem3 (.const:xdc_runtime_Startup_startModsFxn__C)

.const:xdc_runtime_SysCallback_abortFxn__C 
*          0    00000560    00000004     
                  00000560    00000004     appBLE_pem3.oem3 (.const:xdc_runtime_SysCallback_abortFxn__C)

.const:xdc_runtime_SysCallback_exitFxn__C 
*          0    00000564    00000004     
                  00000564    00000004     appBLE_pem3.oem3 (.const:xdc_runtime_SysCallback_exitFxn__C)

.const:xdc_runtime_System_abortFxn__C 
*          0    00000568    00000004     
                  00000568    00000004     appBLE_pem3.oem3 (.const:xdc_runtime_System_abortFxn__C)

.const:xdc_runtime_System_exitFxn__C 
*          0    0000056c    00000004     
                  0000056c    00000004     appBLE_pem3.oem3 (.const:xdc_runtime_System_exitFxn__C)

.const:xdc_runtime_System_maxAtexitHandlers__C 
*          0    00000570    00000004     
                  00000570    00000004     appBLE_pem3.oem3 (.const:xdc_runtime_System_maxAtexitHandlers__C)

.const:xdc_runtime_Text_charTab__C 
*          0    00000574    00000004     
                  00000574    00000004     appBLE_pem3.oem3 (.const:xdc_runtime_Text_charTab__C)

.const:xdc_runtime_Text_nameEmpty__C 
*          0    00000578    00000004     
                  00000578    00000004     appBLE_pem3.oem3 (.const:xdc_runtime_Text_nameEmpty__C)

.const:xdc_runtime_Text_nameStatic__C 
*          0    0000057c    00000004     
                  0000057c    00000004     appBLE_pem3.oem3 (.const:xdc_runtime_Text_nameStatic__C)

.const:xdc_runtime_Text_nameUnknown__C 
*          0    00000580    00000004     
                  00000580    00000004     appBLE_pem3.oem3 (.const:xdc_runtime_Text_nameUnknown__C)

.const:xdc_runtime_Main_Module__id__C 
*          0    00000584    00000002     
                  00000584    00000002     appBLE_pem3.oem3 (.const:xdc_runtime_Main_Module__id__C)

.const:xdc_runtime_Memory_Module__id__C 
*          0    00000586    00000002     
                  00000586    00000002     appBLE_pem3.oem3 (.const:xdc_runtime_Memory_Module__id__C)

.const:xdc_runtime_Text_charCnt__C 
*          0    00000588    00000002     
                  00000588    00000002     appBLE_pem3.oem3 (.const:xdc_runtime_Text_charCnt__C)

.const:xdc_runtime_Text_isLoaded__C 
*          0    0000058a    00000002     
                  0000058a    00000002     appBLE_pem3.oem3 (.const:xdc_runtime_Text_isLoaded__C)

.const:xdc_runtime_Error_policy__C 
*          0    0000058c    00000001     
                  0000058c    00000001     appBLE_pem3.oem3 (.const:xdc_runtime_Error_policy__C)

.const:ti_sysbios_rom_ROM_AONRTCChannelEnable 
*          0    00000590    00000004     
                  00000590    00000004     appBLE_pem3.oem3 (.const:ti_sysbios_rom_ROM_AONRTCChannelEnable)

.const:ti_sysbios_rom_ROM_AONRTCCompareValueSet 
*          0    00000594    00000004     
                  00000594    00000004     appBLE_pem3.oem3 (.const:ti_sysbios_rom_ROM_AONRTCCompareValueSet)

.const:ti_sysbios_rom_ROM_AONRTCCurrentCompareValueGet 
*          0    00000598    00000004     
                  00000598    00000004     appBLE_pem3.oem3 (.const:ti_sysbios_rom_ROM_AONRTCCurrentCompareValueGet)

.const:ti_sysbios_rom_ROM_AONRTCEventClear 
*          0    0000059c    00000004     
                  0000059c    00000004     appBLE_pem3.oem3 (.const:ti_sysbios_rom_ROM_AONRTCEventClear)

.const:ti_sysbios_rom_ROM_ti_sysbios_family_arm_cc26xx_Timer_getCount64__E 
*          0    000005a0    00000004     
                  000005a0    00000004     appBLE_pem3.oem3 (.const:ti_sysbios_rom_ROM_ti_sysbios_family_arm_cc26xx_Timer_getCount64__E)

.const:ti_sysbios_rom_ROM_ti_sysbios_family_arm_cc26xx_Timer_getCurrentTick__E 
*          0    000005a4    00000004     
                  000005a4    00000004     appBLE_pem3.oem3 (.const:ti_sysbios_rom_ROM_ti_sysbios_family_arm_cc26xx_Timer_getCurrentTick__E)

.const:ti_sysbios_rom_ROM_ti_sysbios_family_arm_cc26xx_Timer_getMaxTicks__E 
*          0    000005a8    00000004     
                  000005a8    00000004     appBLE_pem3.oem3 (.const:ti_sysbios_rom_ROM_ti_sysbios_family_arm_cc26xx_Timer_getMaxTicks__E)

.const:ti_sysbios_rom_ROM_ti_sysbios_family_arm_cc26xx_Timer_initDevice__I 
*          0    000005ac    00000004     
                  000005ac    00000004     appBLE_pem3.oem3 (.const:ti_sysbios_rom_ROM_ti_sysbios_family_arm_cc26xx_Timer_initDevice__I)

.const:ti_sysbios_rom_ROM_ti_sysbios_family_arm_cc26xx_Timer_setNextTick__E 
*          0    000005b0    00000004     
                  000005b0    00000004     appBLE_pem3.oem3 (.const:ti_sysbios_rom_ROM_ti_sysbios_family_arm_cc26xx_Timer_setNextTick__E)

.const:ti_sysbios_rom_ROM_ti_sysbios_family_arm_cc26xx_Timer_setThreshold__I 
*          0    000005b4    00000004     
                  000005b4    00000004     appBLE_pem3.oem3 (.const:ti_sysbios_rom_ROM_ti_sysbios_family_arm_cc26xx_Timer_setThreshold__I)

.const:ti_sysbios_rom_ROM_ti_sysbios_family_arm_cc26xx_Timer_start__E 
*          0    000005b8    00000004     
                  000005b8    00000004     appBLE_pem3.oem3 (.const:ti_sysbios_rom_ROM_ti_sysbios_family_arm_cc26xx_Timer_start__E)

.const:ti_sysbios_rom_ROM_ti_sysbios_family_arm_cc26xx_TimestampProvider_get32__E 
*          0    000005bc    00000004     
                  000005bc    00000004     appBLE_pem3.oem3 (.const:ti_sysbios_rom_ROM_ti_sysbios_family_arm_cc26xx_TimestampProvider_get32__E)

.const:ti_sysbios_rom_ROM_xdc_runtime_Startup_getState__I 
*          0    000005c0    00000004     
                  000005c0    00000004     appBLE_pem3.oem3 (.const:ti_sysbios_rom_ROM_xdc_runtime_Startup_getState__I)

.const:ti_sysbios_rom_ROM_xdc_runtime_System_SupportProxy_abort__E 
*          0    000005c4    00000004     
                  000005c4    00000004     appBLE_pem3.oem3 (.const:ti_sysbios_rom_ROM_xdc_runtime_System_SupportProxy_abort__E)

.const:ti_sysbios_rom_ROM_xdc_runtime_System_SupportProxy_exit__E 
*          0    000005c8    00000004     
                  000005c8    00000004     appBLE_pem3.oem3 (.const:ti_sysbios_rom_ROM_xdc_runtime_System_SupportProxy_exit__E)

.const:ti_sysbios_gates_GateMutex_Instance_State_sem__O 
*          0    000005cc    00000004     
                  000005cc    00000004     appBLE_pem3.oem3 (.const:ti_sysbios_gates_GateMutex_Instance_State_sem__O)

.const:ti_sysbios_knl_Clock_Module_State_clockQ__O 
*          0    000005d0    00000004     
                  000005d0    00000004     appBLE_pem3.oem3 (.const:ti_sysbios_knl_Clock_Module_State_clockQ__O)

.const:ti_sysbios_knl_Mailbox_Instance_State_dataQue__O 
*          0    000005d4    00000004     
                  000005d4    00000004     appBLE_pem3.oem3 (.const:ti_sysbios_knl_Mailbox_Instance_State_dataQue__O)

.const:ti_sysbios_knl_Mailbox_Instance_State_dataSem__O 
*          0    000005d8    00000004     
                  000005d8    00000004     appBLE_pem3.oem3 (.const:ti_sysbios_knl_Mailbox_Instance_State_dataSem__O)

.const:ti_sysbios_knl_Mailbox_Instance_State_freeQue__O 
*          0    000005dc    00000004     
                  000005dc    00000004     appBLE_pem3.oem3 (.const:ti_sysbios_knl_Mailbox_Instance_State_freeQue__O)

.const:ti_sysbios_knl_Mailbox_Instance_State_freeSem__O 
*          0    000005e0    00000004     
                  000005e0    00000004     appBLE_pem3.oem3 (.const:ti_sysbios_knl_Mailbox_Instance_State_freeSem__O)

.const:ti_sysbios_knl_Semaphore_Instance_State_pendQ__O 
*          0    000005e4    00000004     
                  000005e4    00000004     appBLE_pem3.oem3 (.const:ti_sysbios_knl_Semaphore_Instance_State_pendQ__O)

.const:ti_sysbios_knl_Task_Module_State_inactiveQ__O 
*          0    000005e8    00000004     
                  000005e8    00000004     appBLE_pem3.oem3 (.const:ti_sysbios_knl_Task_Module_State_inactiveQ__O)

.text.4    0    000005ec    00007c38     
                  000005ec    000005ce     driverlib.lib : setup.obj (.text:HapiTrimDeviceShutDown)
                  00000bba    000003d8     peripheral.obj (.text:GAPRole_SetParameter)
                  00000f92    000003d4     peripheral.obj (.text:gapRole_processGAPMsg)
                  00001366    00000002     appBLE_pem3.oem3 (.text:ti_sysbios_BIOS_nullFunc__I)
                  00001368    0000034c     sysbios.aem3 : mangled__BIOS_lib.obj (.text:ti_sysbios_family_arm_cc26xx_Power_auxISR__E)
                  000016b4    000002f4                  : mangled__BIOS_lib.obj (.text:ti_sysbios_family_arm_cc26xx_Power_sleep__E)
                  000019a8    00000250     simpleBLEPeripheral.obj (.text:SimpleBLEPeripheral_init)
                  00001bf8    00000218     peripheral.obj (.text:GAPRole_GetParameter)
                  00001e10    0000020c     SPICC26XXDMA.obj (.text:SPICC26XXDMA_initIO)
                  0000201c    00000206     PINCC26XX.obj (.text:PIN_init)
                  00002222    000001fe     simpleBLEPeripheral.obj (.text:SimpleBLEPeripheral_taskFxn)
                  00002420    000001f4     rtsv7M3_T_le_eabi.lib : ull_div_t2.obj (.text)
                  00002614    000001aa     driverlib.lib : sys_ctrl.obj (.text:SysCtrlSetRechargeBeforePowerDown)
                  000027be    00000198     devinfoservice.obj (.text:DevInfo_SetParameter)
                  00002956    00000188     simpleBLEPeripheral.obj (.text:readFromFRAM)
                  00002ade    00000170     peripheral.obj (.text:gapRole_taskFxn)
                  00002c4e    00000156     simpleBLEPeripheral.obj (.text:writeToFRAM)
                  00002da4    00000150     SPICC26XXDMA.obj (.text:SPICC26XXDMA_open)
                  00002ef4    00000132     SPICC26XXDMA.obj (.text:SPICC26XXDMA_configDMA)
                  00003026    0000012a     peripheral.obj (.text:gapRole_init)
                  00003150    00000122     SPICC26XXDMA.obj (.text:SPICC26XXDMA_hwiFxn)
                  00003272    00000122     devinfoservice.obj (.text:devInfo_ReadAttrCB)
                  00003394    00000106     SPICC26XXDMA.obj (.text:SPICC26XXDMA_transferCancel)
                  0000349a    00000104     simpleBLEPeripheral.obj (.text:ADXL_read)
                  0000359e    00000002     sysbios.aem3 : mangled__BIOS_lib.obj (.text:ti_sysbios_family_arm_cc26xx_Power_defaultClockFunc__E)
                  000035a0    00000104                  : mangled__BIOS_lib.obj (.text:calibrateRcoscHf1$28)
                  000036a4    00000102     ICall.obj (.text:ICall_primWaitMatch)
                  000037a6    00000002     sysbios.aem3 : mangled__BIOS_lib.obj (.text:ti_sysbios_family_arm_cc26xx_Power_defaultNotifyTrapFunc__E)
                  000037a8    000000f8                  : mangled__BIOS_lib.obj (.text:ti_sysbios_family_arm_cc26xx_Power_startFirstMeasurement__E)
                  000038a0    000000f0                  : mangled__BIOS_lib.obj (.text:ti_sysbios_family_arm_cc26xx_Power_standbyPolicy__E)
                  00003990    000000de     LCDDogm1286.obj (.text:LCD_open)
                  00003a6e    00000002     appBLE_pem3.oem3 (.text:ti_sysbios_rom_cortexm_cc26xx_CC26xx_badRomRevision__E)
                  00003a70    000000d8     sysbios.aem3 : mangled__BIOS_lib.obj (.text:ti_sysbios_family_arm_cc26xx_Power_setDependency__E)
                  00003b48    000000d2     peripheral.obj (.text:gapRole_startConnUpdate)
                  00003c1a    00000002     sysbios.aem3 : mangled__BIOS_lib.obj (.text:xdc_runtime_SysCallback_defaultAbort)
                  00003c1c    000000d0                  : mangled__BIOS_lib.obj (.text:ti_sysbios_family_arm_cc26xx_Power_releaseDependency__E)
                  00003cec    000000ce     PINCC26XX.obj (.text:PINCC26XX_setIoCfg)
                  00003dba    000000cc     simpleGATTprofile.obj (.text:SimpleProfile_SetParameter)
                  00003e86    000000ca     gattservapp_util.obj (.text:GATTServApp_ProcessCharCfg)
                  00003f50    000000c8     SPICC26XXDMA.obj (.text:SPICC26XXDMA_transfer)
                  00004018    000000b4     driverlib.lib : setup.obj (.text:trimDevice)
                  000040cc    000000b2     simpleGATTprofile.obj (.text:simpleProfile_WriteAttrCB)
                  0000417e    00000002     sysbios.aem3 : mangled__BIOS_lib.obj (.text:xdc_runtime_SysCallback_defaultExit)
                  00004180    000000b0                  : mangled__BIOS_lib.obj (.text:ti_sysbios_knl_Clock_workFuncDynamic__E)
                  00004230    000000a6     simpleBLEPeripheral.obj (.text:SimpleBLEPeripheral_processStateChangeEvt)
                  000042d6    000000a4     PINCC26XX.obj (.text:PIN_open)
                  0000437a    00000002     --HOLE-- [fill = 0]
                  0000437c    000000a4     sysbios.aem3 : mangled__BIOS_lib.obj (.text:ti_sysbios_family_arm_cc26xx_Power_initiateCalibration__E)
                  00004420    000000a0     ICall.obj (.text:ICall_primSetTimer)
                  000044c0    000000a0     auto_init.aem3 : auto_init.oem3 (.text)
                  00004560    0000009e     ICall.obj (.text:ICall_primEnroll)
                  000045fe    0000009c     rtsv7M3_T_le_eabi.lib : memcpy_t2.obj (.text)
                  0000469a    00000094     ICall.obj (.text:ICall_createRemoteTasks)
                  0000472e    00000094     driverlib.lib : osc.obj (.text:OSCHF_GetStartupTime)
                  000047c2    00000090     LCDDogm1286.obj (.text:LCD_doUpdate)
                  00004852    0000008c     simpleBLEPeripheral.obj (.text:ADXL_SPI_init)
                  000048de    0000008c     ICall.obj (.text:ICall_primRegisterApp)
                  0000496a    00000002     --HOLE-- [fill = 0]
                  0000496c    0000008c     sysbios.aem3 : mangled__BIOS_lib.obj (.text:ti_sysbios_family_arm_cc26xx_Power_LF_clockFunc__E)
                  000049f8    0000008c                  : mangled__BIOS_lib.obj (.text:ti_sysbios_family_arm_cc26xx_Power_Module_startup__E)
                  00004a84    00000088     ICallCC2650.obj (.text:ICallPlatform_pwrUpdActivityCounter)
                  00004b0c    00000088     sysbios.aem3 : mangled__BIOS_lib.obj (.text:ti_sysbios_family_arm_cc26xx_Timer_start__E)
                  00004b94    00000084     LCDDogm1286.obj (.text:LCD_initHw)
                  00004c18    00000082     gattservapp_util.obj (.text:gattServApp_SendNotiInd)
                  00004c9a    0000007e     ICall.obj (.text:ICall_primThreadServes)
                  00004d18    0000007c     driverlib.lib : chipinfo.obj (.text:ChipInfo_GetHwRevision)
                  00004d94    0000007c     peripheral.obj (.text:GAPRole_SendUpdateParam)
                  00004e10    0000007a     ICall.obj (.text:ICall_newTask)
                  00004e8a    0000007a     SPICC26XXDMA.obj (.text:SPICC26XXDMA_control)
                  00004f04    0000007a     rtsv7M3_T_le_eabi.lib : memset_t2.obj (.text)
                  00004f7e    00000076     PINCC26XX.obj (.text:PIN_remove)
                  00004ff4    00000072     ICallCC2650.obj (.text:ICallPlatform_pwrRegisterNotify)
                  00005066    00000072     ICall.obj (.text:ICall_primSend)
                  000050d8    0000006e     driverlib.lib : osc.obj (.text:OSCHF_AttemptToSwitchToXosc)
                  00005146    0000006c     ICall.obj (.text:ICall_primGetEntityId)
                  000051b2    0000006a     PINCC26XX.obj (.text:PIN_add)
                  0000521c    0000006a     simpleGATTprofile.obj (.text:SimpleProfile_GetParameter)
                  00005286    0000006a     rtsv7M3_T_le_eabi.lib : copy_decompress_rle.obj (.text)
                  000052f0    00000066     driverlib.lib : sys_ctrl.obj (.text:SysCtrl_DCDC_VoltageConditionalControl)
                  00005356    00000066     simpleGATTprofile.obj (.text:simpleProfile_ReadAttrCB)
                  000053bc    00000066     appBLE_pem3.oem3 (.text:ti_sysbios_family_arm_cc26xx_Power_XOSC_HF_clockFunc__E)
                  00005422    00000064     SPICC26XXDMA.obj (.text:SPICC26XXDMA_initHw)
                  00005486    00000062     driverlib.lib : sys_ctrl.obj (.text:SysCtrlAdjustRechargeAfterPowerDown)
                  000054e8    00000060     sysbios.aem3 : mangled__BIOS_lib.obj (.text:ti_sysbios_family_arm_cc26xx_Timer_setNextTick__E)
                  00005548    0000005e     appBLE_pem3.oem3 (.text:xdc_runtime_Startup_getState__I)
                  000055a6    0000005c     ICall.obj (.text:ICall_primWait)
                  00005602    0000005c     UDMACC26XX.obj (.text:UDMACC26XX_open)
                  0000565e    0000005a     board_lcd.obj (.text:Board_openLCD)
                  000056b8    0000005a     util.obj (.text:Util_constructClock)
                  00005712    00000058     driverlib.lib : osc.obj (.text:OSCHF_SwitchToRcOscTurnOffXosc)
                  0000576a    00000058     peripheral.obj (.text:gapRole_processStackMsg)
                  000057c2    00000002     --HOLE-- [fill = 0]
                  000057c4    00000058     sysbios.aem3 : mangled__BIOS_lib.obj (.text:ti_sysbios_family_arm_cc26xx_Power_notify__I)
                  0000581c    00000056     gattservapp_util.obj (.text:GATTServApp_ProcessCCCWriteReq)
                  00005872    00000056     driverlib.lib : ddi.obj (.text:NOROM_DDI16BitfieldWrite)
                  000058c8    00000056     simpleBLEPeripheral.obj (.text:SimpleBLEPeripheral_sendAttRsp)
                  0000591e    00000054     ICall.obj (.text:ICall_init)
                  00005972    00000054     PINCC26XX.obj (.text:PIN_Isr)
                  000059c6    00000052     driverlib.lib : osc.obj (.text:NOROM_OSCClockSourceSet)
                  00005a18    00000050     ICallBleAPI.obj (.text:GAP_DeviceInit)
                  00005a68    00000050     ICall.obj (.text:ICall_searchTask)
                  00005ab8    00000050     LCDDogm1286.obj (.text:LCD_bufferClear)
                  00005b08    00000050     LCDDogm1286.obj (.text:LCD_sendCommand)
                  00005b58    00000050     LCDDogm1286.obj (.text:LCD_sendData)
                  00005ba8    00000050     simpleGATTprofile.obj (.text:SimpleProfile_AddService)
                  00005bf8    00000050     simpleBLEPeripheral.obj (.text:moveToFRAM)
                  00005c48    0000004e     ICallCC2650.obj (.text:ICallPlatform_pwrConfigACAction)
                  00005c96    0000004e     SPICC26XXDMA.obj (.text:SPICC26XXDMA_close)
                  00005ce4    0000004e     ICallBleAPI.obj (.text:gattIndNoti)
                  00005d32    0000004c     PINCC26XX.obj (.text:PINCC26XX_getConfig)
                  00005d7e    0000004c     peripheral.obj (.text:gapRole_HandleParamUpdateNoSuccess)
                  00005dca    00000002     --HOLE-- [fill = 0]
                  00005dcc    0000004c     rtsv7M3_T_le_eabi.lib : cpy_tbl.obj (.text)
                  00005e18    0000004a     ICall.obj (.text:ICall_primCreateSemaphore)
                  00005e62    0000004a     ICall.obj (.text:ICall_primCreateTask)
                  00005eac    00000048     ICallBleAPI.obj (.text:GAP_UpdateAdvertisingData)
                  00005ef4    00000048     ICall.obj (.text:ICall_searchServiceEntity)
                  00005f3c    00000048     ICallBleAPI.obj (.text:sendWaitMatchCS)
                  00005f84    00000046     simpleBLEPeripheral.obj (.text:SPI_write)
                  00005fca    00000046     simpleBLEPeripheral.obj (.text:WriteBosch)
                  00006010    00000044     boot.aem3 : boot.oem3 (.text)
                  00006054    00000044     rtsv7M3_T_le_eabi.lib : exit.obj (.text)
                  00006098    00000044     appBLE_pem3.oem3 (.text:ti_sysbios_family_arm_cc26xx_Power_XOSC_HF)
                  000060dc    00000044     sysbios.aem3 : mangled__BIOS_lib.obj (.text:ti_sysbios_family_arm_cc26xx_Timer_initDevice__I)
                  00006120    00000042     ICallBleAPI.obj (.text:GAPBondMgr_LinkEst)
                  00006162    00000042     peripheral.obj (.text:GAPRole_createTask)
                  000061a4    00000042     ICallBleAPI.obj (.text:GAP_GetParamValue)
                  000061e6    00000042     ICallBleAPI.obj (.text:GATTServApp_RegisterService)
                  00006228    00000042     ICall.obj (.text:ICall_heapInit)
                  0000626a    00000042     ICallBleAPI.obj (.text:ICall_waitMatch)
                  000062ac    00000042     driverlib.lib : ddi.obj (.text:NOROM_DDI16BitfieldRead)
                  000062ee    00000042     simpleBLEPeripheral.obj (.text:SimpleBLEPeripheral_createTask)
                  00006330    00000042     ICallBleAPI.obj (.text:sendWaitMatchValueCS)
                  00006372    00000040     ICallBleAPI.obj (.text:GAP_TerminateLinkReq)
                  000063b2    00000040     gattservapp_util.obj (.text:GATTServApp_InitCharCfg)
                  000063f2    00000040     ICall.obj (.text:ICall_primWaitSemaphore)
                  00006432    00000040     simpleBLEPeripheral.obj (.text:SimpleBLEPeripheral_processGATTMsg)
                  00006472    00000040     peripheral.obj (.text:gapRole_SetupGAP)
                  000064b2    00000002     --HOLE-- [fill = 0]
                  000064b4    00000040     sysbios.aem3 : mangled__BIOS_lib.obj (.text:ti_sysbios_family_arm_cc26xx_Power_isStableXOSC_HF__E)
                  000064f4    00000040                  : mangled__BIOS_lib.obj (.text:ti_sysbios_family_arm_cc26xx_Timer_getCurrentTick__E)
                  00006534    0000003e     LCDDogm1286.obj (.text:LCD_gotoXY)
                  00006572    0000003e     driverlib.lib : osc.obj (.text:NOROM_OSCInterfaceEnable)
                  000065b0    0000003e     ICallBleAPI.obj (.text:gapSendParamAndPtrCmd)
                  000065ee    0000003e     ICallBleAPI.obj (.text:linkDB_NumConns)
                  0000662c    0000003e     ICallBleAPI.obj (.text:profileSetParameter)
                  0000666a    0000003c     ICall.obj (.text:ICall_primEntityId2ServiceId)
                  000066a6    0000003c     simpleBLEPeripheral.obj (.text:enableWriteToFRAM)
                  000066e2    0000003c     ICallBleAPI.obj (.text:hciSendParamsCmd)
                  0000671e    00000002     --HOLE-- [fill = 0]
                  00006720    0000003c     sysbios.aem3 : mangled__BIOS_lib.obj (.text:ti_sysbios_family_arm_cc26xx_Power_releaseConstraint__E)
                  0000675c    0000003a     peripheral.obj (.text:ICall_fetchServiceMsg)
                  00006796    0000003a     simpleBLEPeripheral.obj (.text:ICall_fetchServiceMsg)
                  000067d0    0000003a     ICall.obj (.text:ICall_msgEnqueue)
                  0000680a    0000003a     PINCC26XX.obj (.text:PIN_setInterrupt)
                  00006844    00000038     ICallBleAPI.obj (.text:GAPBondMgr_SetParameter)
                  0000687c    00000038     ICallBleAPI.obj (.text:GATT_SendRsp)
                  000068b4    00000038     ICall.obj (.text:ICall_primGetMaxMSecs)
                  000068ec    00000038     driverlib.lib : osc.obj (.text:OSCHF_TurnOnXosc)
                  00006924    00000038     PINCC26XX.obj (.text:PIN_setConfig)
                  0000695c    00000038     PINCC26XX.obj (.text:PIN_setOutputValue)
                  00006994    00000038     SPICC26XXDMA.obj (.text:SPICC26XXDMA_csnCallback)
                  000069cc    00000038     simpleBLEPeripheral.obj (.text:SimpleBLEPeripheral_processCharValueChangeEvt)
                  00006a04    00000038     ICallBleAPI.obj (.text:osal_snv_read)
                  00006a3c    00000038     ICallBleAPI.obj (.text:osal_snv_write)
                  00006a74    00000038     sysbios.aem3 : mangled__BIOS_lib.obj (.text:ti_sysbios_family_arm_cc26xx_Power_setConstraint__E)
                  00006aac    00000038                  : mangled__BIOS_lib.obj (.text:ti_sysbios_family_arm_cc26xx_Timer_setThreshold__I)
                  00006ae4    00000036     ICall.obj (.text:ICall_primRegisterISR)
                  00006b1a    00000036     ICall.obj (.text:ICall_primRegisterISR_Ext)
                  00006b50    00000036     util.obj (.text:Util_restartClock)
                  00006b86    00000036     ICallBleAPI.obj (.text:gapSendParamsCmd)
                  00006bbc    00000036     ICallBleAPI.obj (.text:gapSendPtrParamsCmd)
                  00006bf2    00000036     ICallBleAPI.obj (.text:matchGapSetGetParamCS)
                  00006c28    00000036     ICallBleAPI.obj (.text:matchGattCmdStatus)
                  00006c5e    00000036     ICallBleAPI.obj (.text:matchUtilNvCS)
                  00006c94    00000034     driverlib.lib : chipinfo.obj (.text:ChipInfo_GetChipFamily)
                  00006cc8    00000034     ICallBleAPI.obj (.text:GAP_SetParamValue)
                  00006cfc    00000034     ICallCC2650.obj (.text:ICallPlatform_pwrDispenseImpl)
                  00006d30    00000034     ICallCC2650.obj (.text:ICallPlatform_pwrRequireImpl)
                  00006d64    00000034     ICall.obj (.text:ICall_heapFree)
                  00006d98    00000034     ICall.obj (.text:ICall_primFetchMsg)
                  00006dcc    00000034     simpleBLEPeripheral.obj (.text:SimpleBLEPeripheral_freeAttRsp)
                  00006e00    00000034     ICallBleAPI.obj (.text:profileAddService)
                  00006e34    00000034     ICallBleAPI.obj (.text:registerTask)
                  00006e68    00000032     peripheral.obj (.text:GAPRole_TerminateConnection)
                  00006e9a    00000032     ICallCC2650.obj (.text:ICallPlatform_pwrNotify)
                  00006ecc    00000032     ICall.obj (.text:ICall_msecs2Ticks)
                  00006efe    00000032     ICall.obj (.text:ICall_msgPrepend)
                  00006f30    00000032     peripheral.obj (.text:ICall_registerApp)
                  00006f62    00000032     simpleBLEPeripheral.obj (.text:ICall_registerApp)
                  00006f94    00000032     ICallBleAPI.obj (.text:matchProfileAddServiceCS)
                  00006fc6    00000032     appBLE_pem3.oem3 (.text:ti_sysbios_BIOS_atExitFunc__I)
                  00006ff8    00000030     ICallBleAPI.obj (.text:ICall_getLocalMsgEntityId)
                  00007028    00000030     ICallBleAPI.obj (.text:ICall_sendServiceMsg)
                  00007058    00000030     ICallBleAPI.obj (.text:ICall_threadServes)
                  00007088    00000030     PINCC26XX.obj (.text:PINCC26XX_setMux)
                  000070b8    00000030     util.obj (.text:Util_enqueueMsg)
                  000070e8    00000030     sysbios.aem3 : mangled__BIOS_lib.obj (.text:ti_sysbios_family_arm_cc26xx_Power_registerNotify__E)
                  00007118    00000030                  : mangled__BIOS_lib.obj (.text:ti_sysbios_family_arm_cc26xx_Power_switchXOSC_HF__E)
                  00007148    0000002e     ICallBleAPI.obj (.text:ICall_allocMsg)
                  00007176    0000002e     ICallBleAPI.obj (.text:ICall_getEntityId)
                  000071a4    0000002e     devinfoservice.obj (.text:ICall_malloc)
                  000071d2    0000002e     simpleBLEPeripheral.obj (.text:ICall_malloc)
                  00007200    0000002e     simpleGATTprofile.obj (.text:ICall_malloc)
                  0000722e    0000002e     util.obj (.text:ICall_malloc)
                  0000725c    0000002e     simpleBLEPeripheral.obj (.text:SimpleBLEPeripheral_enqueueMsg)
                  0000728a    0000002e     gattservapp_util.obj (.text:gattServApp_FindCharCfgItem)
                  000072b8    0000002c     driverlib.lib : aon_batmon.obj (.text:AONBatMonTemperatureGetDegC)
                  000072e4    0000002c     ICall.obj (.text:ICall_primFetchServiceMsg)
                  00007310    0000002a     ICall.obj (.text:ICall_msgDequeue)
                  0000733a    0000002a     ICall.obj (.text:ICall_primAllocMsg)
                  00007364    0000002a     LCDDogm1286.obj (.text:LCD_sendArray)
                  0000738e    0000002a     UDMACC26XX.obj (.text:UDMACC26XX_close)
                  000073b8    0000002a     appBLE_pem3.oem3 (.text:ti_sysbios_family_arm_cc26xx_Power_isDependencyActive)
                  000073e2    00000028     ICallBleAPI.obj (.text:GAPBondMgr_LinkTerm)
                  0000740a    00000028     ICallBleAPI.obj (.text:GAPBondMgr_Register)
                  00007432    00000028     driverlib.lib : aon_rtc.obj (.text:NOROM_AONRTCCurrentCompareValueGet)
                  0000745a    00000028     ICallBleAPI.obj (.text:matchProfileCS)
                  00007482    00000028     appBLE_pem3.oem3 (.text:ti_sysbios_BIOS_registerRTSLock__I)
                  000074aa    00000002     --HOLE-- [fill = 0]
                  000074ac    00000028     sysbios.aem3 : mangled__BIOS_lib.obj (.text:ti_sysbios_family_arm_cc26xx_Timer_getMaxTicks__E)
                  000074d4    00000026     peripheral.obj (.text:GAPRole_StartDevice)
                  000074fa    00000026     gattservapp_util.obj (.text:GATTServApp_WriteCharCfg)
                  00007520    00000026     ICallBleAPI.obj (.text:GATT_bm_alloc)
                  00007546    00000026     ICallBleAPI.obj (.text:HCI_EXT_ConnEventNoticeCmd)
                  0000756c    00000026     devinfoservice.obj (.text:ICall_free)
                  00007592    00000026     simpleBLEPeripheral.obj (.text:ICall_free)
                  000075b8    00000026     util.obj (.text:ICall_free)
                  000075de    00000026     ICall.obj (.text:ICall_freeMsg)
                  00007604    00000026     ICallBleAPI.obj (.text:ICall_freeMsg)
                  0000762a    00000026     peripheral.obj (.text:ICall_freeMsg)
                  00007650    00000026     simpleBLEPeripheral.obj (.text:ICall_freeMsg)
                  00007676    00000026     peripheral.obj (.text:ICall_wait)
                  0000769c    00000026     simpleBLEPeripheral.obj (.text:ICall_wait)
                  000076c2    00000026     driverlib.lib : osc.obj (.text:NOROM_OSCClockSourceGet)
                  000076e8    00000026     main.obj (.text:main)
                  0000770e    00000026     ICallBleAPI.obj (.text:waitMatchCS)
                  00007734    00000024     gattservapp_util.obj (.text:GATTServApp_FindAttr)
                  00007758    00000024     ICall.obj (.text:ICall_dispatch)
                  0000777c    00000024     appBLE_pem3.oem3 (.text:ti_sysbios_BIOS_removeRTSLock__I)
                  000077a0    00000024     appBLE_pem3.oem3 (.text:ti_sysbios_BIOS_startFunc__I)
                  000077c4    00000024     sysbios.aem3 : mangled__BIOS_lib.obj (.text:ti_sysbios_family_arm_cc26xx_Timer_dynamicStub__E)
                  000077e8    00000022     ICall.obj (.text:ICall_initPrim)
                  0000780a    00000022     PINCC26XX.obj (.text:PIN_close)
                  0000782c    00000022     appBLE_pem3.oem3 (.text:ti_sysbios_BIOS_rtsLock__I)
                  0000784e    00000020     ICallBleAPI.obj (.text:GATT_Notification)
                  0000786e    00000020     ICall.obj (.text:ICall_primService)
                  0000788e    00000020     ICall.obj (.text:ICall_primSetTimerMSecs)
                  000078ae    00000020     ICall.obj (.text:ICall_searchService)
                  000078ce    00000020     simpleBLEPeripheral.obj (.text:doUrgentWork)
                  000078ee    00000020     appBLE_pem3.oem3 (.text:ti_sysbios_family_arm_cc26xx_Power_RFCORECLKS)
                  0000790e    00000002     --HOLE-- [fill = 0]
                  00007910    00000020     sysbios.aem3 : mangled__BIOS_lib.obj (.text:ti_sysbios_family_arm_cc26xx_TimestampProvider_get32__E)
                  00007930    0000001e     ICallBleAPI.obj (.text:GGS_SetParameter)
                  0000794e    0000001e     ICall.obj (.text:ICall_abort)
                  0000796c    0000001e     ICall.obj (.text:ICall_primSendServiceMsg)
                  0000798a    0000001e     UDMACC26XX.obj (.text:UDMACC26XX_initHw)
                  000079a8    0000001e     util.obj (.text:Util_dequeueMsg)
                  000079c6    0000001e     ICallBleAPI.obj (.text:getStatusValueFromErrNo)
                  000079e4    0000001e     ICallBleAPI.obj (.text:matchHciCS)
                  00007a02    0000001c     ICallBleAPI.obj (.text:GATT_bm_free)
                  00007a1e    0000001c     PINCC26XX.obj (.text:PINCC26XX_setIoCfgMux)
                  00007a3a    0000001c     simpleBLEPeripheral.obj (.text:SimpleBLEPeripheral_clockHandler)
                  00007a56    0000001c     peripheral.obj (.text:gapRole_setEvent)
                  00007a72    00000002     --HOLE-- [fill = 0]
                  00007a74    0000001c     sysbios.aem3 : mangled__BIOS_lib.obj (.text:ti_sysbios_family_arm_cc26xx_Power_unregisterNotify__E)
                  00007a90    0000001c     appBLE_pem3.oem3 (.text:ti_sysbios_rom_cortexm_cc26xx_CC26xx_checkRevision__E)
                  00007aac    0000001a     ICallCC2650.obj (.text:ICallPlatform_pwrDispense)
                  00007ac6    0000001a     ICallCC2650.obj (.text:ICallPlatform_pwrRequire)
                  00007ae0    0000001a     ICall.obj (.text:ICall_enterCSImpl)
                  00007afa    0000001a     ICall.obj (.text:ICall_primMalloc)
                  00007b14    0000001a     SPI.obj (.text:SPI_open)
                  00007b2e    0000001a     simpleBLEPeripheral.obj (.text:SimpleBLEPeripheral_processAppMsg)
                  00007b48    0000001a     ICallBleAPI.obj (.text:matchGattIndNotiCS)
                  00007b62    0000001a     appBLE_pem3.oem3 (.text:ti_sysbios_BIOS_rtsUnlock__I)
                  00007b7c    00000018     driverlib.lib : chipinfo.obj (.text:ChipInfo_GetPackageType)
                  00007b94    00000018     devinfoservice.obj (.text:DevInfo_AddService)
                  00007bac    00000018     ICall.obj (.text:ICall_primStopTimer)
                  00007bc4    00000018     PINCC26XX.obj (.text:PIN_getConfig)
                  00007bdc    00000018     rtsv7M3_T_le_eabi.lib : args_main.obj (.text)
                  00007bf4    00000018                           : ll_mul_t2.obj (.text)
                  00007c0c    00000018     sysbios.aem3 : mangled__BIOS_lib.obj (.text:ti_sysbios_family_arm_cc26xx_Timer_getCount64__E)
                  00007c24    00000016     ICall.obj (.text:ICall_leaveCSImpl)
                  00007c3a    00000016     LCDDogm1286.obj (.text:LCD_Params_init)
                  00007c50    00000016     SPI.obj (.text:SPI_Params_init)
                  00007c66    00000016     appBLE_pem3.oem3 (.text:ti_sysbios_BIOS_exitFunc__I)
                  00007c7c    00000016     appBLE_pem3.oem3 (.text:ti_sysbios_knl_Clock_doTick__I)
                  00007c92    00000014     ICallCC2650.obj (.text:ICallPlatform_pwrIsStableXOSCHF)
                  00007ca6    00000014     PINCC26XX.obj (.text:PINCC26XX_getOutputValue)
                  00007cba    00000014     SPICC26XXDMA.obj (.text:SPICC26XXDMA_init)
                  00007cce    00000014     simpleBLEPeripheral.obj (.text:SimpleBLEPeripheral_processStackMsg)
                  00007ce2    00000014     simpleGATTprofile.obj (.text:SimpleProfile_RegisterAppCBs)
                  00007cf6    00000014     driverlib.lib : chipinfo.obj (.text:ThisCodeIsBuiltForCC26xxHwRev22AndLater_HaltIfViolated)
                  00007d0a    00000002     --HOLE-- [fill = 0]
                  00007d0c    00000014     rtsv7M3_T_le_eabi.lib : _lock.obj (.text)
                  00007d20    00000014     ICallBleAPI.obj (.text:setICallCmdEvtHdr)
                  00007d34    00000012     ICallBleAPI.obj (.text:GATT_Indication)
                  00007d46    00000012     LCDDogm1286.obj (.text:LCD_update)
                  00007d58    00000012     appBLE_pem3.oem3 (.text:xdc_runtime_Startup_exec__I)
                  00007d6a    00000010     ICallBleAPI.obj (.text:GAP_EndDiscoverable)
                  00007d7a    00000010     ICallBleAPI.obj (.text:GAP_UpdateLinkParamReq)
                  00007d8a    00000010     gattservapp_util.obj (.text:GATTServApp_ReadCharCfg)
                  00007d9a    00000010     ICallCC2650.obj (.text:ICallPlatform_pwrGetXOSCStartupTime)
                  00007daa    00000010     ICall.obj (.text:ICall_primGetTickPeriod)
                  00007dba    00000010     ICall.obj (.text:ICall_taskEntry)
                  00007dca    00000010     util.obj (.text:Util_isActive)
                  00007dda    0000000e     ICallBleAPI.obj (.text:GAP_MakeDiscoverable)
                  00007de8    0000000e     ICallBleAPI.obj (.text:GAP_TerminateAuth)
                  00007df6    0000000e     ICallCC2650.obj (.text:ICallPlatform_pwrGetTransitionState)
                  00007e04    0000000e     ICall.obj (.text:ICall_primDisableMInt)
                  00007e12    0000000e     ICall.obj (.text:ICall_primEnableMInt)
                  00007e20    0000000e     ICall.obj (.text:ICall_primFreeMsg)
                  00007e2e    0000000e     ICall.obj (.text:ICall_primGetTicks)
                  00007e3c    0000000e     driverlib.lib : vims.obj (.text:NOROM_VIMSModeGet)
                  00007e4a    0000000e     util.obj (.text:Util_constructQueue)
                  00007e58    0000000e     rtsv7M3_T_le_eabi.lib : copy_decompress_none.obj (.text:decompress:none)
                  00007e66    0000000e     ICallBleAPI.obj (.text:matchGSARegisterServiceCS)
                  00007e74    0000000e     ICallBleAPI.obj (.text:matchGapLinkEstCS)
                  00007e82    0000000e     ICallBleAPI.obj (.text:matchGattSendRspCS)
                  00007e90    0000000e     ICallBleAPI.obj (.text:matchLinkDBNumConnsCS)
                  00007e9e    0000000e     ICallBleAPI.obj (.text:setDispatchCmdEvtHdr)
                  00007eac    0000000c     ICall.obj (.text:ICall_primDisableInt)
                  00007eb8    0000000c     ICall.obj (.text:ICall_primE2S)
                  00007ec4    0000000c     ICall.obj (.text:ICall_primEnableInt)
                  00007ed0    0000000c     ICall.obj (.text:ICall_primFree)
                  00007edc    0000000c     ICall.obj (.text:ICall_primSignal)
                  00007ee8    0000000c     driverlib.lib : cpu.obj (.text:NOROM_CPUcpsid)
                  00007ef4    0000000c                   : cpu.obj (.text:NOROM_CPUcpsie)
                  00007f00    0000000c     PINCC26XX.obj (.text:PIN_registerIntCb)
                  00007f0c    0000000c     rtsv7M3_T_le_eabi.lib : copy_zero_init.obj (.text:decompress:ZI)
                  00007f18    0000000c     ICallBleAPI.obj (.text:matchProfileSetParamCS)
                  00007f24    0000000c     SPICC26XXDMA.obj (.text:spiPostNotify)
                  00007f30    0000000c     sysbios.aem3 : mangled__BIOS_lib.obj (.text:ti_sysbios_BIOS_getThreadType__E)
                  00007f3c    0000000c                  : mangled__BIOS_lib.obj (.text:ti_sysbios_family_arm_cc26xx_Power_getDependencyCount__E)
                  00007f48    0000000c                  : mangled__BIOS_lib.obj (.text:ti_sysbios_family_arm_cc26xx_Power_getTransitionState__E)
                  00007f54    0000000c                  : mangled__BIOS_lib.obj (.text:ti_sysbios_hal_Hwi_Params__init__S)
                  00007f60    0000000c     appBLE_pem3.oem3 (.text:xdc_runtime_Startup_reset__I)
                  00007f6c    0000000a     ICallCC2650.obj (.text:ICallPlatform_pwrSwitchXOSCHF)
                  00007f76    0000000a     ICall.obj (.text:ICall_clockFunc)
                  00007f80    0000000a     ICall.obj (.text:ICall_primAbort)
                  00007f8a    0000000a     SPI.obj (.text:SPI_transfer)
                  00007f94    0000000a     UDMACC26XX.obj (.text:UDMACC26XX_hwiIntFxn)
                  00007f9e    00000008     ICallBleAPI.obj (.text:GATT_RegisterForMsgs)
                  00007fa6    00000008     ICallBleAPI.obj (.text:GGS_AddService)
                  00007fae    00000008     SPICC26XXDMA.obj (.text:SPICC26XXDMA_transferCallback)
                  00007fb6    00000008     simpleBLEPeripheral.obj (.text:SimpleBLEPeripheral_charValueChangeCB)
                  00007fbe    00000008     simpleBLEPeripheral.obj (.text:SimpleBLEPeripheral_stateChangeCB)
                  00007fc6    00000008     ICallBleAPI.obj (.text:gattAddService)
                  00007fce    00000008     ICallBleAPI.obj (.text:matchHciExtConnEventNoticeCS)
                  00007fd6    00000006     ICallBleAPI.obj (.text:GATTServApp_AddService)
                  00007fdc    00000006     ICall.obj (.text:ICall_mallocImpl)
                  00007fe2    00000006     driverlib.lib : cpu.obj (.text:NOROM_CPUdelay)
                  00007fe8    00000006     sysbios.aem3 : mangled__BIOS_lib.obj (.text:__xdc__init)
                  00007fee    00000006     rtsv7M3_T_le_eabi.lib : copy_decompress_rle.obj (.text:decompress:rle24)
                  00007ff4    00000006     ICallBleAPI.obj (.text:matchBondMgrSetParamCS)
                  00007ffa    00000006     ICallBleAPI.obj (.text:matchGGSSetParamCS)
                  00008000    00000006     ICallBleAPI.obj (.text:matchGapDeviceInitCS)
                  00008006    00000006     ICallBleAPI.obj (.text:matchGapEndDiscoverableCS)
                  0000800c    00000006     ICallBleAPI.obj (.text:matchGapGetParamCS)
                  00008012    00000006     ICallBleAPI.obj (.text:matchGapMakeDiscoverableCS)
                  00008018    00000006     ICallBleAPI.obj (.text:matchGapSetParamCS)
                  0000801e    00000006     ICallBleAPI.obj (.text:matchGapTerminateAuthCS)
                  00008024    00000006     ICallBleAPI.obj (.text:matchGapTerminateLinkReqCS)
                  0000802a    00000006     ICallBleAPI.obj (.text:matchGapUpdateAdvDataCS)
                  00008030    00000006     ICallBleAPI.obj (.text:matchGapUpdateLinkParamReqCS)
                  00008036    00000006     ICallBleAPI.obj (.text:matchUtilNvReadCS)
                  0000803c    00000006     ICallBleAPI.obj (.text:matchUtilNvWriteCS)
                  00008042    00000004     util.obj (.text:Util_startClock)
                  00008046    00000004     util.obj (.text:Util_stopClock)
                  0000804a    00000004     appBLE_pem3.oem3 (.text:ti_sysbios_family_arm_cc26xx_Power_NOP)
                  0000804e    00000004     sysbios.aem3 : mangled__BIOS_lib.obj (.text:ti_sysbios_knl_Clock_isActive__E)
                  00008052    00000002     --HOLE-- [fill = 0]
                  00008054    00000008     (.tramp.xdc_runtime_Core_assignParams__I.1)
                  0000805c    00000008     (.tramp.ti_sysbios_hal_Hwi_enableInterrupt__E.1)
                  00008064    00000008     (.tramp.ti_sysbios_hal_Hwi_disableInterrupt__E.1)
                  0000806c    00000008     (.tramp.ti_sysbios_knl_Queue_construct.1)
                  00008074    00000008     (.tramp.ti_sysbios_knl_Task_enable__E.1)
                  0000807c    00000008     (.tramp.ti_sysbios_family_arm_m3_Hwi_enableFxn__E.1)
                  00008084    00000008     (.tramp.xdc_runtime_Startup_startMods__I.1)
                  0000808c    00000008     (.tramp.ti_sysbios_knl_Swi_post__E.1)
                  00008094    00000008     (.tramp.ti_sysbios_knl_Clock_logTick__E.1)
                  0000809c    00000008     (.tramp.ti_sysbios_BIOS_RtsGateProxy_leave__E.1)
                  000080a4    00000008     (.tramp.ti_sysbios_knl_Queue_remove__E.1)
                  000080ac    00000008     (.tramp.ti_sysbios_knl_Queue_dequeue__E.1)
                  000080b4    00000008     (.tramp.ti_sysbios_BIOS_RtsGateProxy_enter__E.1)
                  000080bc    00000008     (.tramp.ti_sysbios_knl_Task_startup__E.1)
                  000080c4    00000008     (.tramp.ti_sysbios_knl_Swi_startup__E.1)
                  000080cc    00000008     (.tramp.ti_sysbios_hal_Hwi_startup__E.1)
                  000080d4    00000008     (.tramp.ti_sysbios_family_arm_cc26xx_Timer_startup__E.1)
                  000080dc    00000008     (.tramp.xdc_runtime_System_atexit__E.1)
                  000080e4    00000008     (.tramp.ti_sysbios_BIOS_start__E.1)
                  000080ec    00000008     (.tramp.ti_sysbios_knl_Queue_put__E.1)
                  000080f4    00000008     (.tramp.ti_sysbios_knl_Queue_enqueue__E.1)
                  000080fc    00000008     (.tramp.ti_sysbios_BIOS_setThreadType__E.1)
                  00008104    00000008     (.tramp.ti_sysbios_hal_Hwi_create.1)
                  0000810c    00000008     (.tramp.ti_sysbios_knl_Task_construct.1)
                  00008114    00000008     (.tramp.xdc_runtime_System_exit__E.1)
                  0000811c    00000008     (.tramp.ti_sysbios_knl_Semaphore_destruct.1)
                  00008124    00000008     (.tramp.ti_sysbios_family_arm_m3_Hwi_destruct.1)
                  0000812c    00000008     (.tramp.ti_sysbios_knl_Clock_construct.1)
                  00008134    00000008     (.tramp.ti_sysbios_BIOS_getCpuFreq__E.1)
                  0000813c    00000008     (.tramp.ti_sysbios_knl_Semaphore_create.1)
                  00008144    00000008     (.tramp.ti_sysbios_knl_Task_sleep__E.1)
                  0000814c    00000008     (.tramp.ti_sysbios_knl_Task_create.1)
                  00008154    00000008     (.tramp.ti_sysbios_knl_Task_Params__init__S.1)
                  0000815c    00000008     (.tramp.ti_sysbios_knl_Clock_create.1)
                  00008164    00000008     (.tramp.ti_sysbios_knl_Clock_Params__init__S.1)
                  0000816c    00000008     (.tramp.ti_sysbios_knl_Clock_scheduleNextTick__E.1)
                  00008174    00000008     (.tramp.ti_sysbios_knl_Clock_walkQueueDynamic__E.1)
                  0000817c    00000008     (.tramp.ti_sysbios_knl_Clock_stop__E.1)
                  00008184    00000008     (.tramp.ti_sysbios_knl_Clock_start__E.1)
                  0000818c    00000008     (.tramp.ti_sysbios_knl_Clock_setTimeout__E.1)
                  00008194    00000008     (.tramp.ti_sysbios_knl_Clock_TimerProxy_getCurrentTick__E.1)
                  0000819c    00000008     (.tramp.ti_sysbios_knl_Semaphore_post__E.1)
                  000081a4    00000008     (.tramp.ti_sysbios_knl_Semaphore_pend__E.1)
                  000081ac    00000008     (.tramp.ti_sysbios_knl_Clock_getTicks__E.1)
                  000081b4    00000008     (.tramp.ti_sysbios_knl_Task_self__E.1)
                  000081bc    00000008     (.tramp.ti_sysbios_family_arm_m3_Hwi_restoreFxn__E.1)
                  000081c4    00000008     (.tramp.ti_sysbios_family_arm_m3_Hwi_disableFxn__E.1)
                  000081cc    00000008     (.tramp.ti_sysbios_family_arm_m3_Hwi_construct.1)
                  000081d4    00000008     (.tramp.ti_sysbios_family_arm_m3_Hwi_Params__init__S.1)
                  000081dc    00000008     (.tramp.ti_sysbios_knl_Semaphore_construct.1)
                  000081e4    00000008     (.tramp.ti_sysbios_knl_Semaphore_Params__init__S.1)
                  000081ec    00000008     (.tramp.ti_sysbios_knl_Task_restore__E.1)
                  000081f4    00000008     (.tramp.ti_sysbios_knl_Swi_restore__E.1)
[...]
1001c25d  ti_sysbios_family_arm_m3_Hwi_delete                                       
1001c261  ti_sysbios_family_arm_m3_Hwi_destruct                                     
1001c265  ti_sysbios_family_arm_m3_TaskSupport_Module__startupDone__S               
1001c269  ti_sysbios_gates_GateHwi_query__E                                         
1001c269  xdc_runtime_System_Module_GateProxy_query__E                              
1001c26d  ti_sysbios_gates_GateMutex_delete                                         
1001c271  ti_sysbios_gates_GateMutex_destruct                                       
1001c275  ti_sysbios_BIOS_RtsGateProxy_query__E                                     
1001c275  ti_sysbios_gates_GateMutex_query__E                                       
1001c275  ti_sysbios_heaps_HeapMem_Module_GateProxy_query__E                        
1001c279  ti_sysbios_hal_Hwi_HwiProxy_Module__startupDone__S                        
1001c27d  ti_sysbios_hal_Hwi_HwiProxy_delete                                        
1001c281  ti_sysbios_hal_Hwi_HwiProxy_disableInterrupt__E                           
1001c281  ti_sysbios_hal_Hwi_disableInterrupt__E                                    
1001c285  ti_sysbios_hal_Hwi_HwiProxy_enableInterrupt__E                            
1001c285  ti_sysbios_hal_Hwi_enableInterrupt__E                                     
1001c289  ti_sysbios_hal_Hwi_HwiProxy_getStackInfo__E                               
1001c289  ti_sysbios_hal_Hwi_getStackInfo__E                                        
1001c28d  ti_sysbios_hal_Hwi_HwiProxy_startup__E                                    
1001c28d  ti_sysbios_hal_Hwi_startup__E                                             
1001c291  ti_sysbios_hal_Hwi_HwiProxy_switchFromBootStack__E                        
1001c295  ti_sysbios_hal_Hwi_delete                                                 
1001c299  ti_sysbios_hal_Hwi_switchFromBootStack__E                                 
1001c29d  ti_sysbios_heaps_HeapMem_Module_GateProxy_enter__E                        
1001c2a1  ti_sysbios_heaps_HeapMem_Module_GateProxy_leave__E                        
1001c2a5  ti_sysbios_heaps_HeapMem_isBlocking__E                                    
1001c2a9  ti_sysbios_knl_Clock_TimerProxy_Module__startupDone__S                    
1001c2ad  ti_sysbios_knl_Clock_TimerProxy_getExpiredTicks__E                        
1001c2b1  ti_sysbios_knl_Clock_TimerProxy_getPeriod__E                              
1001c2b5  ti_sysbios_knl_Clock_delete                                               
1001c2b9  ti_sysbios_knl_Clock_destruct                                             
1001c2bd  ti_sysbios_knl_Clock_removeI__E                                           
1001c2c1  ti_sysbios_knl_Clock_setTimeout__E                                        
1001c2c5  ti_sysbios_knl_Mailbox_delete                                             
1001c2c9  ti_sysbios_knl_Mailbox_destruct                                           
1001c2cd  ti_sysbios_knl_Queue_delete                                               
1001c2d1  ti_sysbios_knl_Queue_destruct                                             
1001c2d5  ti_sysbios_knl_Queue_head__E                                              
1001c2d9  ti_sysbios_knl_Queue_next__E                                              
1001c2dd  ti_sysbios_knl_Semaphore_delete                                           
1001c2e1  ti_sysbios_knl_Semaphore_destruct                                         
1001c2e5  ti_sysbios_knl_Swi_delete                                                 
1001c2e9  ti_sysbios_knl_Swi_destruct                                               
1001c2ed  ti_sysbios_knl_Swi_postInit__I                                            
1001c2f1  ti_sysbios_knl_Task_SupportProxy_Module__startupDone__S                   
1001c2f5  ti_sysbios_knl_Task_SupportProxy_getStackAlignment__E                     
1001c2f9  ti_sysbios_knl_Task_SupportProxy_start__E                                 
1001c2fd  ti_sysbios_knl_Task_SupportProxy_swap__E                                  
1001c301  ti_sysbios_knl_Task_delete                                                
1001c305  ti_sysbios_knl_Task_destruct                                              
1001c309  ti_sysbios_knl_Task_startup__E                                            
1001c30d  xdc_runtime_Startup_startMods__I                                          
1001c405  xdc_runtime_Core_createObject__I                                          
1001c487  xdc_runtime_Error_policySpin__E                                           
1001c489  xdc_runtime_Memory_alloc__E                                               
1001c4f9  xdc_runtime_Core_deleteObject__I                                          
1001c559  xdc_runtime_Startup_exec__E                                               
1001c5a9  xdc_runtime_Assert_raise__I                                               
1001c5f1  xdc_runtime_Core_assignParams__I                                          
1001c639  xdc_runtime_Core_constructObject__I                                       
1001c681  xdc_runtime_System_atexit__E                                              
1001c6b9  xdc_runtime_System_processAtExit__E                                       
1001c6ed  xdc_runtime_Core_assignLabel__I                                           
1001c71d  xdc_runtime_Text_cordText__E                                              
1001c749  xdc_runtime_System_abort__E                                               
1001c769  xdc_runtime_Error_raiseX__E                                               
1001c785  xdc_runtime_Memory_valloc__E                                              
1001c7a1  xdc_runtime_Core_destructObject__I                                        
1001c7b9  xdc_runtime_Error_check__E                                                
1001c7d1  xdc_runtime_System_exit__E                                                
1001c7e9  xdc_runtime_Text_ropeText__E                                              
1001c801  xdc_runtime_Memory_free__E                                                
1001c811  xdc_runtime_SysCallback_abort__E                                          
1001c821  xdc_runtime_SysCallback_exit__E                                           
1001c831  xdc_runtime_Timestamp_SupportProxy_get32__E                               
1001c831  xdc_runtime_Timestamp_get32__E                                            
1001c841  xdc_runtime_Error_init__E                                                 
1001c84d  xdc_runtime_Memory_calloc__E                                              
1001c859  xdc_runtime_Memory_getMaxDefaultTypeAlign__E                              
1001c879  xdc_runtime_Gate_leaveSystem__E                                           
1001c87f  xdc_runtime_System_Module_startup__E                                      
1001c885  xdc_runtime_Gate_enterSystem__E                                           
1001c889  xdc_runtime_Memory_HeapProxy_alloc__E                                     
1001c88d  xdc_runtime_Memory_HeapProxy_free__E                                      
1001c891  xdc_runtime_System_Module_GateProxy_enter__E                              
1001c895  xdc_runtime_System_Module_GateProxy_leave__E                              
1001c899  xdc_runtime_System_abortSpin__E                                           
1001c89b  xdc_runtime_System_exitSpin__E                                            
1001c89d  ti_sysbios_family_arm_m3_Hwi_dispatch__I                                  
1001c96d  ti_sysbios_family_arm_m3_TaskSupport_buildTaskStack                       
1001c9b9  ti_sysbios_family_arm_m3_Hwi_initStacks__E                                
1001ca01  ti_sysbios_family_arm_m3_Hwi_excHandlerAsm__I                             
1001ca21  ti_sysbios_family_xxx_Hwi_switchAndRunFunc                                
1001ca3f  ti_sysbios_family_arm_m3_Hwi_pendSV__I                                    
1001ca57  ti_sysbios_family_arm_m3_Hwi_return                                       
1001ca59  ti_sysbios_family_arm_m3_TaskSupport_glue                                 
1001ca69  ti_sysbios_family_arm_m3_TaskSupport_swap__E                              
1001ca71  ti_sysbios_knl_Task_swapReturn                                            
1001ca9b  ti_sysbios_rom_cortexm_cc26xx_CC26xx_getRevision__E                       
20000000  ti_sysbios_family_arm_m3_Hwi_ramVectors                                   
20000100  ti_sysbios_knl_Task_Module__state__V                                      
20000144  ti_sysbios_family_arm_m3_Hwi_Module__state__V                             
20000178  ti_sysbios_knl_Clock_Module__state__V                                     
200001a4  ti_sysbios_BIOS_Module__state__V                                          
200001c8  ti_sysbios_knl_Swi_Module__state__V                                       
200001e4  ti_sysbios_family_arm_cc26xx_Timer_Module__state__V                       
200001ec  ti_sysbios_family_arm_cc26xx_TimestampProvider_Module__state__V           
200001f0  xdc_runtime_Startup_Module__state__V                                      
200001f8  xdc_runtime_System_Module__state__V                                       
20000200  xdc_runtime_Memory_Module__state__V                                       
20000f90  ti_sysbios_heaps_HeapMem_Instance_State_0_buf__A                          
20001610  sbpTaskStack                                                              
200018cc  gapRoleTaskStack                                                          
20001ad8  ti_sysbios_knl_Task_Instance_State_0_stack__A                             
20001cd8  spiCC26XXDMAObjects                                                       
20001e28  ti_sysbios_family_arm_m3_Hwi_dispatchTable                                
20001ef0  ADXLbuffer                                                                
20001fb0  charValue1                                                                
20002070  PIN_HandleTable                                                           
200020ec  gapRoleTask                                                               
2000213c  sbpTask                                                                   
200021d4  lcdObject                                                                 
200022d8  UdmaObjects                                                               
20002364  LCDPinState                                                               
200023a4  PIN_NumPins                                                               
200023b0  hLCDPins                                                                  
200023da  driverlib_release_0_43243                                                 
200023e1  linkDBNumConns                                                            
200023e8  lcdBuffer0                                                                
20002a28  ti_sysbios_family_arm_cc26xx_Power_refCount                               
20002a3b  ti_sysbios_family_arm_cc26xx_Power_constraintCounts                       
20002a40  ti_sysbios_family_arm_cc26xx_Power_resourceHandlers                       
20002a4c  ti_sysbios_family_arm_cc26xx_Timer_Module__root__V                        
20002a54  ti_sysbios_family_arm_m3_Hwi_Module__root__V                              
20002a5c  ti_sysbios_family_arm_m3_Hwi_Module_State_0_excActive__A                  
20002a60  ti_sysbios_family_arm_m3_Hwi_Module_State_0_excContext__A                 
20002a64  ti_sysbios_family_arm_m3_Hwi_Module_State_0_excStack__A                   
20002a68  ti_sysbios_gates_GateHwi_Module__root__V                                  
20002a70  ti_sysbios_gates_GateHwi_Object__table__V                                 
20002a74  ti_sysbios_gates_GateMutex_Module__root__V                                
20002a7c  ti_sysbios_hal_Hwi_Module__root__V                                        
20002a84  ti_sysbios_heaps_HeapMem_Module__root__V                                  
20002a8c  ti_sysbios_heaps_HeapMem_Object__table__V                                 
20002aa4  ti_sysbios_knl_Clock_Module__root__V                                      
20002aac  ti_sysbios_knl_Event_Module__root__V                                      
20002ab4  ti_sysbios_knl_Mailbox_Module__root__V                                    
20002abc  ti_sysbios_knl_Queue_Module__root__V                                      
20002ac4  ti_sysbios_knl_Semaphore_Module__root__V                                  
20002acc  ti_sysbios_knl_Semaphore_Object__table__V                                 
20002ae0  ti_sysbios_knl_Swi_Module__root__V                                        
20002ae8  ti_sysbios_knl_Task_Module__root__V                                       
20002af0  ti_sysbios_knl_Task_Module_State_0_idleTask__A                            
20002af4  __xdc__init__addr                                                         
20002c9c  ti_sysbios_family_arm_cc26xx_Power_Module__state__V                       
20002d49  count                                                                     
20002d4c  pinTable                                                                  
20002d58  FRAMregister                                                              
20002d5a  registerCount                                                             
20002d5c  FRAMfull                                                                  
20002d60  connectedFlag                                                             
20002d74  rfRegTbl                                                                  
20002dc8  TSK_idle                                                                  
20002dc8  ti_sysbios_knl_Task_Object__table__V                                      
20002e14  main_func_sp                                                              
20002e18  ti_sysbios_family_arm_cc26xx_Timer_Object__table__V                       
20002e60  BoardGpioInitTable                                                        
20002e9c  ti_sysbios_gates_GateMutex_Object__table__V                               
20002ed4  ti_sysbios_family_arm_m3_Hwi_Object__table__V                             
20002f04  ti_sysbios_knl_Swi_Module_State_0_readyQ__A                               
20002f34  ti_sysbios_knl_Swi_Object__table__V                                       
20002f64  ti_sysbios_knl_Task_Module_State_0_readyQ__A                              
20002f94  lcdBuffers                                                                
20002fb8  user0Cfg                                                                  
20002ff4  ICall_enterCriticalSection                                                
20002ff8  ICall_leaveCriticalSection                                                
20003000  ICall_dispatcher                                                          
20003004  lastAppOpcodeSent                                                         
20003008  pfnBMAlloc                                                                
2000300c  pfnBMFree                                                                 
20003014  LCDPinTable                                                               
20003024  _lock                                                                     
20003028  _unlock                                                                   
2000302c  __TI_cleanup_ptr                                                          
20003030  __TI_dtors_ptr                                                            
20003fe8  __stack                                                                   
200043e8  __STACK_END                                                               
200043e8  __STACK_TOP                                                               
e000e000  ti_sysbios_family_arm_m3_Hwi_nvic                                         
ffffffff  __binit__                                                                 
ffffffff  __c_args__                                                                
ffffffff  binit                                                                     
UNDEFED   SHT$$INIT_ARRAY$$Base                                                     
UNDEFED   SHT$$INIT_ARRAY$$Limit                                                    
UNDEFED   ti_sysbios_BIOS_RtsGateProxy_Handle__label__S__mangled__                  
UNDEFED   ti_sysbios_BIOS_RtsGateProxy_Object__delete__S__mangled__                 
UNDEFED   ti_sysbios_BIOS_RtsGateProxy_Params__init__S__mangled__                   
UNDEFED   ti_sysbios_BIOS_RtsGateProxy_query__E__mangled__                          
UNDEFED   ti_sysbios_hal_Hwi_HwiProxy_Module__startupDone__S__mangled__             
UNDEFED   ti_sysbios_hal_Hwi_HwiProxy_Object__delete__S__mangled__                  
UNDEFED   ti_sysbios_hal_Hwi_HwiProxy_Params__init__S__mangled__                    
UNDEFED   ti_sysbios_hal_Hwi_HwiProxy_disableInterrupt__E__mangled__                
UNDEFED   ti_sysbios_hal_Hwi_HwiProxy_enableInterrupt__E__mangled__                 
UNDEFED   ti_sysbios_hal_Hwi_HwiProxy_getStackInfo__E__mangled__                    
UNDEFED   ti_sysbios_hal_Hwi_HwiProxy_startup__E__mangled__                         
UNDEFED   ti_sysbios_hal_Hwi_HwiProxy_switchFromBootStack__E__mangled__             
UNDEFED   ti_sysbios_hal_Hwi_disableInterrupt__E__mangled__                         
UNDEFED   ti_sysbios_hal_Hwi_enableInterrupt__E__mangled__                          
UNDEFED   ti_sysbios_hal_Hwi_getStackInfo__E__mangled__                             
UNDEFED   ti_sysbios_hal_Hwi_startup__E__mangled__                                  
UNDEFED   ti_sysbios_hal_Hwi_switchFromBootStack__E__mangled__                      
UNDEFED   ti_sysbios_heaps_HeapMem_Module_GateProxy_Handle__label__S__mangled__     
UNDEFED   ti_sysbios_heaps_HeapMem_Module_GateProxy_Object__delete__S__mangled__    
UNDEFED   ti_sysbios_heaps_HeapMem_Module_GateProxy_Params__init__S__mangled__      
UNDEFED   ti_sysbios_heaps_HeapMem_Module_GateProxy_query__E__mangled__             
UNDEFED   ti_sysbios_knl_Clock_TimerProxy_Module__startupDone__S__mangled__         
UNDEFED   ti_sysbios_knl_Clock_TimerProxy_startup__E__mangled__                     
UNDEFED   ti_sysbios_knl_Task_SupportProxy_Module__startupDone__S__mangled__        
UNDEFED   ti_sysbios_knl_Task_SupportProxy_getStackAlignment__E__mangled__          
UNDEFED   ti_sysbios_knl_Task_SupportProxy_start__E__mangled__                      
UNDEFED   ti_sysbios_knl_Task_SupportProxy_swap__E__mangled__                       
UNDEFED   xdc_runtime_Main_Module_GateProxy_Handle__label__S                        
UNDEFED   xdc_runtime_Main_Module_GateProxy_Object__delete__S                       
UNDEFED   xdc_runtime_Main_Module_GateProxy_query__E                                
UNDEFED   xdc_runtime_Memory_HeapProxy_Handle__label__S__mangled__                  
UNDEFED   xdc_runtime_Memory_HeapProxy_Object__delete__S__mangled__                 
UNDEFED   xdc_runtime_System_Module_GateProxy_Handle__label__S__mangled__           
UNDEFED   xdc_runtime_System_Module_GateProxy_Object__delete__S__mangled__          
UNDEFED   xdc_runtime_System_Module_GateProxy_query__E__mangled__                   
UNDEFED   xdc_runtime_System_SupportProxy_abort__E                                  
UNDEFED   xdc_runtime_System_SupportProxy_exit__E                                   
UNDEFED   xdc_runtime_Timestamp_SupportProxy_get64__E__mangled__                    
UNDEFED   xdc_runtime_Timestamp_SupportProxy_getFreq__E__mangled__                  
UNDEFED   xdc_runtime_Timestamp_get32__E__mangled__                                 
UNDEFED   xdc_runtime_Timestamp_get64__E__mangled__                                 
UNDEFED   xdc_runtime_Timestamp_getFreq__E__mangled__                               

[858 symbols]
