******************************************************************************
                  TI ARM Linker PC v5.2.5                      
******************************************************************************
>> Linked Thu Oct 27 17:29:44 2016

OUTPUT FILE NAME:   <SimpleBLEPeripheralBrokeAF.out>
ENTRY POINT SYMBOL: "ResetISR"  address: 000048b5


MEMORY CONFIGURATION

         name            origin    length      used     unused   attr    fill
----------------------  --------  ---------  --------  --------  ----  --------
  FLASH                 00000000   0000dfff  0000791a  000066e5  R  X
  FLASH_LAST_PAGE       0001f000   00001000  00000058  00000fa8  R  X
  SRAM                  20000000   000043eb  000030de  0000130d  RW X


SEGMENT ALLOCATION MAP

run origin  load origin   length   init length attrs members
----------  ----------- ---------- ----------- ----- -------
00000000    00000000    00007920   00007920    r-x
  00000000    00000000    0000003c   0000003c    r-- .resetVecs
  0000003c    0000003c    000000c4   000000c4    r-x .text.1
  00000100    00000100    0000003c   0000003c    r-- .const:ti_sysbios_knl_Task_Object__PARAMS__C
  0000013c    0000013c    00000034   00000034    r-- .const:ti_sysbios_knl_Mailbox_Object__PARAMS__C
  00000170    00000170    00000030   00000030    r-- .const:ti_sysbios_family_arm_m3_Hwi_Object__PARAMS__C
  000001a0    000001a0    0000002c   0000002c    r-- .const:ti_sysbios_hal_Hwi_Object__PARAMS__C
  000001cc    000001cc    00000028   00000028    r-- .const:ti_sysbios_heaps_HeapMem_Module__FXNS__C
  000001f4    000001f4    00000028   00000028    r-- .const:ti_sysbios_knl_Swi_Object__PARAMS__C
  0000021c    0000021c    00000024   00000024    r-- .const:ti_sysbios_gates_GateHwi_Module__FXNS__C
  00000240    00000240    00000024   00000024    r-- .const:ti_sysbios_gates_GateMutex_Module__FXNS__C
  00000264    00000264    00000024   00000024    r-- .const:ti_sysbios_heaps_HeapMem_Object__PARAMS__C
  00000288    00000288    00000024   00000024    r-- .const:ti_sysbios_knl_Clock_Object__PARAMS__C
  000002ac    000002ac    00000024   00000024    r-- .const:ti_sysbios_knl_Semaphore_Object__PARAMS__C
  000002d0    000002d0    00000020   00000020    r-- .const:ti_sysbios_family_arm_m3_Hwi_Object__DESC__C
  000002f0    000002f0    00000020   00000020    r-- .const:ti_sysbios_gates_GateHwi_Object__DESC__C
  00000310    00000310    00000020   00000020    r-- .const:ti_sysbios_gates_GateMutex_Object__DESC__C
  00000330    00000330    00000020   00000020    r-- .const:ti_sysbios_hal_Hwi_Object__DESC__C
  00000350    00000350    00000020   00000020    r-- .const:ti_sysbios_heaps_HeapMem_Object__DESC__C
  00000370    00000370    00000020   00000020    r-- .const:ti_sysbios_knl_Clock_Object__DESC__C
  00000390    00000390    00000020   00000020    r-- .const:ti_sysbios_knl_Mailbox_Object__DESC__C
  000003b0    000003b0    00000020   00000020    r-- .const:ti_sysbios_knl_Queue_Object__DESC__C
  000003d0    000003d0    00000020   00000020    r-- .const:ti_sysbios_knl_Semaphore_Object__DESC__C
  000003f0    000003f0    00000020   00000020    r-- .const:ti_sysbios_knl_Swi_Object__DESC__C
  00000410    00000410    00000020   00000020    r-- .const:ti_sysbios_knl_Task_Object__DESC__C
  00000430    00000430    00000018   00000018    r-- .const:ti_sysbios_gates_GateHwi_Object__PARAMS__C
  00000448    00000448    00000018   00000018    r-- .const:ti_sysbios_gates_GateMutex_Object__PARAMS__C
  00000460    00000460    00000018   00000018    r-- .const:ti_sysbios_knl_Queue_Object__PARAMS__C
  00000478    00000478    00000008   00000008    r-- .const:ti_sysbios_knl_Idle_funcList__C
  00000480    00000480    00000004   00000004    r-x .text.2
  00000484    00000484    00000004   00000004    r-- .const:ti_sysbios_family_arm_cc26xx_Timer_startupNeeded__C
  00000488    00000488    00000004   00000004    r-- .const:ti_sysbios_family_arm_m3_Hwi_E_alreadyDefined__C
  0000048c    0000048c    00000004   00000004    r-- .const:ti_sysbios_family_arm_m3_Hwi_E_hwiLimitExceeded__C
  00000490    00000490    00000004   00000004    r-- .const:ti_sysbios_family_arm_m3_Hwi_NUM_INTERRUPTS__C
  00000494    00000494    00000004   00000004    r-- .const:ti_sysbios_family_arm_m3_Hwi_Object__count__C
  00000498    00000498    00000004   00000004    r-- .const:ti_sysbios_family_arm_m3_Hwi_Object__table__C
  0000049c    0000049c    00000004   00000004    r-- .const:ti_sysbios_family_arm_m3_Hwi_ccr__C
  000004a0    000004a0    00000004   00000004    r-- .const:ti_sysbios_family_arm_m3_Hwi_excHandlerFunc__C
  000004a4    000004a4    00000004   00000004    r-- .const:ti_sysbios_family_arm_m3_Hwi_nullIsrFunc__C
  000004a8    000004a8    00000004   00000004    r-- .const:ti_sysbios_family_arm_m3_Hwi_numSparseInterrupts__C
  000004ac    000004ac    00000004   00000004    r-- .const:ti_sysbios_family_arm_m3_Hwi_priGroup__C
  000004b0    000004b0    00000004   00000004    r-- .const:ti_sysbios_family_arm_m3_TaskSupport_stackAlignment__C
  000004b4    000004b4    00000004   00000004    r-- .const:ti_sysbios_heaps_HeapMem_E_memory__C
  000004b8    000004b8    00000004   00000004    r-- .const:ti_sysbios_heaps_HeapMem_Module__gateObj__C
  000004bc    000004bc    00000004   00000004    r-- .const:ti_sysbios_heaps_HeapMem_Object__count__C
  000004c0    000004c0    00000004   00000004    r-- .const:ti_sysbios_heaps_HeapMem_Object__table__C
  000004c4    000004c4    00000004   00000004    r-- .const:ti_sysbios_heaps_HeapMem_reqAlign__C
  000004c8    000004c8    00000004   00000004    r-- .const:ti_sysbios_knl_Clock_serviceMargin__C
  000004cc    000004cc    00000004   00000004    r-- .const:ti_sysbios_knl_Mailbox_Object__count__C
  000004d0    000004d0    00000004   00000004    r-- .const:ti_sysbios_knl_Mailbox_Object__table__C
  000004d4    000004d4    00000004   00000004    r-- .const:ti_sysbios_knl_Queue_Object__count__C
  000004d8    000004d8    00000004   00000004    r-- .const:ti_sysbios_knl_Queue_Object__table__C
  000004dc    000004dc    00000004   00000004    r-- .const:ti_sysbios_knl_Swi_Object__count__C
  000004e0    000004e0    00000004   00000004    r-- .const:ti_sysbios_knl_Swi_Object__table__C
  000004e4    000004e4    00000004   00000004    r-- .const:ti_sysbios_knl_Swi_numPriorities__C
  000004e8    000004e8    00000004   00000004    r-- .const:ti_sysbios_knl_Task_Object__count__C
  000004ec    000004ec    00000004   00000004    r-- .const:ti_sysbios_knl_Task_Object__table__C
  000004f0    000004f0    00000004   00000004    r-- .const:ti_sysbios_knl_Task_allBlockedFunc__C
  000004f4    000004f4    00000004   00000004    r-- .const:ti_sysbios_knl_Task_defaultStackHeap__C
  000004f8    000004f8    00000004   00000004    r-- .const:ti_sysbios_knl_Task_defaultStackSize__C
  000004fc    000004fc    00000004   00000004    r-- .const:ti_sysbios_knl_Task_numConstructedTasks__C
  00000500    00000500    00000002   00000002    r-x .text.3
  00000502    00000502    00000002   00000002    r-- .const:ti_sysbios_family_arm_cc26xx_Timer_Module__id__C
  00000504    00000504    00000002   00000002    r-- .const:ti_sysbios_family_arm_cc26xx_TimestampProvider_useClockTimer__C
  00000506    00000506    00000002   00000002    r-- .const:ti_sysbios_family_arm_m3_Hwi_Module__id__C
  00000508    00000508    00000002   00000002    r-- .const:ti_sysbios_gates_GateHwi_Module__id__C
  0000050a    0000050a    00000002   00000002    r-- .const:ti_sysbios_gates_GateMutex_Module__id__C
  0000050c    0000050c    00000002   00000002    r-- .const:ti_sysbios_heaps_HeapMem_Module__id__C
  0000050e    0000050e    00000002   00000002    r-- .const:ti_sysbios_knl_Task_initStackFlag__C
  00000510    00000510    00000001   00000001    r-- .const:ti_sysbios_knl_Clock_tickMode__C
  00000514    00000514    00000008   00000008    r-- .const:xdc_runtime_Startup_firstFxns__C
  0000051c    0000051c    00000008   00000008    r-- .const:xdc_runtime_Startup_lastFxns__C
  00000524    00000524    00000004   00000004    r-- .const:xdc_runtime_Assert_E_assertFailed__C
  00000528    00000528    00000004   00000004    r-- .const:xdc_runtime_Error_E_memory__C
  0000052c    0000052c    00000004   00000004    r-- .const:xdc_runtime_Error_policyFxn__C
  00000530    00000530    00000004   00000004    r-- .const:xdc_runtime_IGateProvider_Interface__BASE__C
  00000534    00000534    00000004   00000004    r-- .const:xdc_runtime_IHeap_Interface__BASE__C
  00000538    00000538    00000004   00000004    r-- .const:xdc_runtime_IModule_Interface__BASE__C
  0000053c    0000053c    00000004   00000004    r-- .const:xdc_runtime_Main_Module__diagsEnabled__C
  00000540    00000540    00000004   00000004    r-- .const:xdc_runtime_Main_Module__diagsIncluded__C
  00000544    00000544    00000004   00000004    r-- .const:xdc_runtime_Main_Module__diagsMask__C
  00000548    00000548    00000004   00000004    r-- .const:xdc_runtime_Memory_defaultHeapInstance__C
  0000054c    0000054c    00000004   00000004    r-- .const:xdc_runtime_Startup_execImpl__C
  00000550    00000550    00000004   00000004    r-- .const:xdc_runtime_Startup_maxPasses__C
  00000554    00000554    00000004   00000004    r-- .const:xdc_runtime_Startup_sfxnRts__C
  00000558    00000558    00000004   00000004    r-- .const:xdc_runtime_Startup_sfxnTab__C
  0000055c    0000055c    00000004   00000004    r-- .const:xdc_runtime_Startup_startModsFxn__C
  00000560    00000560    00000004   00000004    r-- .const:xdc_runtime_SysCallback_abortFxn__C
  00000564    00000564    00000004   00000004    r-- .const:xdc_runtime_SysCallback_exitFxn__C
  00000568    00000568    00000004   00000004    r-- .const:xdc_runtime_System_abortFxn__C
  0000056c    0000056c    00000004   00000004    r-- .const:xdc_runtime_System_exitFxn__C
  00000570    00000570    00000004   00000004    r-- .const:xdc_runtime_System_maxAtexitHandlers__C
  00000574    00000574    00000004   00000004    r-- .const:xdc_runtime_Text_charTab__C
  00000578    00000578    00000004   00000004    r-- .const:xdc_runtime_Text_nameEmpty__C
  0000057c    0000057c    00000004   00000004    r-- .const:xdc_runtime_Text_nameStatic__C
  00000580    00000580    00000004   00000004    r-- .const:xdc_runtime_Text_nameUnknown__C
  00000584    00000584    00000002   00000002    r-- .const:xdc_runtime_Main_Module__id__C
  00000586    00000586    00000002   00000002    r-- .const:xdc_runtime_Memory_Module__id__C
  00000588    00000588    00000002   00000002    r-- .const:xdc_runtime_Text_charCnt__C
  0000058a    0000058a    00000002   00000002    r-- .const:xdc_runtime_Text_isLoaded__C
  0000058c    0000058c    00000001   00000001    r-- .const:xdc_runtime_Error_policy__C
  00000590    00000590    00000004   00000004    r-- .const:ti_sysbios_rom_ROM_AONRTCChannelEnable
  00000594    00000594    00000004   00000004    r-- .const:ti_sysbios_rom_ROM_AONRTCCompareValueSet
  00000598    00000598    00000004   00000004    r-- .const:ti_sysbios_rom_ROM_AONRTCCurrentCompareValueGet
  0000059c    0000059c    00000004   00000004    r-- .const:ti_sysbios_rom_ROM_AONRTCEventClear
  000005a0    000005a0    00000004   00000004    r-- .const:ti_sysbios_rom_ROM_ti_sysbios_family_arm_cc26xx_Timer_getCount64__E
  000005a4    000005a4    00000004   00000004    r-- .const:ti_sysbios_rom_ROM_ti_sysbios_family_arm_cc26xx_Timer_getCurrentTick__E
  000005a8    000005a8    00000004   00000004    r-- .const:ti_sysbios_rom_ROM_ti_sysbios_family_arm_cc26xx_Timer_getMaxTicks__E
  000005ac    000005ac    00000004   00000004    r-- .const:ti_sysbios_rom_ROM_ti_sysbios_family_arm_cc26xx_Timer_initDevice__I
  000005b0    000005b0    00000004   00000004    r-- .const:ti_sysbios_rom_ROM_ti_sysbios_family_arm_cc26xx_Timer_setNextTick__E
  000005b4    000005b4    00000004   00000004    r-- .const:ti_sysbios_rom_ROM_ti_sysbios_family_arm_cc26xx_Timer_setThreshold__I
  000005b8    000005b8    00000004   00000004    r-- .const:ti_sysbios_rom_ROM_ti_sysbios_family_arm_cc26xx_Timer_start__E
  000005bc    000005bc    00000004   00000004    r-- .const:ti_sysbios_rom_ROM_ti_sysbios_family_arm_cc26xx_TimestampProvider_get32__E
  000005c0    000005c0    00000004   00000004    r-- .const:ti_sysbios_rom_ROM_xdc_runtime_Startup_getState__I
  000005c4    000005c4    00000004   00000004    r-- .const:ti_sysbios_rom_ROM_xdc_runtime_System_SupportProxy_abort__E
  000005c8    000005c8    00000004   00000004    r-- .const:ti_sysbios_rom_ROM_xdc_runtime_System_SupportProxy_exit__E
  000005cc    000005cc    00000004   00000004    r-- .const:ti_sysbios_gates_GateMutex_Instance_State_sem__O
  000005d0    000005d0    00000004   00000004    r-- .const:ti_sysbios_knl_Clock_Module_State_clockQ__O
  000005d4    000005d4    00000004   00000004    r-- .const:ti_sysbios_knl_Mailbox_Instance_State_dataQue__O
  000005d8    000005d8    00000004   00000004    r-- .const:ti_sysbios_knl_Mailbox_Instance_State_dataSem__O
  000005dc    000005dc    00000004   00000004    r-- .const:ti_sysbios_knl_Mailbox_Instance_State_freeQue__O
  000005e0    000005e0    00000004   00000004    r-- .const:ti_sysbios_knl_Mailbox_Instance_State_freeSem__O
  000005e4    000005e4    00000004   00000004    r-- .const:ti_sysbios_knl_Semaphore_Instance_State_pendQ__O
  000005e8    000005e8    00000004   00000004    r-- .const:ti_sysbios_knl_Task_Module_State_inactiveQ__O
  000005ec    000005ec    00006578   00006578    r-x .text.4
  00006b64    00006b64    0000055c   0000055c    r-- .const
  000070c0    000070c0    00000860   00000860    r-- .cinit
0001ffa8    0001ffa8    00000058   00000058    r--
  0001ffa8    0001ffa8    00000058   00000058    r-- .ccfg
20000000    20000000    000000c8   00000000    rw-
  20000000    20000000    000000c8   00000000    rw- .vecs
20000100    20000100    00000104   00000000    rw-
  20000100    20000100    00000044   00000000    rw- .data:ti_sysbios_knl_Task_Module__state__V
  20000144    20000144    00000034   00000000    rw- .data:ti_sysbios_family_arm_m3_Hwi_Module__state__V
  20000178    20000178    0000002c   00000000    rw- .data:ti_sysbios_knl_Clock_Module__state__V
  200001a4    200001a4    00000024   00000000    rw- .data:ti_sysbios_BIOS_Module__state__V
  200001c8    200001c8    0000001c   00000000    rw- .data:ti_sysbios_knl_Swi_Module__state__V
  200001e4    200001e4    00000008   00000000    rw- .data:ti_sysbios_family_arm_cc26xx_Timer_Module__state__V
  200001ec    200001ec    00000004   00000000    rw- .data:ti_sysbios_family_arm_cc26xx_TimestampProvider_Module__state__V
  200001f0    200001f0    00000008   00000000    rw- .data:xdc_runtime_Startup_Module__state__V
  200001f8    200001f8    00000008   00000000    rw- .data:xdc_runtime_System_Module__state__V
  20000200    20000200    00000004   00000000    rw- .data:xdc_runtime_Memory_Module__state__V
20000430    20000430    00000010   00000000    rw-
  20000430    20000430    00000010   00000000    rw- .TI.bound:dmaRxControlTableEntry0$7
20000440    20000440    00000010   00000000    rw-
  20000440    20000440    00000010   00000000    rw- .TI.bound:dmaTxControlTableEntry0$7
20000500    20000500    00000010   00000000    rw-
  20000500    20000500    00000010   00000000    rw- .TI.bound:dmaRxControlTableEntry1$7
20000510    20000510    00002ae8   00000000    rw-
  20000510    20000510    00000010   00000000    rw- .TI.bound:dmaTxControlTableEntry1$7
  20000520    20000520    00001652   00000000    rw- .bss
  20001b78    20001b78    00001480   00000000    rw- .data
20003fe8    20003fe8    00000400   00000000    rw-
  20003fe8    20003fe8    00000400   00000000    rw- .stack


SECTION ALLOCATION MAP

 output                                  attributes/
section   page    origin      length       input sections
--------  ----  ----------  ----------   ----------------
.resetVecs 
*          0    00000000    0000003c     
                  00000000    0000003c     appBLE_pem3.oem3 (.resetVecs)

.text.1    0    0000003c    000000c4     
                  0000003c    000000c4     SPICC26XXDMA.obj (.text:SPICC26XXDMA_configDMA$7)

.const:ti_sysbios_knl_Task_Object__PARAMS__C 
*          0    00000100    0000003c     
                  00000100    0000003c     appBLE_pem3.oem3 (.const:ti_sysbios_knl_Task_Object__PARAMS__C)

.const:ti_sysbios_knl_Mailbox_Object__PARAMS__C 
*          0    0000013c    00000034     
                  0000013c    00000034     appBLE_pem3.oem3 (.const:ti_sysbios_knl_Mailbox_Object__PARAMS__C)

.const:ti_sysbios_family_arm_m3_Hwi_Object__PARAMS__C 
*          0    00000170    00000030     
                  00000170    00000030     appBLE_pem3.oem3 (.const:ti_sysbios_family_arm_m3_Hwi_Object__PARAMS__C)

.const:ti_sysbios_hal_Hwi_Object__PARAMS__C 
*          0    000001a0    0000002c     
                  000001a0    0000002c     appBLE_pem3.oem3 (.const:ti_sysbios_hal_Hwi_Object__PARAMS__C)

.const:ti_sysbios_heaps_HeapMem_Module__FXNS__C 
*          0    000001cc    00000028     
                  000001cc    00000028     appBLE_pem3.oem3 (.const:ti_sysbios_heaps_HeapMem_Module__FXNS__C)

.const:ti_sysbios_knl_Swi_Object__PARAMS__C 
*          0    000001f4    00000028     
                  000001f4    00000028     appBLE_pem3.oem3 (.const:ti_sysbios_knl_Swi_Object__PARAMS__C)

.const:ti_sysbios_gates_GateHwi_Module__FXNS__C 
*          0    0000021c    00000024     
                  0000021c    00000024     appBLE_pem3.oem3 (.const:ti_sysbios_gates_GateHwi_Module__FXNS__C)

.const:ti_sysbios_gates_GateMutex_Module__FXNS__C 
*          0    00000240    00000024     
                  00000240    00000024     appBLE_pem3.oem3 (.const:ti_sysbios_gates_GateMutex_Module__FXNS__C)

.const:ti_sysbios_heaps_HeapMem_Object__PARAMS__C 
*          0    00000264    00000024     
                  00000264    00000024     appBLE_pem3.oem3 (.const:ti_sysbios_heaps_HeapMem_Object__PARAMS__C)

.const:ti_sysbios_knl_Clock_Object__PARAMS__C 
*          0    00000288    00000024     
                  00000288    00000024     appBLE_pem3.oem3 (.const:ti_sysbios_knl_Clock_Object__PARAMS__C)

.const:ti_sysbios_knl_Semaphore_Object__PARAMS__C 
*          0    000002ac    00000024     
                  000002ac    00000024     appBLE_pem3.oem3 (.const:ti_sysbios_knl_Semaphore_Object__PARAMS__C)

.const:ti_sysbios_family_arm_m3_Hwi_Object__DESC__C 
*          0    000002d0    00000020     
                  000002d0    00000020     appBLE_pem3.oem3 (.const:ti_sysbios_family_arm_m3_Hwi_Object__DESC__C)

.const:ti_sysbios_gates_GateHwi_Object__DESC__C 
*          0    000002f0    00000020     
                  000002f0    00000020     appBLE_pem3.oem3 (.const:ti_sysbios_gates_GateHwi_Object__DESC__C)

.const:ti_sysbios_gates_GateMutex_Object__DESC__C 
*          0    00000310    00000020     
                  00000310    00000020     appBLE_pem3.oem3 (.const:ti_sysbios_gates_GateMutex_Object__DESC__C)

.const:ti_sysbios_hal_Hwi_Object__DESC__C 
*          0    00000330    00000020     
                  00000330    00000020     appBLE_pem3.oem3 (.const:ti_sysbios_hal_Hwi_Object__DESC__C)

.const:ti_sysbios_heaps_HeapMem_Object__DESC__C 
*          0    00000350    00000020     
                  00000350    00000020     appBLE_pem3.oem3 (.const:ti_sysbios_heaps_HeapMem_Object__DESC__C)

.const:ti_sysbios_knl_Clock_Object__DESC__C 
*          0    00000370    00000020     
                  00000370    00000020     appBLE_pem3.oem3 (.const:ti_sysbios_knl_Clock_Object__DESC__C)

.const:ti_sysbios_knl_Mailbox_Object__DESC__C 
*          0    00000390    00000020     
                  00000390    00000020     appBLE_pem3.oem3 (.const:ti_sysbios_knl_Mailbox_Object__DESC__C)

.const:ti_sysbios_knl_Queue_Object__DESC__C 
*          0    000003b0    00000020     
                  000003b0    00000020     appBLE_pem3.oem3 (.const:ti_sysbios_knl_Queue_Object__DESC__C)

.const:ti_sysbios_knl_Semaphore_Object__DESC__C 
*          0    000003d0    00000020     
                  000003d0    00000020     appBLE_pem3.oem3 (.const:ti_sysbios_knl_Semaphore_Object__DESC__C)

.const:ti_sysbios_knl_Swi_Object__DESC__C 
*          0    000003f0    00000020     
                  000003f0    00000020     appBLE_pem3.oem3 (.const:ti_sysbios_knl_Swi_Object__DESC__C)

.const:ti_sysbios_knl_Task_Object__DESC__C 
*          0    00000410    00000020     
                  00000410    00000020     appBLE_pem3.oem3 (.const:ti_sysbios_knl_Task_Object__DESC__C)

.const:ti_sysbios_gates_GateHwi_Object__PARAMS__C 
*          0    00000430    00000018     
                  00000430    00000018     appBLE_pem3.oem3 (.const:ti_sysbios_gates_GateHwi_Object__PARAMS__C)

.const:ti_sysbios_gates_GateMutex_Object__PARAMS__C 
*          0    00000448    00000018     
                  00000448    00000018     appBLE_pem3.oem3 (.const:ti_sysbios_gates_GateMutex_Object__PARAMS__C)

.const:ti_sysbios_knl_Queue_Object__PARAMS__C 
*          0    00000460    00000018     
                  00000460    00000018     appBLE_pem3.oem3 (.const:ti_sysbios_knl_Queue_Object__PARAMS__C)

.const:ti_sysbios_knl_Idle_funcList__C 
*          0    00000478    00000008     
                  00000478    00000008     appBLE_pem3.oem3 (.const:ti_sysbios_knl_Idle_funcList__C)

.text.2    0    00000480    00000004     
                  00000480    00000004     ICallBleAPI.obj (.text:GATTServApp_AddService)

.const:ti_sysbios_family_arm_cc26xx_Timer_startupNeeded__C 
*          0    00000484    00000004     
                  00000484    00000004     appBLE_pem3.oem3 (.const:ti_sysbios_family_arm_cc26xx_Timer_startupNeeded__C)

.const:ti_sysbios_family_arm_m3_Hwi_E_alreadyDefined__C 
*          0    00000488    00000004     
                  00000488    00000004     appBLE_pem3.oem3 (.const:ti_sysbios_family_arm_m3_Hwi_E_alreadyDefined__C)

.const:ti_sysbios_family_arm_m3_Hwi_E_hwiLimitExceeded__C 
*          0    0000048c    00000004     
                  0000048c    00000004     appBLE_pem3.oem3 (.const:ti_sysbios_family_arm_m3_Hwi_E_hwiLimitExceeded__C)

.const:ti_sysbios_family_arm_m3_Hwi_NUM_INTERRUPTS__C 
*          0    00000490    00000004     
                  00000490    00000004     appBLE_pem3.oem3 (.const:ti_sysbios_family_arm_m3_Hwi_NUM_INTERRUPTS__C)

.const:ti_sysbios_family_arm_m3_Hwi_Object__count__C 
*          0    00000494    00000004     
                  00000494    00000004     appBLE_pem3.oem3 (.const:ti_sysbios_family_arm_m3_Hwi_Object__count__C)

.const:ti_sysbios_family_arm_m3_Hwi_Object__table__C 
*          0    00000498    00000004     
                  00000498    00000004     appBLE_pem3.oem3 (.const:ti_sysbios_family_arm_m3_Hwi_Object__table__C)

.const:ti_sysbios_family_arm_m3_Hwi_ccr__C 
*          0    0000049c    00000004     
                  0000049c    00000004     appBLE_pem3.oem3 (.const:ti_sysbios_family_arm_m3_Hwi_ccr__C)

.const:ti_sysbios_family_arm_m3_Hwi_excHandlerFunc__C 
*          0    000004a0    00000004     
                  000004a0    00000004     appBLE_pem3.oem3 (.const:ti_sysbios_family_arm_m3_Hwi_excHandlerFunc__C)

.const:ti_sysbios_family_arm_m3_Hwi_nullIsrFunc__C 
*          0    000004a4    00000004     
                  000004a4    00000004     appBLE_pem3.oem3 (.const:ti_sysbios_family_arm_m3_Hwi_nullIsrFunc__C)

.const:ti_sysbios_family_arm_m3_Hwi_numSparseInterrupts__C 
*          0    000004a8    00000004     
                  000004a8    00000004     appBLE_pem3.oem3 (.const:ti_sysbios_family_arm_m3_Hwi_numSparseInterrupts__C)

.const:ti_sysbios_family_arm_m3_Hwi_priGroup__C 
*          0    000004ac    00000004     
                  000004ac    00000004     appBLE_pem3.oem3 (.const:ti_sysbios_family_arm_m3_Hwi_priGroup__C)

.const:ti_sysbios_family_arm_m3_TaskSupport_stackAlignment__C 
*          0    000004b0    00000004     
                  000004b0    00000004     appBLE_pem3.oem3 (.const:ti_sysbios_family_arm_m3_TaskSupport_stackAlignment__C)

.const:ti_sysbios_heaps_HeapMem_E_memory__C 
*          0    000004b4    00000004     
                  000004b4    00000004     appBLE_pem3.oem3 (.const:ti_sysbios_heaps_HeapMem_E_memory__C)

.const:ti_sysbios_heaps_HeapMem_Module__gateObj__C 
*          0    000004b8    00000004     
                  000004b8    00000004     appBLE_pem3.oem3 (.const:ti_sysbios_heaps_HeapMem_Module__gateObj__C)

.const:ti_sysbios_heaps_HeapMem_Object__count__C 
*          0    000004bc    00000004     
                  000004bc    00000004     appBLE_pem3.oem3 (.const:ti_sysbios_heaps_HeapMem_Object__count__C)

.const:ti_sysbios_heaps_HeapMem_Object__table__C 
*          0    000004c0    00000004     
                  000004c0    00000004     appBLE_pem3.oem3 (.const:ti_sysbios_heaps_HeapMem_Object__table__C)

.const:ti_sysbios_heaps_HeapMem_reqAlign__C 
*          0    000004c4    00000004     
                  000004c4    00000004     appBLE_pem3.oem3 (.const:ti_sysbios_heaps_HeapMem_reqAlign__C)

.const:ti_sysbios_knl_Clock_serviceMargin__C 
*          0    000004c8    00000004     
                  000004c8    00000004     appBLE_pem3.oem3 (.const:ti_sysbios_knl_Clock_serviceMargin__C)

.const:ti_sysbios_knl_Mailbox_Object__count__C 
*          0    000004cc    00000004     
                  000004cc    00000004     appBLE_pem3.oem3 (.const:ti_sysbios_knl_Mailbox_Object__count__C)

.const:ti_sysbios_knl_Mailbox_Object__table__C 
*          0    000004d0    00000004     
                  000004d0    00000004     appBLE_pem3.oem3 (.const:ti_sysbios_knl_Mailbox_Object__table__C)

.const:ti_sysbios_knl_Queue_Object__count__C 
*          0    000004d4    00000004     
                  000004d4    00000004     appBLE_pem3.oem3 (.const:ti_sysbios_knl_Queue_Object__count__C)

.const:ti_sysbios_knl_Queue_Object__table__C 
*          0    000004d8    00000004     
                  000004d8    00000004     appBLE_pem3.oem3 (.const:ti_sysbios_knl_Queue_Object__table__C)

.const:ti_sysbios_knl_Swi_Object__count__C 
*          0    000004dc    00000004     
                  000004dc    00000004     appBLE_pem3.oem3 (.const:ti_sysbios_knl_Swi_Object__count__C)

.const:ti_sysbios_knl_Swi_Object__table__C 
*          0    000004e0    00000004     
                  000004e0    00000004     appBLE_pem3.oem3 (.const:ti_sysbios_knl_Swi_Object__table__C)

.const:ti_sysbios_knl_Swi_numPriorities__C 
*          0    000004e4    00000004     
                  000004e4    00000004     appBLE_pem3.oem3 (.const:ti_sysbios_knl_Swi_numPriorities__C)

.const:ti_sysbios_knl_Task_Object__count__C 
*          0    000004e8    00000004     
                  000004e8    00000004     appBLE_pem3.oem3 (.const:ti_sysbios_knl_Task_Object__count__C)

.const:ti_sysbios_knl_Task_Object__table__C 
*          0    000004ec    00000004     
                  000004ec    00000004     appBLE_pem3.oem3 (.const:ti_sysbios_knl_Task_Object__table__C)

.const:ti_sysbios_knl_Task_allBlockedFunc__C 
*          0    000004f0    00000004     
                  000004f0    00000004     appBLE_pem3.oem3 (.const:ti_sysbios_knl_Task_allBlockedFunc__C)

.const:ti_sysbios_knl_Task_defaultStackHeap__C 
*          0    000004f4    00000004     
                  000004f4    00000004     appBLE_pem3.oem3 (.const:ti_sysbios_knl_Task_defaultStackHeap__C)

.const:ti_sysbios_knl_Task_defaultStackSize__C 
*          0    000004f8    00000004     
                  000004f8    00000004     appBLE_pem3.oem3 (.const:ti_sysbios_knl_Task_defaultStackSize__C)

.const:ti_sysbios_knl_Task_numConstructedTasks__C 
*          0    000004fc    00000004     
                  000004fc    00000004     appBLE_pem3.oem3 (.const:ti_sysbios_knl_Task_numConstructedTasks__C)

.text.3    0    00000500    00000002     
                  00000500    00000002     SPICC26XXDMA.obj (.text:SPICC26XXDMA_serviceISR$7)

.const:ti_sysbios_family_arm_cc26xx_Timer_Module__id__C 
*          0    00000502    00000002     
                  00000502    00000002     appBLE_pem3.oem3 (.const:ti_sysbios_family_arm_cc26xx_Timer_Module__id__C)

.const:ti_sysbios_family_arm_cc26xx_TimestampProvider_useClockTimer__C 
*          0    00000504    00000002     
                  00000504    00000002     appBLE_pem3.oem3 (.const:ti_sysbios_family_arm_cc26xx_TimestampProvider_useClockTimer__C)

.const:ti_sysbios_family_arm_m3_Hwi_Module__id__C 
*          0    00000506    00000002     
                  00000506    00000002     appBLE_pem3.oem3 (.const:ti_sysbios_family_arm_m3_Hwi_Module__id__C)

.const:ti_sysbios_gates_GateHwi_Module__id__C 
*          0    00000508    00000002     
                  00000508    00000002     appBLE_pem3.oem3 (.const:ti_sysbios_gates_GateHwi_Module__id__C)

.const:ti_sysbios_gates_GateMutex_Module__id__C 
*          0    0000050a    00000002     
                  0000050a    00000002     appBLE_pem3.oem3 (.const:ti_sysbios_gates_GateMutex_Module__id__C)

.const:ti_sysbios_heaps_HeapMem_Module__id__C 
*          0    0000050c    00000002     
                  0000050c    00000002     appBLE_pem3.oem3 (.const:ti_sysbios_heaps_HeapMem_Module__id__C)

.const:ti_sysbios_knl_Task_initStackFlag__C 
*          0    0000050e    00000002     
                  0000050e    00000002     appBLE_pem3.oem3 (.const:ti_sysbios_knl_Task_initStackFlag__C)

.const:ti_sysbios_knl_Clock_tickMode__C 
*          0    00000510    00000001     
                  00000510    00000001     appBLE_pem3.oem3 (.const:ti_sysbios_knl_Clock_tickMode__C)

.const:xdc_runtime_Startup_firstFxns__C 
*          0    00000514    00000008     
                  00000514    00000008     appBLE_pem3.oem3 (.const:xdc_runtime_Startup_firstFxns__C)

.const:xdc_runtime_Startup_lastFxns__C 
*          0    0000051c    00000008     
                  0000051c    00000008     appBLE_pem3.oem3 (.const:xdc_runtime_Startup_lastFxns__C)

.const:xdc_runtime_Assert_E_assertFailed__C 
*          0    00000524    00000004     
                  00000524    00000004     appBLE_pem3.oem3 (.const:xdc_runtime_Assert_E_assertFailed__C)

.const:xdc_runtime_Error_E_memory__C 
*          0    00000528    00000004     
                  00000528    00000004     appBLE_pem3.oem3 (.const:xdc_runtime_Error_E_memory__C)

.const:xdc_runtime_Error_policyFxn__C 
*          0    0000052c    00000004     
                  0000052c    00000004     appBLE_pem3.oem3 (.const:xdc_runtime_Error_policyFxn__C)

.const:xdc_runtime_IGateProvider_Interface__BASE__C 
*          0    00000530    00000004     
                  00000530    00000004     appBLE_pem3.oem3 (.const:xdc_runtime_IGateProvider_Interface__BASE__C)

.const:xdc_runtime_IHeap_Interface__BASE__C 
*          0    00000534    00000004     
                  00000534    00000004     appBLE_pem3.oem3 (.const:xdc_runtime_IHeap_Interface__BASE__C)

.const:xdc_runtime_IModule_Interface__BASE__C 
*          0    00000538    00000004     
                  00000538    00000004     appBLE_pem3.oem3 (.const:xdc_runtime_IModule_Interface__BASE__C)

.const:xdc_runtime_Main_Module__diagsEnabled__C 
*          0    0000053c    00000004     
                  0000053c    00000004     appBLE_pem3.oem3 (.const:xdc_runtime_Main_Module__diagsEnabled__C)

.const:xdc_runtime_Main_Module__diagsIncluded__C 
*          0    00000540    00000004     
                  00000540    00000004     appBLE_pem3.oem3 (.const:xdc_runtime_Main_Module__diagsIncluded__C)

.const:xdc_runtime_Main_Module__diagsMask__C 
*          0    00000544    00000004     
                  00000544    00000004     appBLE_pem3.oem3 (.const:xdc_runtime_Main_Module__diagsMask__C)

.const:xdc_runtime_Memory_defaultHeapInstance__C 
*          0    00000548    00000004     
                  00000548    00000004     appBLE_pem3.oem3 (.const:xdc_runtime_Memory_defaultHeapInstance__C)

.const:xdc_runtime_Startup_execImpl__C 
*          0    0000054c    00000004     
                  0000054c    00000004     appBLE_pem3.oem3 (.const:xdc_runtime_Startup_execImpl__C)

.const:xdc_runtime_Startup_maxPasses__C 
*          0    00000550    00000004     
                  00000550    00000004     appBLE_pem3.oem3 (.const:xdc_runtime_Startup_maxPasses__C)

.const:xdc_runtime_Startup_sfxnRts__C 
*          0    00000554    00000004     
                  00000554    00000004     appBLE_pem3.oem3 (.const:xdc_runtime_Startup_sfxnRts__C)

.const:xdc_runtime_Startup_sfxnTab__C 
*          0    00000558    00000004     
                  00000558    00000004     appBLE_pem3.oem3 (.const:xdc_runtime_Startup_sfxnTab__C)

.const:xdc_runtime_Startup_startModsFxn__C 
*          0    0000055c    00000004     
                  0000055c    00000004     appBLE_pem3.oem3 (.const:xdc_runtime_Startup_startModsFxn__C)

.const:xdc_runtime_SysCallback_abortFxn__C 
*          0    00000560    00000004     
                  00000560    00000004     appBLE_pem3.oem3 (.const:xdc_runtime_SysCallback_abortFxn__C)

.const:xdc_runtime_SysCallback_exitFxn__C 
*          0    00000564    00000004     
                  00000564    00000004     appBLE_pem3.oem3 (.const:xdc_runtime_SysCallback_exitFxn__C)

.const:xdc_runtime_System_abortFxn__C 
*          0    00000568    00000004     
                  00000568    00000004     appBLE_pem3.oem3 (.const:xdc_runtime_System_abortFxn__C)

.const:xdc_runtime_System_exitFxn__C 
*          0    0000056c    00000004     
                  0000056c    00000004     appBLE_pem3.oem3 (.const:xdc_runtime_System_exitFxn__C)

.const:xdc_runtime_System_maxAtexitHandlers__C 
*          0    00000570    00000004     
                  00000570    00000004     appBLE_pem3.oem3 (.const:xdc_runtime_System_maxAtexitHandlers__C)

.const:xdc_runtime_Text_charTab__C 
*          0    00000574    00000004     
                  00000574    00000004     appBLE_pem3.oem3 (.const:xdc_runtime_Text_charTab__C)

.const:xdc_runtime_Text_nameEmpty__C 
*          0    00000578    00000004     
                  00000578    00000004     appBLE_pem3.oem3 (.const:xdc_runtime_Text_nameEmpty__C)

.const:xdc_runtime_Text_nameStatic__C 
*          0    0000057c    00000004     
                  0000057c    00000004     appBLE_pem3.oem3 (.const:xdc_runtime_Text_nameStatic__C)

.const:xdc_runtime_Text_nameUnknown__C 
*          0    00000580    00000004     
                  00000580    00000004     appBLE_pem3.oem3 (.const:xdc_runtime_Text_nameUnknown__C)

.const:xdc_runtime_Main_Module__id__C 
*          0    00000584    00000002     
                  00000584    00000002     appBLE_pem3.oem3 (.const:xdc_runtime_Main_Module__id__C)

.const:xdc_runtime_Memory_Module__id__C 
*          0    00000586    00000002     
                  00000586    00000002     appBLE_pem3.oem3 (.const:xdc_runtime_Memory_Module__id__C)

.const:xdc_runtime_Text_charCnt__C 
*          0    00000588    00000002     
                  00000588    00000002     appBLE_pem3.oem3 (.const:xdc_runtime_Text_charCnt__C)

.const:xdc_runtime_Text_isLoaded__C 
*          0    0000058a    00000002     
                  0000058a    00000002     appBLE_pem3.oem3 (.const:xdc_runtime_Text_isLoaded__C)

.const:xdc_runtime_Error_policy__C 
*          0    0000058c    00000001     
                  0000058c    00000001     appBLE_pem3.oem3 (.const:xdc_runtime_Error_policy__C)

.const:ti_sysbios_rom_ROM_AONRTCChannelEnable 
*          0    00000590    00000004     
                  00000590    00000004     appBLE_pem3.oem3 (.const:ti_sysbios_rom_ROM_AONRTCChannelEnable)

.const:ti_sysbios_rom_ROM_AONRTCCompareValueSet 
*          0    00000594    00000004     
                  00000594    00000004     appBLE_pem3.oem3 (.const:ti_sysbios_rom_ROM_AONRTCCompareValueSet)

.const:ti_sysbios_rom_ROM_AONRTCCurrentCompareValueGet 
*          0    00000598    00000004     
                  00000598    00000004     appBLE_pem3.oem3 (.const:ti_sysbios_rom_ROM_AONRTCCurrentCompareValueGet)

.const:ti_sysbios_rom_ROM_AONRTCEventClear 
*          0    0000059c    00000004     
                  0000059c    00000004     appBLE_pem3.oem3 (.const:ti_sysbios_rom_ROM_AONRTCEventClear)

.const:ti_sysbios_rom_ROM_ti_sysbios_family_arm_cc26xx_Timer_getCount64__E 
*          0    000005a0    00000004     
                  000005a0    00000004     appBLE_pem3.oem3 (.const:ti_sysbios_rom_ROM_ti_sysbios_family_arm_cc26xx_Timer_getCount64__E)

.const:ti_sysbios_rom_ROM_ti_sysbios_family_arm_cc26xx_Timer_getCurrentTick__E 
*          0    000005a4    00000004     
                  000005a4    00000004     appBLE_pem3.oem3 (.const:ti_sysbios_rom_ROM_ti_sysbios_family_arm_cc26xx_Timer_getCurrentTick__E)

.const:ti_sysbios_rom_ROM_ti_sysbios_family_arm_cc26xx_Timer_getMaxTicks__E 
*          0    000005a8    00000004     
                  000005a8    00000004     appBLE_pem3.oem3 (.const:ti_sysbios_rom_ROM_ti_sysbios_family_arm_cc26xx_Timer_getMaxTicks__E)

.const:ti_sysbios_rom_ROM_ti_sysbios_family_arm_cc26xx_Timer_initDevice__I 
*          0    000005ac    00000004     
                  000005ac    00000004     appBLE_pem3.oem3 (.const:ti_sysbios_rom_ROM_ti_sysbios_family_arm_cc26xx_Timer_initDevice__I)

.const:ti_sysbios_rom_ROM_ti_sysbios_family_arm_cc26xx_Timer_setNextTick__E 
*          0    000005b0    00000004     
                  000005b0    00000004     appBLE_pem3.oem3 (.const:ti_sysbios_rom_ROM_ti_sysbios_family_arm_cc26xx_Timer_setNextTick__E)

.const:ti_sysbios_rom_ROM_ti_sysbios_family_arm_cc26xx_Timer_setThreshold__I 
*          0    000005b4    00000004     
                  000005b4    00000004     appBLE_pem3.oem3 (.const:ti_sysbios_rom_ROM_ti_sysbios_family_arm_cc26xx_Timer_setThreshold__I)

.const:ti_sysbios_rom_ROM_ti_sysbios_family_arm_cc26xx_Timer_start__E 
*          0    000005b8    00000004     
                  000005b8    00000004     appBLE_pem3.oem3 (.const:ti_sysbios_rom_ROM_ti_sysbios_family_arm_cc26xx_Timer_start__E)

.const:ti_sysbios_rom_ROM_ti_sysbios_family_arm_cc26xx_TimestampProvider_get32__E 
*          0    000005bc    00000004     
                  000005bc    00000004     appBLE_pem3.oem3 (.const:ti_sysbios_rom_ROM_ti_sysbios_family_arm_cc26xx_TimestampProvider_get32__E)

.const:ti_sysbios_rom_ROM_xdc_runtime_Startup_getState__I 
*          0    000005c0    00000004     
                  000005c0    00000004     appBLE_pem3.oem3 (.const:ti_sysbios_rom_ROM_xdc_runtime_Startup_getState__I)

.const:ti_sysbios_rom_ROM_xdc_runtime_System_SupportProxy_abort__E 
*          0    000005c4    00000004     
                  000005c4    00000004     appBLE_pem3.oem3 (.const:ti_sysbios_rom_ROM_xdc_runtime_System_SupportProxy_abort__E)

.const:ti_sysbios_rom_ROM_xdc_runtime_System_SupportProxy_exit__E 
*          0    000005c8    00000004     
                  000005c8    00000004     appBLE_pem3.oem3 (.const:ti_sysbios_rom_ROM_xdc_runtime_System_SupportProxy_exit__E)

.const:ti_sysbios_gates_GateMutex_Instance_State_sem__O 
*          0    000005cc    00000004     
                  000005cc    00000004     appBLE_pem3.oem3 (.const:ti_sysbios_gates_GateMutex_Instance_State_sem__O)

.const:ti_sysbios_knl_Clock_Module_State_clockQ__O 
*          0    000005d0    00000004     
                  000005d0    00000004     appBLE_pem3.oem3 (.const:ti_sysbios_knl_Clock_Module_State_clockQ__O)

.const:ti_sysbios_knl_Mailbox_Instance_State_dataQue__O 
*          0    000005d4    00000004     
                  000005d4    00000004     appBLE_pem3.oem3 (.const:ti_sysbios_knl_Mailbox_Instance_State_dataQue__O)

.const:ti_sysbios_knl_Mailbox_Instance_State_dataSem__O 
*          0    000005d8    00000004     
                  000005d8    00000004     appBLE_pem3.oem3 (.const:ti_sysbios_knl_Mailbox_Instance_State_dataSem__O)

.const:ti_sysbios_knl_Mailbox_Instance_State_freeQue__O 
*          0    000005dc    00000004     
                  000005dc    00000004     appBLE_pem3.oem3 (.const:ti_sysbios_knl_Mailbox_Instance_State_freeQue__O)

.const:ti_sysbios_knl_Mailbox_Instance_State_freeSem__O 
*          0    000005e0    00000004     
                  000005e0    00000004     appBLE_pem3.oem3 (.const:ti_sysbios_knl_Mailbox_Instance_State_freeSem__O)

.const:ti_sysbios_knl_Semaphore_Instance_State_pendQ__O 
*          0    000005e4    00000004     
                  000005e4    00000004     appBLE_pem3.oem3 (.const:ti_sysbios_knl_Semaphore_Instance_State_pendQ__O)

.const:ti_sysbios_knl_Task_Module_State_inactiveQ__O 
*          0    000005e8    00000004     
                  000005e8    00000004     appBLE_pem3.oem3 (.const:ti_sysbios_knl_Task_Module_State_inactiveQ__O)

.text.4    0    000005ec    00006578     
                  000005ec    00000376     driverlib.lib : setup.obj (.text:HapiTrimDeviceShutDown$41)
                  00000962    00000002     appBLE_pem3.oem3 (.text:ti_sysbios_BIOS_nullFunc__I)
                  00000964    0000034c     sysbios.aem3 : mangled__BIOS_lib.obj (.text:ti_sysbios_family_arm_cc26xx_Power_auxISR__E)
                  00000cb0    000002f4                  : mangled__BIOS_lib.obj (.text:ti_sysbios_family_arm_cc26xx_Power_sleep__E)
                  00000fa4    00000234     peripheral.obj (.text:GAPRole_SetParameter)
                  000011d8    00000228     peripheral.obj (.text:gapRole_processGAPMsg$19)
                  00001400    000001f4     rtsv7M3_T_le_eabi.lib : ull_div_t2.obj (.text)
                  000015f4    000001e8     simpleBLEPeripheral.obj (.text:SimpleBLEPeripheral_init$1)
                  000017dc    000001c6     driverlib.lib : sys_ctrl.obj (.text:SysCtrlSetRechargeBeforePowerDown)
                  000019a2    00000002     sysbios.aem3 : mangled__BIOS_lib.obj (.text:ti_sysbios_family_arm_cc26xx_Power_defaultClockFunc__E)
                  000019a4    00000188     PINCC26XX.obj (.text:PIN_init)
                  00001b2c    00000148     SPICC26XXDMA.obj (.text:SPICC26XXDMA_initIO$7)
                  00001c74    0000013c     simpleBLEPeripheral.obj (.text:SimpleBLEPeripheral_taskFxn$1)
                  00001db0    00000124     peripheral.obj (.text:GAPRole_GetParameter)
                  00001ed4    00000124     SPICC26XXDMA.obj (.text:SPICC26XXDMA_open)
                  00001ff8    00000104     sysbios.aem3 : mangled__BIOS_lib.obj (.text:calibrateRcoscHf1$28)
                  000020fc    00000100     SPICC26XXDMA.obj (.text:SPICC26XXDMA_transferCancel)
                  000021fc    000000f8     SPICC26XXDMA.obj (.text:SPICC26XXDMA_hwiFxn$7)
                  000022f4    000000f8     sysbios.aem3 : mangled__BIOS_lib.obj (.text:ti_sysbios_family_arm_cc26xx_Power_startFirstMeasurement__E)
                  000023ec    000000f6     driverlib.lib : setup.obj (.text:GetTrimForAnabypassValue1$41)
                  000024e2    00000002     sysbios.aem3 : mangled__BIOS_lib.obj (.text:ti_sysbios_family_arm_cc26xx_Power_defaultNotifyTrapFunc__E)
                  000024e4    000000f4     peripheral.obj (.text:gapRole_taskFxn$19)
                  000025d8    000000f0     sysbios.aem3 : mangled__BIOS_lib.obj (.text:ti_sysbios_family_arm_cc26xx_Power_standbyPolicy__E)
                  000026c8    000000ec     ICall.obj (.text:ICall_primWaitMatch$12)
                  000027b4    000000d8     simpleBLEPeripheral.obj (.text:SimpleBLEPeripheral_performPeriodicTask$1)
                  0000288c    000000d8     sysbios.aem3 : mangled__BIOS_lib.obj (.text:ti_sysbios_family_arm_cc26xx_Power_setDependency__E)
                  00002964    000000d0                  : mangled__BIOS_lib.obj (.text:ti_sysbios_family_arm_cc26xx_Power_releaseDependency__E)
                  00002a34    000000c4     LCDDogm1286.obj (.text:LCD_open)
                  00002af8    000000c4     SPICC26XXDMA.obj (.text:SPICC26XXDMA_transfer)
                  00002bbc    000000b4     PINCC26XX.obj (.text:PINCC26XX_setIoCfg$5)
                  00002c70    000000b4     driverlib.lib : setup.obj (.text:trimDevice)
                  00002d24    000000b0     devinfoservice.obj (.text:devInfo_ReadAttrCB$16)
                  00002dd4    000000b0     sysbios.aem3 : mangled__BIOS_lib.obj (.text:ti_sysbios_knl_Clock_workFuncDynamic__E)
                  00002e84    000000a4                  : mangled__BIOS_lib.obj (.text:ti_sysbios_family_arm_cc26xx_Power_initiateCalibration__E)
                  00002f28    000000a0     auto_init.aem3 : auto_init.oem3 (.text)
                  00002fc8    000000a0     peripheral.obj (.text:gapRole_init$19)
                  00003068    0000009c     rtsv7M3_T_le_eabi.lib : memcpy_t2.obj (.text)
                  00003104    00000094     driverlib.lib : osc.obj (.text:OSCHF_GetStartupTime)
                  00003198    00000094     simpleGATTprofile.obj (.text:simpleProfile_WriteAttrCB$20)
                  0000322c    00000090     PINCC26XX.obj (.text:PIN_open)
                  000032bc    0000008c     simpleBLEPeripheral.obj (.text:ADXL_SPI_init)
                  00003348    0000008c     sysbios.aem3 : mangled__BIOS_lib.obj (.text:ti_sysbios_family_arm_cc26xx_Power_LF_clockFunc__E)
                  000033d4    0000008c                  : mangled__BIOS_lib.obj (.text:ti_sysbios_family_arm_cc26xx_Power_Module_startup__E)
                  00003460    00000088     simpleBLEPeripheral.obj (.text:SimpleBLEPeripheral_processStateChangeEvt$1)
                  000034e8    00000088     sysbios.aem3 : mangled__BIOS_lib.obj (.text:ti_sysbios_family_arm_cc26xx_Timer_start__E)
                  00003570    00000084     driverlib.lib : setup.obj (.text:GetTrimForAmpcompCtrl$41)
                  000035f4    00000084     ICall.obj (.text:ICall_heapMalloc)
                  00003678    00000084     ICall.obj (.text:ICall_primSetTimer$12)
                  000036fc    0000007c     ICall.obj (.text:ICall_createRemoteTasks)
                  00003778    0000007a     rtsv7M3_T_le_eabi.lib : memset_t2.obj (.text)
                  000037f2    00000002     appBLE_pem3.oem3 (.text:ti_sysbios_rom_cortexm_cc26xx_CC26xx_badRomRevision__E)
                  000037f4    00000078     SPICC26XXDMA.obj (.text:SPICC26XXDMA_control)
                  0000386c    00000074     ICall.obj (.text:ICall_primSend$12)
                  000038e0    00000072     driverlib.lib : chipinfo.obj (.text:ChipInfo_GetHwRevision)
                  00003952    00000002     sysbios.aem3 : mangled__BIOS_lib.obj (.text:xdc_runtime_SysCallback_defaultAbort)
                  00003954    00000070     LCDDogm1286.obj (.text:LCD_initHw$3)
                  000039c4    0000006c     ICallCC2650.obj (.text:ICallPlatform_pwrUpdActivityCounter)
                  00003a30    0000006c     driverlib.lib : sys_ctrl.obj (.text:SysCtrl_DCDC_VoltageConditionalControl)
                  00003a9c    0000006c     peripheral.obj (.text:gapRole_startConnUpdate$19)
                  00003b08    0000006a     rtsv7M3_T_le_eabi.lib : copy_decompress_rle.obj (.text)
                  00003b72    00000002     sysbios.aem3 : mangled__BIOS_lib.obj (.text:xdc_runtime_SysCallback_defaultExit)
                  00003b74    00000068     simpleGATTprofile.obj (.text:SimpleProfile_SetParameter)
                  00003bdc    00000066     LCDDogm1286.obj (.text:LCD_doUpdate$3)
                  00003c42    00000066     gattservapp_util.obj (.text:gattServApp_SendNotiInd$18)
                  00003ca8    00000064     gattservapp_util.obj (.text:GATTServApp_ProcessCharCfg)
                  00003d0c    00000064     driverlib.lib : osc.obj (.text:OSCHF_AttemptToSwitchToXosc)
                  00003d70    00000064     PINCC26XX.obj (.text:PIN_add)
                  00003dd4    00000064     simpleGATTprofile.obj (.text:simpleProfile_ReadAttrCB$20)
                  00003e38    00000062     driverlib.lib : sys_ctrl.obj (.text:SysCtrlAdjustRechargeAfterPowerDown)
                  00003e9a    00000002     --HOLE-- [fill = 0]
                  00003e9c    00000060     appBLE_pem3.oem3 (.text:ti_sysbios_family_arm_cc26xx_Power_XOSC_HF_clockFunc__E)
                  00003efc    00000060     sysbios.aem3 : mangled__BIOS_lib.obj (.text:ti_sysbios_family_arm_cc26xx_Timer_setNextTick__E)
                  00003f5c    0000005c     appBLE_pem3.oem3 (.text:xdc_runtime_Startup_getState__I)
                  00003fb8    0000005a     driverlib.lib : ddi.obj (.text:NOROM_DDI16BitfieldWrite)
                  00004012    00000002     --HOLE-- [fill = 0]
                  00004014    00000058     ICall.obj (.text:ICall_primEnroll$12)
                  0000406c    00000058     SPICC26XXDMA.obj (.text:SPICC26XXDMA_initHw$7)
                  000040c4    00000058     UDMACC26XX.obj (.text:UDMACC26XX_open)
                  0000411c    00000058     sysbios.aem3 : mangled__BIOS_lib.obj (.text:ti_sysbios_family_arm_cc26xx_Power_notify__I)
                  00004174    00000054     ICallCC2650.obj (.text:ICallPlatform_pwrRegisterNotify)
                  000041c8    00000054     ICall.obj (.text:ICall_primThreadServes$12)
                  0000421c    00000054     LCDDogm1286.obj (.text:LCD_sendCommand$3)
                  00004270    00000054     LCDDogm1286.obj (.text:LCD_sendData$3)
                  000042c4    00000052     ICall.obj (.text:ICall_primWait$12)
                  00004316    00000052     driverlib.lib : osc.obj (.text:NOROM_OSCClockSourceSet)
                  00004368    00000050     ICallBleAPI.obj (.text:GAP_DeviceInit)
                  000043b8    00000050     ICallBleAPI.obj (.text:GAP_UpdateAdvertisingData)
                  00004408    00000050     ICall.obj (.text:ICall_primGetEntityId$12)
                  00004458    00000050     ICall.obj (.text:ICall_primRegisterApp$12)
                  000044a8    00000050     PINCC26XX.obj (.text:PIN_remove)
                  000044f8    0000004e     SPICC26XXDMA.obj (.text:SPICC26XXDMA_close)
                  00004546    00000002     --HOLE-- [fill = 0]
                  00004548    0000004c     peripheral.obj (.text:GAPRole_SendUpdateParam)
                  00004594    0000004c     ICall.obj (.text:ICall_newTask$12)
                  000045e0    0000004c     peripheral.obj (.text:gapRole_processStackMsg$19)
                  0000462c    0000004c     rtsv7M3_T_le_eabi.lib : cpy_tbl.obj (.text)
                  00004678    0000004a     gattservapp_util.obj (.text:GATTServApp_ProcessCCCWriteReq)
                  000046c2    00000002     --HOLE-- [fill = 0]
                  000046c4    00000048     PINCC26XX.obj (.text:PIN_Isr$5)
                  0000470c    00000048     simpleBLEPeripheral.obj (.text:SPI_write)
                  00004754    00000048     util.obj (.text:Util_constructClock)
                  0000479c    00000048     ICallBleAPI.obj (.text:gattIndNoti$14)
                  000047e4    00000046     driverlib.lib : ddi.obj (.text:NOROM_DDI16BitfieldRead)
                  0000482a    00000002     --HOLE-- [fill = 0]
                  0000482c    00000044     ICallBleAPI.obj (.text:GAP_TerminateLinkReq)
                  00004870    00000044     simpleBLEPeripheral.obj (.text:ReadBosch)
                  000048b4    00000044     boot.aem3 : boot.oem3 (.text)
                  000048f8    00000044     ICallBleAPI.obj (.text:gapSendParamAndPtrCmd$14)
                  0000493c    00000044     rtsv7M3_T_le_eabi.lib : exit.obj (.text)
                  00004980    00000044     sysbios.aem3 : mangled__BIOS_lib.obj (.text:ti_sysbios_family_arm_cc26xx_Timer_initDevice__I)
                  000049c4    00000042     ICall.obj (.text:ICall_primCreateSemaphore$12)
                  00004a06    00000042     ICall.obj (.text:ICall_primCreateTask$12)
                  00004a48    00000040     peripheral.obj (.text:GAPRole_createTask)
                  00004a88    00000040     ICallBleAPI.obj (.text:GATT_SendRsp)
                  00004ac8    00000040     driverlib.lib : osc.obj (.text:NOROM_OSCInterfaceEnable)
                  00004b08    00000040     appBLE_pem3.oem3 (.text:ti_sysbios_family_arm_cc26xx_Power_XOSC_HF)
                  00004b48    00000040     sysbios.aem3 : mangled__BIOS_lib.obj (.text:ti_sysbios_family_arm_cc26xx_Power_isStableXOSC_HF__E)
                  00004b88    00000040                  : mangled__BIOS_lib.obj (.text:ti_sysbios_family_arm_cc26xx_Timer_getCurrentTick__E)
                  00004bc8    0000003e     ICallBleAPI.obj (.text:hciSendParamsCmd$14)
                  00004c06    00000002     --HOLE-- [fill = 0]
                  00004c08    0000003c     ICallBleAPI.obj (.text:GAP_GetParamValue)
                  00004c44    0000003c     ICallBleAPI.obj (.text:GATTServApp_RegisterService)
                  00004c80    0000003c     ICallCC2650.obj (.text:ICallPlatform_pwrConfigACAction)
                  00004cbc    0000003c     PINCC26XX.obj (.text:PINCC26XX_getConfig)
                  00004cf8    0000003c     SPICC26XXDMA.obj (.text:SPICC26XXDMA_csnCallback$7)
                  00004d34    0000003c     simpleBLEPeripheral.obj (.text:SimpleBLEPeripheral_createTask)
                  00004d70    0000003c     simpleGATTprofile.obj (.text:SimpleProfile_GetParameter)
                  00004dac    0000003c     ICallBleAPI.obj (.text:profileSetParameter$14)
                  00004de8    0000003c     ICallBleAPI.obj (.text:sendWaitMatchCS$14)
                  00004e24    0000003c     ICallBleAPI.obj (.text:sendWaitMatchValueCS$14)
                  00004e60    0000003c     sysbios.aem3 : mangled__BIOS_lib.obj (.text:ti_sysbios_family_arm_cc26xx_Power_releaseConstraint__E)
                  00004e9c    00000038     ICallBleAPI.obj (.text:GAPBondMgr_LinkEst)
                  00004ed4    00000038     ICall.obj (.text:ICall_primGetMaxMSecs$12)
                  00004f0c    00000038     simpleBLEPeripheral.obj (.text:SimpleBLEPeripheral_sendAttRsp$1)
                  00004f44    00000038     util.obj (.text:Util_restartClock)
                  00004f7c    00000038     simpleBLEPeripheral.obj (.text:WriteBosch)
                  00004fb4    00000038     ICallBleAPI.obj (.text:linkDB_NumConns)
                  00004fec    00000038     sysbios.aem3 : mangled__BIOS_lib.obj (.text:ti_sysbios_family_arm_cc26xx_Power_setConstraint__E)
                  00005024    00000038                  : mangled__BIOS_lib.obj (.text:ti_sysbios_family_arm_cc26xx_Timer_setThreshold__I)
                  0000505c    00000036     ICallCC2650.obj (.text:ICallPlatform_pwrDispenseImpl$13)
                  00005092    00000036     ICallCC2650.obj (.text:ICallPlatform_pwrRequireImpl$13)
                  000050c8    00000036     ICall.obj (.text:ICall_primWaitSemaphore$12)
                  000050fe    00000002     --HOLE-- [fill = 0]
                  00005100    00000034     board_lcd.obj (.text:Board_openLCD)
                  00005134    00000034     driverlib.lib : chipinfo.obj (.text:ChipInfo_GetChipFamily)
                  00005168    00000034     ICallBleAPI.obj (.text:GAPBondMgr_SetParameter)
                  0000519c    00000034     ICallBleAPI.obj (.text:GAP_SetParamValue)
                  000051d0    00000034     ICall.obj (.text:ICall_primEntityId2ServiceId$12)
                  00005204    00000034     ICall.obj (.text:ICall_primFetchMsg$12)
                  00005238    00000034     ICall.obj (.text:ICall_primRegisterISR$12)
                  0000526c    00000034     ICall.obj (.text:ICall_primRegisterISR_Ext$12)
                  000052a0    00000034     ICall.obj (.text:ICall_searchServiceEntity$12)
                  000052d4    00000034     LCDDogm1286.obj (.text:LCD_bufferClear)
                  00005308    00000034     driverlib.lib : setup.obj (.text:SetAonRtcSubSecInc$41)
                  0000533c    00000034     simpleBLEPeripheral.obj (.text:SimpleBLEPeripheral_processGATTMsg$1)
                  00005370    00000034     ICallBleAPI.obj (.text:osal_snv_read)
                  000053a4    00000034     ICallBleAPI.obj (.text:osal_snv_write)
                  000053d8    00000034     ICallBleAPI.obj (.text:profileAddService$14)
                  0000540c    00000034     ICallBleAPI.obj (.text:registerTask$14)
                  00005440    00000032     driverlib.lib : osc.obj (.text:OSCHF_SwitchToRcOscTurnOffXosc)
                  00005472    00000032     ICallBleAPI.obj (.text:gapSendParamsCmd$14)
                  000054a4    00000032     ICallBleAPI.obj (.text:gapSendPtrParamsCmd$14)
                  000054d6    00000032     ICallBleAPI.obj (.text:matchGapSetGetParamCS$14)
                  00005508    00000032     ICallBleAPI.obj (.text:matchGattCmdStatus$14)
                  0000553a    00000032     ICallBleAPI.obj (.text:matchUtilNvCS$14)
                  0000556c    00000030     ICallCC2650.obj (.text:ICallPlatform_pwrNotify$13)
                  0000559c    00000030     ICall.obj (.text:ICall_heapInit)
                  000055cc    00000030     ICall.obj (.text:ICall_msecs2Ticks$12)
                  000055fc    00000030     PINCC26XX.obj (.text:PIN_setOutputValue)
                  0000562c    00000030     appBLE_pem3.oem3 (.text:ti_sysbios_BIOS_atExitFunc__I)
                  0000565c    00000030     sysbios.aem3 : mangled__BIOS_lib.obj (.text:ti_sysbios_family_arm_cc26xx_Power_registerNotify__E)
                  0000568c    00000030                  : mangled__BIOS_lib.obj (.text:ti_sysbios_family_arm_cc26xx_Power_switchXOSC_HF__E)
                  000056bc    0000002e     driverlib.lib : setup.obj (.text:GetTrimForRadcExtCfg$41)
                  000056ea    0000002e     peripheral.obj (.text:ICall_fetchServiceMsg$19)
                  00005718    0000002e     simpleBLEPeripheral.obj (.text:ICall_fetchServiceMsg$1)
                  00005746    0000002e     ICall.obj (.text:ICall_msgDequeue$12)
                  00005774    0000002e     ICallBleAPI.obj (.text:matchProfileAddServiceCS$14)
                  000057a2    0000002c     driverlib.lib : aon_batmon.obj (.text:AONBatMonTemperatureGetDegC)
                  000057ce    00000002     --HOLE-- [fill = 0]
                  000057d0    0000002c     ICallBleAPI.obj (.text:GAPBondMgr_Register)
                  000057fc    0000002c     ICallBleAPI.obj (.text:HCI_EXT_ConnEventNoticeCmd)
                  00005828    0000002c     ICall.obj (.text:ICall_heapFree)
                  00005854    0000002c     simpleGATTprofile.obj (.text:ICall_malloc$20)
                  00005880    0000002c     ICall.obj (.text:ICall_msgEnqueue$12)
                  000058ac    0000002c     ICall.obj (.text:ICall_primAllocMsg$12)
                  000058d8    0000002c     ICall.obj (.text:ICall_primFetchServiceMsg$12)
                  00005904    0000002c     ICall.obj (.text:ICall_searchTask$12)
                  00005930    0000002c     ICallBleAPI.obj (.text:ICall_sendServiceMsg$14)
                  0000595c    0000002c     driverlib.lib : aon_rtc.obj (.text:NOROM_AONRTCCurrentCompareValueGet)
                  00005988    0000002c     PINCC26XX.obj (.text:PIN_setConfig)
                  000059b4    0000002c     PINCC26XX.obj (.text:PIN_setInterrupt)
                  000059e0    0000002a     ICallBleAPI.obj (.text:ICall_waitMatch$14)
                  00005a0a    0000002a     UDMACC26XX.obj (.text:UDMACC26XX_close)
                  00005a34    0000002a     util.obj (.text:Util_enqueueMsg)
                  00005a5e    0000002a     ICallBleAPI.obj (.text:matchProfileCS$14)
                  00005a88    00000028     gattservapp_util.obj (.text:GATTServApp_WriteCharCfg)
                  00005ab0    00000028     driverlib.lib : setup.obj (.text:GetTrimForAmpcompTh2$41)
                  00005ad8    00000028     ICall.obj (.text:ICall_init)
                  00005b00    00000028     ICall.obj (.text:ICall_msgPrepend$12)
                  00005b28    00000028     peripheral.obj (.text:ICall_registerApp$19)
                  00005b50    00000028     simpleBLEPeripheral.obj (.text:ICall_registerApp$1)
                  00005b78    00000028     LCDDogm1286.obj (.text:LCD_sendArray$3)
                  00005ba0    00000028     simpleBLEPeripheral.obj (.text:SimpleBLEPeripheral_freeAttRsp$1)
                  00005bc8    00000028     simpleGATTprofile.obj (.text:SimpleProfile_AddService)
                  00005bf0    00000028     gattservapp_util.obj (.text:gattServApp_FindCharCfgItem$18)
                  00005c18    00000028     appBLE_pem3.oem3 (.text:ti_sysbios_family_arm_cc26xx_Power_isDependencyActive)
                  00005c40    00000028     sysbios.aem3 : mangled__BIOS_lib.obj (.text:ti_sysbios_family_arm_cc26xx_Timer_getMaxTicks__E)
                  00005c68    00000026     driverlib.lib : osc.obj (.text:NOROM_OSCClockSourceGet)
                  00005c8e    00000026     simpleBLEPeripheral.obj (.text:SimpleBLEPeripheral_processCharValueChangeEvt$1)
                  00005cb4    00000024     ICallBleAPI.obj (.text:GAPBondMgr_LinkTerm)
                  00005cd8    00000024     gattservapp_util.obj (.text:GATTServApp_FindAttr)
                  00005cfc    00000024     ICallBleAPI.obj (.text:ICall_getLocalMsgEntityId$14)
                  00005d20    00000024     ICallBleAPI.obj (.text:ICall_threadServes$14)
                  00005d44    00000024     LCDDogm1286.obj (.text:LCD_gotoXY$3)
                  00005d68    00000024     PINCC26XX.obj (.text:PINCC26XX_setMux)
                  00005d8c    00000024     simpleBLEPeripheral.obj (.text:SimpleBLEPeripheral_enqueueMsg$1)
                  00005db0    00000024     appBLE_pem3.oem3 (.text:ti_sysbios_BIOS_registerRTSLock__I)
                  00005dd4    00000024     appBLE_pem3.oem3 (.text:ti_sysbios_BIOS_removeRTSLock__I)
                  00005df8    00000024     appBLE_pem3.oem3 (.text:ti_sysbios_BIOS_startFunc__I)
                  00005e1c    00000024     sysbios.aem3 : mangled__BIOS_lib.obj (.text:ti_sysbios_family_arm_cc26xx_Timer_dynamicStub__E)
                  00005e40    00000022     driverlib.lib : setup.obj (.text:GetTrimForAmpcompTh1$41)
                  00005e62    00000022     ICall.obj (.text:ICall_dispatch$12)
                  00005e84    00000022     util.obj (.text:ICall_malloc$2)
                  00005ea6    00000002     --HOLE-- [fill = 0]
                  00005ea8    00000020     gattservapp_util.obj (.text:GATTServApp_InitCharCfg)
                  00005ec8    00000020     ICallBleAPI.obj (.text:GATT_bm_alloc)
                  00005ee8    00000020     driverlib.lib : setup.obj (.text:GetTrimForRcOscLfRtuneCtuneTrim$41)
                  00005f08    00000020                   : setup.obj (.text:GetTrimForXoscHfCtl$41)
                  00005f28    00000020     ICallBleAPI.obj (.text:ICall_allocMsg$14)
                  00005f48    00000020     ICallBleAPI.obj (.text:ICall_getEntityId$14)
                  00005f68    00000020     simpleBLEPeripheral.obj (.text:ICall_malloc$1)
                  00005f88    00000020     ICall.obj (.text:ICall_primService$12)
                  00005fa8    00000020     ICall.obj (.text:ICall_searchService$12)
                  00005fc8    00000020     UDMACC26XX.obj (.text:UDMACC26XX_initHw$11)
                  00005fe8    00000020     util.obj (.text:Util_dequeueMsg)
                  00006008    00000020     appBLE_pem3.oem3 (.text:ti_sysbios_BIOS_rtsLock__I)
                  00006028    00000020     sysbios.aem3 : mangled__BIOS_lib.obj (.text:ti_sysbios_family_arm_cc26xx_TimestampProvider_get32__E)
                  00006048    0000001e     ICall.obj (.text:ICall_primSendServiceMsg$12)
                  00006066    0000001e     PINCC26XX.obj (.text:PIN_close)
                  00006084    0000001e     main.obj (.text:main)
                  000060a2    0000001e     ICallBleAPI.obj (.text:matchHciCS$14)
                  000060c0    0000001e     ICallBleAPI.obj (.text:waitMatchCS$14)
                  000060de    00000002     --HOLE-- [fill = 0]
                  000060e0    0000001c     peripheral.obj (.text:GAPRole_StartDevice)
                  000060fc    0000001c     ICallBleAPI.obj (.text:GATT_bm_free)
                  00006118    0000001c     peripheral.obj (.text:ICall_wait$19)
                  00006134    0000001c     simpleBLEPeripheral.obj (.text:ICall_wait$1)
                  00006150    0000001c     PINCC26XX.obj (.text:PINCC26XX_setIoCfgMux$5)
                  0000616c    0000001c     peripheral.obj (.text:gapRole_HandleParamUpdateNoSuccess$19)
                  00006188    0000001c     ICallBleAPI.obj (.text:getStatusValueFromErrNo$14)
                  000061a4    0000001c     sysbios.aem3 : mangled__BIOS_lib.obj (.text:ti_sysbios_family_arm_cc26xx_Power_unregisterNotify__E)
                  000061c0    0000001a     ICall.obj (.text:ICall_enterCSImpl)
                  000061da    0000001a     ICall.obj (.text:ICall_primSetTimerMSecs$12)
                  000061f4    0000001a     driverlib.lib : osc.obj (.text:OSCHF_TurnOnXosc)
                  0000620e    0000001a     simpleBLEPeripheral.obj (.text:SimpleBLEPeripheral_processAppMsg$1)
                  00006228    0000001a     ICallBleAPI.obj (.text:matchGattIndNotiCS$14)
                  00006242    00000018     driverlib.lib : chipinfo.obj (.text:ChipInfo_GetPackageType)
                  0000625a    00000002     --HOLE-- [fill = 0]
                  0000625c    00000018     peripheral.obj (.text:GAPRole_TerminateConnection)
                  00006274    00000018     ICallBleAPI.obj (.text:GATT_Notification)
                  0000628c    00000018     driverlib.lib : setup.obj (.text:GetTrimForAdcShModeEn$41)
                  000062a4    00000018                   : setup.obj (.text:GetTrimForAdcShVbufEn$41)
                  000062bc    00000018                   : setup.obj (.text:GetTrimForDblrLoopFilterResetVoltage$41)
                  000062d4    00000018                   : setup.obj (.text:GetTrimForRcOscLfIBiasTrim$41)
                  000062ec    00000018                   : setup.obj (.text:GetTrimForXoscHfIbiastherm$41)
                  00006304    00000018                   : setup.obj (.text:GetTrimForXoscLfRegulatorAndCmirrwrRatio$41)
                  0000631c    00000018     ICallCC2650.obj (.text:ICallPlatform_pwrDispense)
                  00006334    00000018     ICallCC2650.obj (.text:ICallPlatform_pwrRequire)
                  0000634c    00000018     simpleBLEPeripheral.obj (.text:ICall_free$1)
                  00006364    00000018     util.obj (.text:ICall_free$2)
                  0000637c    00000018     ICall.obj (.text:ICall_freeMsg$12)
                  00006394    00000018     ICallBleAPI.obj (.text:ICall_freeMsg$14)
                  000063ac    00000018     peripheral.obj (.text:ICall_freeMsg$19)
                  000063c4    00000018     simpleBLEPeripheral.obj (.text:ICall_freeMsg$1)
                  000063dc    00000018     ICall.obj (.text:ICall_initPrim$12)
                  000063f4    00000018     ICall.obj (.text:ICall_primMalloc$12)
                  0000640c    00000018     PINCC26XX.obj (.text:PIN_getConfig)
                  00006424    00000018     SPI.obj (.text:SPI_open)
                  0000643c    00000018     util.obj (.text:Util_constructQueue)
                  00006454    00000018     peripheral.obj (.text:gapRole_setEvent$19)
                  0000646c    00000018     rtsv7M3_T_le_eabi.lib : args_main.obj (.text)
                  00006484    00000018                           : ll_mul_t2.obj (.text)
                  0000649c    00000018     appBLE_pem3.oem3 (.text:ti_sysbios_BIOS_rtsUnlock__I)
                  000064b4    00000018     appBLE_pem3.oem3 (.text:ti_sysbios_family_arm_cc26xx_Power_RFCORECLKS)
                  000064cc    00000018     sysbios.aem3 : mangled__BIOS_lib.obj (.text:ti_sysbios_family_arm_cc26xx_Timer_getCount64__E)
                  000064e4    00000018     appBLE_pem3.oem3 (.text:ti_sysbios_rom_cortexm_cc26xx_CC26xx_checkRevision__E)
                  000064fc    00000016     driverlib.lib : setup.obj (.text:GetTrimForXoscHfFastStart$41)
                  00006512    00000016     ICall.obj (.text:ICall_abort$12)
                  00006528    00000016     ICall.obj (.text:ICall_leaveCSImpl)
                  0000653e    00000016     ICall.obj (.text:ICall_primStopTimer$12)
                  00006554    00000016     appBLE_pem3.oem3 (.text:ti_sysbios_BIOS_exitFunc__I)
                  0000656a    00000002     --HOLE-- [fill = 0]
                  0000656c    00000014     devinfoservice.obj (.text:DevInfo_AddService)
                  00006580    00000014     ICallCC2650.obj (.text:ICallPlatform_pwrIsStableXOSCHF)
                  00006594    00000014     LCDDogm1286.obj (.text:LCD_Params_init)
                  000065a8    00000014     SPICC26XXDMA.obj (.text:SPICC26XXDMA_init)
                  000065bc    00000014     SPI.obj (.text:SPI_Params_init)
                  000065d0    00000014     simpleBLEPeripheral.obj (.text:SimpleBLEPeripheral_clockHandler$1)
                  000065e4    00000014     simpleGATTprofile.obj (.text:SimpleProfile_RegisterAppCBs)
                  000065f8    00000014     driverlib.lib : chipinfo.obj (.text:ThisCodeIsBuiltForCC26xxHwRev22AndLater_HaltIfViolated)
                  0000660c    00000014     rtsv7M3_T_le_eabi.lib : _lock.obj (.text)
                  00006620    00000014                           : strlen.obj (.text)
                  00006634    00000014     ICallBleAPI.obj (.text:setICallCmdEvtHdr$14)
                  00006648    00000014     appBLE_pem3.oem3 (.text:ti_sysbios_knl_Clock_doTick__I)
                  0000665c    00000012     appBLE_pem3.oem3 (.text:xdc_runtime_Startup_exec__I)
                  0000666e    00000002     --HOLE-- [fill = 0]
                  00006670    00000010     devinfoservice.obj (.text:DevInfo_SetParameter)
                  00006680    00000010     ICallBleAPI.obj (.text:GAP_EndDiscoverable)
                  00006690    00000010     gattservapp_util.obj (.text:GATTServApp_ReadCharCfg)
                  000066a0    00000010     ICallCC2650.obj (.text:ICallPlatform_pwrGetXOSCStartupTime)
                  000066b0    00000010     ICall.obj (.text:ICall_primGetTickPeriod$12)
                  000066c0    00000010     ICall.obj (.text:ICall_taskEntry$12)
                  000066d0    00000010     LCDDogm1286.obj (.text:LCD_update)
                  000066e0    00000010     util.obj (.text:Util_isActive)
                  000066f0    0000000e     ICallCC2650.obj (.text:ICallPlatform_pwrGetTransitionState)
                  000066fe    0000000e     ICall.obj (.text:ICall_primDisableMInt$12)
                  0000670c    0000000e     ICall.obj (.text:ICall_primEnableMInt$12)
                  0000671a    0000000e     ICall.obj (.text:ICall_primFreeMsg$12)
                  00006728    0000000e     ICall.obj (.text:ICall_primGetTicks$12)
                  00006736    0000000e     driverlib.lib : vims.obj (.text:NOROM_VIMSModeGet)
                  00006744    0000000e                   : setup.obj (.text:SignExtendVddrTrimValue$41)
                  00006752    0000000e     simpleBLEPeripheral.obj (.text:SimpleBLEPeripheral_processStackMsg$1)
                  00006760    0000000e     rtsv7M3_T_le_eabi.lib : copy_decompress_none.obj (.text:decompress:none)
                  0000676e    0000000e     ICallBleAPI.obj (.text:matchGSARegisterServiceCS$14)
                  0000677c    0000000e     ICallBleAPI.obj (.text:matchGapLinkEstCS$14)
                  0000678a    0000000e     ICallBleAPI.obj (.text:matchGattSendRspCS$14)
                  00006798    0000000e     ICallBleAPI.obj (.text:matchLinkDBNumConnsCS$14)
                  000067a6    0000000e     ICallBleAPI.obj (.text:setDispatchCmdEvtHdr$14)
                  000067b4    0000000c     ICallBleAPI.obj (.text:GAP_MakeDiscoverable)
                  000067c0    0000000c     ICallBleAPI.obj (.text:GAP_TerminateAuth)
                  000067cc    0000000c     ICallBleAPI.obj (.text:GAP_UpdateLinkParamReq)
                  000067d8    0000000c     ICallBleAPI.obj (.text:GGS_SetParameter)
                  000067e4    0000000c     ICall.obj (.text:ICall_clockFunc$12)
                  000067f0    0000000c     ICall.obj (.text:ICall_primDisableInt$12)
                  000067fc    0000000c     ICall.obj (.text:ICall_primEnableInt$12)
                  00006808    0000000c     ICall.obj (.text:ICall_primFree$12)
                  00006814    0000000c     ICall.obj (.text:ICall_primSignal$12)
                  00006820    0000000c     driverlib.lib : cpu.obj (.text:NOROM_CPUcpsid)
                  0000682c    0000000c                   : cpu.obj (.text:NOROM_CPUcpsie)
                  00006838    0000000c     PINCC26XX.obj (.text:PIN_registerIntCb)
                  00006844    0000000c     util.obj (.text:Util_startClock)
                  00006850    0000000c     rtsv7M3_T_le_eabi.lib : copy_zero_init.obj (.text:decompress:ZI)
                  0000685c    0000000c     ICallBleAPI.obj (.text:matchProfileSetParamCS$14)
                  00006868    0000000c     SPICC26XXDMA.obj (.text:spiPostNotify$7)
                  00006874    0000000c     sysbios.aem3 : mangled__BIOS_lib.obj (.text:ti_sysbios_BIOS_getThreadType__E)
                  00006880    0000000c                  : mangled__BIOS_lib.obj (.text:ti_sysbios_family_arm_cc26xx_Power_getDependencyCount__E)
                  0000688c    0000000c                  : mangled__BIOS_lib.obj (.text:ti_sysbios_family_arm_cc26xx_Power_getTransitionState__E)
                  00006898    0000000c                  : mangled__BIOS_lib.obj (.text:ti_sysbios_hal_Hwi_Params__init__S)
                  000068a4    0000000c     appBLE_pem3.oem3 (.text:xdc_runtime_Startup_reset__I)
                  000068b0    0000000a     ICallCC2650.obj (.text:ICallPlatform_pwrSwitchXOSCHF)
                  000068ba    0000000a     ICall.obj (.text:ICall_primE2S$12)
                  000068c4    0000000a     SPI.obj (.text:SPI_transfer)
                  000068ce    0000000a     UDMACC26XX.obj (.text:UDMACC26XX_hwiIntFxn)
                  000068d8    00000008     ICallBleAPI.obj (.text:GATT_Indication)
                  000068e0    00000008     SPICC26XXDMA.obj (.text:SPICC26XXDMA_transferCallback$7)
                  000068e8    00000008     simpleBLEPeripheral.obj (.text:SimpleBLEPeripheral_charValueChangeCB$1)
                  000068f0    00000008     simpleBLEPeripheral.obj (.text:SimpleBLEPeripheral_stateChangeCB$1)
                  000068f8    00000008     ICallBleAPI.obj (.text:matchHciExtConnEventNoticeCS$14)
                  00006900    00000006     ICallBleAPI.obj (.text:GAP_RegisterForMsgs)
                  00006906    00000006     ICallBleAPI.obj (.text:GATT_RegisterForMsgs)
                  0000690c    00000006     ICallBleAPI.obj (.text:GGS_AddService)
                  00006912    00000006     ICall.obj (.text:ICall_mallocImpl)
                  00006918    00000006     driverlib.lib : cpu.obj (.text:NOROM_CPUdelay)
                  0000691e    00000006     sysbios.aem3 : mangled__BIOS_lib.obj (.text:__xdc__init)
                  00006924    00000006     rtsv7M3_T_le_eabi.lib : copy_decompress_rle.obj (.text:decompress:rle24)
                  0000692a    00000006     ICallBleAPI.obj (.text:gattAddService$14)
                  00006930    00000006     ICallBleAPI.obj (.text:matchBondMgrSetParamCS$14)
                  00006936    00000006     ICallBleAPI.obj (.text:matchGGSSetParamCS$14)
                  0000693c    00000006     ICallBleAPI.obj (.text:matchGapDeviceInitCS$14)
                  00006942    00000006     ICallBleAPI.obj (.text:matchGapEndDiscoverableCS$14)
                  00006948    00000006     ICallBleAPI.obj (.text:matchGapGetParamCS$14)
                  0000694e    00000006     ICallBleAPI.obj (.text:matchGapMakeDiscoverableCS$14)
                  00006954    00000006     ICallBleAPI.obj (.text:matchGapSetParamCS$14)
                  0000695a    00000006     ICallBleAPI.obj (.text:matchGapTerminateAuthCS$14)
                  00006960    00000006     ICallBleAPI.obj (.text:matchGapTerminateLinkReqCS$14)
                  00006966    00000006     ICallBleAPI.obj (.text:matchGapUpdateAdvDataCS$14)
                  0000696c    00000006     ICallBleAPI.obj (.text:matchGapUpdateLinkParamReqCS$14)
                  00006972    00000006     ICallBleAPI.obj (.text:matchUtilNvReadCS$14)
                  00006978    00000006     ICallBleAPI.obj (.text:matchUtilNvWriteCS$14)
                  0000697e    00000004     ICall.obj (.text:ICall_primAbort$12)
                  00006982    00000004     util.obj (.text:Util_stopClock)
                  00006986    00000004     peripheral.obj (.text:gapRole_SetupGAP$19)
                  0000698a    00000004     appBLE_pem3.oem3 (.text:ti_sysbios_family_arm_cc26xx_Power_NOP)
                  0000698e    00000004     sysbios.aem3 : mangled__BIOS_lib.obj (.text:ti_sysbios_knl_Clock_isActive__E)
                  00006992    00000002     --HOLE-- [fill = 0]
                  00006994    00000008     (.tramp.xdc_runtime_Core_assignParams__I.1)
                  0000699c    00000008     (.tramp.ti_sysbios_hal_Hwi_enableInterrupt__E.1)
                  000069a4    00000008     (.tramp.ti_sysbios_hal_Hwi_disableInterrupt__E.1)
                  000069ac    00000008     (.tramp.ti_sysbios_knl_Task_enable__E.1)
                  000069b4    00000008     (.tramp.ti_sysbios_family_arm_m3_Hwi_enableFxn__E.1)
                  000069bc    00000008     (.tramp.xdc_runtime_Startup_startMods__I.1)
                  000069c4    00000008     (.tramp.ti_sysbios_knl_Swi_post__E.1)
                  000069cc    00000008     (.tramp.ti_sysbios_knl_Clock_logTick__E.1)
                  000069d4    00000008     (.tramp.ti_sysbios_BIOS_RtsGateProxy_leave__E.1)
                  000069dc    00000008     (.tramp.ti_sysbios_knl_Queue_construct.1)
                  000069e4    00000008     (.tramp.ti_sysbios_knl_Queue_remove__E.1)
                  000069ec    00000008     (.tramp.ti_sysbios_BIOS_start__E.1)
                  000069f4    00000008     (.tramp.ti_sysbios_BIOS_RtsGateProxy_enter__E.1)
                  000069fc    00000008     (.tramp.ti_sysbios_knl_Queue_dequeue__E.1)
                  00006a04    00000008     (.tramp.ti_sysbios_knl_Task_startup__E.1)
                  00006a0c    00000008     (.tramp.ti_sysbios_knl_Swi_startup__E.1)
                  00006a14    00000008     (.tramp.ti_sysbios_hal_Hwi_startup__E.1)
                  00006a1c    00000008     (.tramp.ti_sysbios_family_arm_cc26xx_Timer_startup__E.1)
                  00006a24    00000008     (.tramp.xdc_runtime_System_atexit__E.1)
                  00006a2c    00000008     (.tramp.ti_sysbios_knl_Queue_enqueue__E.1)
                  00006a34    00000008     (.tramp.ti_sysbios_knl_Queue_put__E.1)
                  00006a3c    00000008     (.tramp.ti_sysbios_BIOS_setThreadType__E.1)
                  00006a44    00000008     (.tramp.ti_sysbios_hal_Hwi_create.1)
                  00006a4c    00000008     (.tramp.ti_sysbios_knl_Task_construct.1)
                  00006a54    00000008     (.tramp.xdc_runtime_System_exit__E.1)
                  00006a5c    00000008     (.tramp.ti_sysbios_knl_Clock_construct.1)
                  00006a64    00000008     (.tramp.ti_sysbios_knl_Semaphore_create.1)
                  00006a6c    00000008     (.tramp.ti_sysbios_knl_Semaphore_destruct.1)
                  00006a74    00000008     (.tramp.ti_sysbios_family_arm_m3_Hwi_destruct.1)
                  00006a7c    00000008     (.tramp.ti_sysbios_BIOS_getCpuFreq__E.1)
                  00006a84    00000008     (.tramp.ti_sysbios_knl_Task_sleep__E.1)
                  00006a8c    00000008     (.tramp.ti_sysbios_knl_Task_create.1)
                  00006a94    00000008     (.tramp.ti_sysbios_knl_Task_Params__init__S.1)
                  00006a9c    00000008     (.tramp.ti_sysbios_knl_Clock_create.1)
[...]
1001c249  ti_sysbios_BIOS_RtsGateProxy_enter__E                                     
1001c24d  ti_sysbios_BIOS_RtsGateProxy_leave__E                                     
1001c251  ti_sysbios_family_arm_cc26xx_Timer_getExpiredTicks__E                     
1001c255  ti_sysbios_family_arm_cc26xx_Timer_getPeriod__E                           
1001c259  ti_sysbios_family_arm_cc26xx_Timer_setPeriod__E                           
1001c25d  ti_sysbios_family_arm_m3_Hwi_delete                                       
1001c261  ti_sysbios_family_arm_m3_Hwi_destruct                                     
1001c265  ti_sysbios_family_arm_m3_TaskSupport_Module__startupDone__S               
1001c269  ti_sysbios_gates_GateHwi_query__E                                         
1001c269  xdc_runtime_System_Module_GateProxy_query__E                              
1001c26d  ti_sysbios_gates_GateMutex_delete                                         
1001c271  ti_sysbios_gates_GateMutex_destruct                                       
1001c275  ti_sysbios_BIOS_RtsGateProxy_query__E                                     
1001c275  ti_sysbios_gates_GateMutex_query__E                                       
1001c275  ti_sysbios_heaps_HeapMem_Module_GateProxy_query__E                        
1001c279  ti_sysbios_hal_Hwi_HwiProxy_Module__startupDone__S                        
1001c27d  ti_sysbios_hal_Hwi_HwiProxy_delete                                        
1001c281  ti_sysbios_hal_Hwi_HwiProxy_disableInterrupt__E                           
1001c281  ti_sysbios_hal_Hwi_disableInterrupt__E                                    
1001c285  ti_sysbios_hal_Hwi_HwiProxy_enableInterrupt__E                            
1001c285  ti_sysbios_hal_Hwi_enableInterrupt__E                                     
1001c289  ti_sysbios_hal_Hwi_HwiProxy_getStackInfo__E                               
1001c289  ti_sysbios_hal_Hwi_getStackInfo__E                                        
1001c28d  ti_sysbios_hal_Hwi_HwiProxy_startup__E                                    
1001c28d  ti_sysbios_hal_Hwi_startup__E                                             
1001c291  ti_sysbios_hal_Hwi_HwiProxy_switchFromBootStack__E                        
1001c295  ti_sysbios_hal_Hwi_delete                                                 
1001c299  ti_sysbios_hal_Hwi_switchFromBootStack__E                                 
1001c29d  ti_sysbios_heaps_HeapMem_Module_GateProxy_enter__E                        
1001c2a1  ti_sysbios_heaps_HeapMem_Module_GateProxy_leave__E                        
1001c2a5  ti_sysbios_heaps_HeapMem_isBlocking__E                                    
1001c2a9  ti_sysbios_knl_Clock_TimerProxy_Module__startupDone__S                    
1001c2ad  ti_sysbios_knl_Clock_TimerProxy_getExpiredTicks__E                        
1001c2b1  ti_sysbios_knl_Clock_TimerProxy_getPeriod__E                              
1001c2b5  ti_sysbios_knl_Clock_delete                                               
1001c2b9  ti_sysbios_knl_Clock_destruct                                             
1001c2bd  ti_sysbios_knl_Clock_removeI__E                                           
1001c2c1  ti_sysbios_knl_Clock_setTimeout__E                                        
1001c2c5  ti_sysbios_knl_Mailbox_delete                                             
1001c2c9  ti_sysbios_knl_Mailbox_destruct                                           
1001c2cd  ti_sysbios_knl_Queue_delete                                               
1001c2d1  ti_sysbios_knl_Queue_destruct                                             
1001c2d5  ti_sysbios_knl_Queue_head__E                                              
1001c2d9  ti_sysbios_knl_Queue_next__E                                              
1001c2dd  ti_sysbios_knl_Semaphore_delete                                           
1001c2e1  ti_sysbios_knl_Semaphore_destruct                                         
1001c2e5  ti_sysbios_knl_Swi_delete                                                 
1001c2e9  ti_sysbios_knl_Swi_destruct                                               
1001c2ed  ti_sysbios_knl_Swi_postInit__I                                            
1001c2f1  ti_sysbios_knl_Task_SupportProxy_Module__startupDone__S                   
1001c2f5  ti_sysbios_knl_Task_SupportProxy_getStackAlignment__E                     
1001c2f9  ti_sysbios_knl_Task_SupportProxy_start__E                                 
1001c2fd  ti_sysbios_knl_Task_SupportProxy_swap__E                                  
1001c301  ti_sysbios_knl_Task_delete                                                
1001c305  ti_sysbios_knl_Task_destruct                                              
1001c309  ti_sysbios_knl_Task_startup__E                                            
1001c30d  xdc_runtime_Startup_startMods__I                                          
1001c405  xdc_runtime_Core_createObject__I                                          
1001c487  xdc_runtime_Error_policySpin__E                                           
1001c489  xdc_runtime_Memory_alloc__E                                               
1001c4f9  xdc_runtime_Core_deleteObject__I                                          
1001c559  xdc_runtime_Startup_exec__E                                               
1001c5a9  xdc_runtime_Assert_raise__I                                               
1001c5f1  xdc_runtime_Core_assignParams__I                                          
1001c639  xdc_runtime_Core_constructObject__I                                       
1001c681  xdc_runtime_System_atexit__E                                              
1001c6b9  xdc_runtime_System_processAtExit__E                                       
1001c6ed  xdc_runtime_Core_assignLabel__I                                           
1001c71d  xdc_runtime_Text_cordText__E                                              
1001c749  xdc_runtime_System_abort__E                                               
1001c769  xdc_runtime_Error_raiseX__E                                               
1001c785  xdc_runtime_Memory_valloc__E                                              
1001c7a1  xdc_runtime_Core_destructObject__I                                        
1001c7b9  xdc_runtime_Error_check__E                                                
1001c7d1  xdc_runtime_System_exit__E                                                
1001c7e9  xdc_runtime_Text_ropeText__E                                              
1001c801  xdc_runtime_Memory_free__E                                                
1001c811  xdc_runtime_SysCallback_abort__E                                          
1001c821  xdc_runtime_SysCallback_exit__E                                           
1001c831  xdc_runtime_Timestamp_SupportProxy_get32__E                               
1001c831  xdc_runtime_Timestamp_get32__E                                            
1001c841  xdc_runtime_Error_init__E                                                 
1001c84d  xdc_runtime_Memory_calloc__E                                              
1001c859  xdc_runtime_Memory_getMaxDefaultTypeAlign__E                              
1001c879  xdc_runtime_Gate_leaveSystem__E                                           
1001c87f  xdc_runtime_System_Module_startup__E                                      
1001c885  xdc_runtime_Gate_enterSystem__E                                           
1001c889  xdc_runtime_Memory_HeapProxy_alloc__E                                     
1001c88d  xdc_runtime_Memory_HeapProxy_free__E                                      
1001c891  xdc_runtime_System_Module_GateProxy_enter__E                              
1001c895  xdc_runtime_System_Module_GateProxy_leave__E                              
1001c899  xdc_runtime_System_abortSpin__E                                           
1001c89b  xdc_runtime_System_exitSpin__E                                            
1001c89d  ti_sysbios_family_arm_m3_Hwi_dispatch__I                                  
1001c96d  ti_sysbios_family_arm_m3_TaskSupport_buildTaskStack                       
1001c9b9  ti_sysbios_family_arm_m3_Hwi_initStacks__E                                
1001ca01  ti_sysbios_family_arm_m3_Hwi_excHandlerAsm__I                             
1001ca21  ti_sysbios_family_xxx_Hwi_switchAndRunFunc                                
1001ca3f  ti_sysbios_family_arm_m3_Hwi_pendSV__I                                    
1001ca57  ti_sysbios_family_arm_m3_Hwi_return                                       
1001ca59  ti_sysbios_family_arm_m3_TaskSupport_glue                                 
1001ca69  ti_sysbios_family_arm_m3_TaskSupport_swap__E                              
1001ca71  ti_sysbios_knl_Task_swapReturn                                            
1001ca9b  ti_sysbios_rom_cortexm_cc26xx_CC26xx_getRevision__E                       
20000000  ti_sysbios_family_arm_m3_Hwi_ramVectors                                   
20000100  ti_sysbios_knl_Task_Module__state__V                                      
20000144  ti_sysbios_family_arm_m3_Hwi_Module__state__V                             
20000178  ti_sysbios_knl_Clock_Module__state__V                                     
200001a4  ti_sysbios_BIOS_Module__state__V                                          
200001c8  ti_sysbios_knl_Swi_Module__state__V                                       
200001e4  ti_sysbios_family_arm_cc26xx_Timer_Module__state__V                       
200001ec  ti_sysbios_family_arm_cc26xx_TimestampProvider_Module__state__V           
200001f0  xdc_runtime_Startup_Module__state__V                                      
200001f8  xdc_runtime_System_Module__state__V                                       
20000200  xdc_runtime_Memory_Module__state__V                                       
20000f90  ti_sysbios_heaps_HeapMem_Instance_State_0_buf__A                          
20001610  ti_sysbios_knl_Task_Instance_State_0_stack__A                             
20001810  spiCC26XXDMAObjects                                                       
20001960  PIN_NumPins                                                               
200019c0  PIN_HandleTable                                                           
20001a3c  ti_sysbios_family_arm_m3_Hwi_dispatchTable                                
20001b04  lcdObject                                                                 
20001b34  UdmaObjects                                                               
20001b70  driverlib_release_0_43243                                                 
20001b79  count                                                                     
20001bb0  charValue1                                                                
20001c18  sbpTask                                                                   
20001c68  urgentWorkTask                                                            
20001db8  sbpTaskStack                                                              
20002074  lcdBuffer0                                                                
20002474  linkDBNumConns                                                            
20002588  gapRoleTask                                                               
200025d8  gapRoleTaskStack                                                          
20002b5c  ti_sysbios_family_arm_cc26xx_Power_refCount                               
20002b6f  ti_sysbios_family_arm_cc26xx_Power_constraintCounts                       
20002b74  ti_sysbios_family_arm_cc26xx_Power_resourceHandlers                       
20002b80  ti_sysbios_family_arm_cc26xx_Timer_Module__root__V                        
20002b88  ti_sysbios_family_arm_m3_Hwi_Module__root__V                              
20002b90  ti_sysbios_family_arm_m3_Hwi_Module_State_0_excActive__A                  
20002b94  ti_sysbios_family_arm_m3_Hwi_Module_State_0_excContext__A                 
20002b98  ti_sysbios_family_arm_m3_Hwi_Module_State_0_excStack__A                   
20002b9c  ti_sysbios_gates_GateHwi_Module__root__V                                  
20002ba4  ti_sysbios_gates_GateHwi_Object__table__V                                 
20002ba8  ti_sysbios_gates_GateMutex_Module__root__V                                
20002bb0  ti_sysbios_hal_Hwi_Module__root__V                                        
20002bb8  ti_sysbios_heaps_HeapMem_Module__root__V                                  
20002bc0  ti_sysbios_heaps_HeapMem_Object__table__V                                 
20002bd8  ti_sysbios_knl_Clock_Module__root__V                                      
20002be0  ti_sysbios_knl_Event_Module__root__V                                      
20002be8  ti_sysbios_knl_Mailbox_Module__root__V                                    
20002bf0  ti_sysbios_knl_Queue_Module__root__V                                      
20002bf8  ti_sysbios_knl_Semaphore_Module__root__V                                  
20002c00  ti_sysbios_knl_Semaphore_Object__table__V                                 
20002c14  ti_sysbios_knl_Swi_Module__root__V                                        
20002c1c  ti_sysbios_knl_Task_Module__root__V                                       
20002c24  ti_sysbios_knl_Task_Module_State_0_idleTask__A                            
20002c28  __xdc__init__addr                                                         
20002c2c  ICall_dispatcher                                                          
20002c34  ICall_enterCriticalSection                                                
20002c38  ICall_leaveCriticalSection                                                
20002cb8  ti_sysbios_family_arm_cc26xx_Power_Module__state__V                       
20002d28  rfRegTbl                                                                  
20002d7c  TSK_idle                                                                  
20002d7c  ti_sysbios_knl_Task_Object__table__V                                      
20002dc8  ti_sysbios_family_arm_cc26xx_Timer_Object__table__V                       
20002e14  hLCDPins                                                                  
20002e18  LCDPinTable                                                               
20002e20  LCDPinState                                                               
20002e2c  lcdBuffers                                                                
20002e50  BoardGpioInitTable                                                        
20002e8c  ti_sysbios_gates_GateMutex_Object__table__V                               
20002ec4  ti_sysbios_family_arm_m3_Hwi_Object__table__V                             
20002ef4  ti_sysbios_knl_Swi_Module_State_0_readyQ__A                               
20002f24  ti_sysbios_knl_Swi_Object__table__V                                       
20002f54  ti_sysbios_knl_Task_Module_State_0_readyQ__A                              
20002f84  user0Cfg                                                                  
20002fd0  lastAppOpcodeSent                                                         
20002fd4  pfnBMAlloc                                                                
20002fd8  pfnBMFree                                                                 
20002fe4  _lock                                                                     
20002fe8  _unlock                                                                   
20002fec  __TI_cleanup_ptr                                                          
20002ff0  __TI_dtors_ptr                                                            
20002ff4  main_func_sp                                                              
20003fe8  __stack                                                                   
200043e8  __STACK_END                                                               
200043e8  __STACK_TOP                                                               
e000e000  ti_sysbios_family_arm_m3_Hwi_nvic                                         
ffffffff  __binit__                                                                 
ffffffff  __c_args__                                                                
ffffffff  binit                                                                     
UNDEFED   SHT$$INIT_ARRAY$$Base                                                     
UNDEFED   SHT$$INIT_ARRAY$$Limit                                                    
UNDEFED   ti_sysbios_BIOS_RtsGateProxy_Handle__label__S__mangled__                  
UNDEFED   ti_sysbios_BIOS_RtsGateProxy_Object__delete__S__mangled__                 
UNDEFED   ti_sysbios_BIOS_RtsGateProxy_Params__init__S__mangled__                   
UNDEFED   ti_sysbios_BIOS_RtsGateProxy_query__E__mangled__                          
UNDEFED   ti_sysbios_hal_Hwi_HwiProxy_Module__startupDone__S__mangled__             
UNDEFED   ti_sysbios_hal_Hwi_HwiProxy_Object__delete__S__mangled__                  
UNDEFED   ti_sysbios_hal_Hwi_HwiProxy_Params__init__S__mangled__                    
UNDEFED   ti_sysbios_hal_Hwi_HwiProxy_disableInterrupt__E__mangled__                
UNDEFED   ti_sysbios_hal_Hwi_HwiProxy_enableInterrupt__E__mangled__                 
UNDEFED   ti_sysbios_hal_Hwi_HwiProxy_getStackInfo__E__mangled__                    
UNDEFED   ti_sysbios_hal_Hwi_HwiProxy_startup__E__mangled__                         
UNDEFED   ti_sysbios_hal_Hwi_HwiProxy_switchFromBootStack__E__mangled__             
UNDEFED   ti_sysbios_hal_Hwi_disableInterrupt__E__mangled__                         
UNDEFED   ti_sysbios_hal_Hwi_enableInterrupt__E__mangled__                          
UNDEFED   ti_sysbios_hal_Hwi_getStackInfo__E__mangled__                             
UNDEFED   ti_sysbios_hal_Hwi_startup__E__mangled__                                  
UNDEFED   ti_sysbios_hal_Hwi_switchFromBootStack__E__mangled__                      
UNDEFED   ti_sysbios_heaps_HeapMem_Module_GateProxy_Handle__label__S__mangled__     
UNDEFED   ti_sysbios_heaps_HeapMem_Module_GateProxy_Object__delete__S__mangled__    
UNDEFED   ti_sysbios_heaps_HeapMem_Module_GateProxy_Params__init__S__mangled__      
UNDEFED   ti_sysbios_heaps_HeapMem_Module_GateProxy_query__E__mangled__             
UNDEFED   ti_sysbios_knl_Clock_TimerProxy_Module__startupDone__S__mangled__         
UNDEFED   ti_sysbios_knl_Clock_TimerProxy_startup__E__mangled__                     
UNDEFED   ti_sysbios_knl_Task_SupportProxy_Module__startupDone__S__mangled__        
UNDEFED   ti_sysbios_knl_Task_SupportProxy_getStackAlignment__E__mangled__          
UNDEFED   ti_sysbios_knl_Task_SupportProxy_start__E__mangled__                      
UNDEFED   ti_sysbios_knl_Task_SupportProxy_swap__E__mangled__                       
UNDEFED   xdc_runtime_Main_Module_GateProxy_Handle__label__S                        
UNDEFED   xdc_runtime_Main_Module_GateProxy_Object__delete__S                       
UNDEFED   xdc_runtime_Main_Module_GateProxy_query__E                                
UNDEFED   xdc_runtime_Memory_HeapProxy_Handle__label__S__mangled__                  
UNDEFED   xdc_runtime_Memory_HeapProxy_Object__delete__S__mangled__                 
UNDEFED   xdc_runtime_System_Module_GateProxy_Handle__label__S__mangled__           
UNDEFED   xdc_runtime_System_Module_GateProxy_Object__delete__S__mangled__          
UNDEFED   xdc_runtime_System_Module_GateProxy_query__E__mangled__                   
UNDEFED   xdc_runtime_System_SupportProxy_abort__E                                  
UNDEFED   xdc_runtime_System_SupportProxy_exit__E                                   
UNDEFED   xdc_runtime_Timestamp_SupportProxy_get64__E__mangled__                    
UNDEFED   xdc_runtime_Timestamp_SupportProxy_getFreq__E__mangled__                  
UNDEFED   xdc_runtime_Timestamp_get32__E__mangled__                                 
UNDEFED   xdc_runtime_Timestamp_get64__E__mangled__                                 
UNDEFED   xdc_runtime_Timestamp_getFreq__E__mangled__                               

[848 symbols]
